2026-08-13 05:31:41: -- Analysis Started by On Schedule Min=30 Hour=5 
2026-08-13 05:31:41: L: Reading State File C:/rock/bannister/_gsdata_/_file_state_v4._gs
2026-08-13 05:31:44: R: Reading State File goodrive://www.googleapis.com/:personal:/bannister/_gsdata_/_file_state_v4._gs
2026-08-13 05:51:15: File ModTime changed but CheckSum remains the same, request CopyState: /Bannister/obj/Debug/net8.0-android/android/bin/classes/crc645d80431ce5f73f11/StartSingleSnapHelper.class
2026-08-13 05:51:15: Changes: 22, Conflicts: 0, CopyTime: 0, FixState: 1, Errors: 0, All: 22927
2026-08-13 05:51:15: Left to Right: Copy File: 22 
2026-08-13 05:51:15: == Sync Started by On Schedule Min=30 Hour=5 
2026-08-13 05:51:16: ConnectCloned connected to file:///C:/rock/bannister
2026-08-13 05:51:16: ConnectCloned connected to file:///C:/rock/bannister
2026-08-13 05:51:16: ConnectCloned connected to file:///C:/rock/bannister
2026-08-13 05:51:16: GsConnectAndSetRoot1 connected to goodrive://www.googleapis.com/:personal:/bannister
2026-08-13 05:51:16: GsConnectAndSetRoot1 connected to goodrive://www.googleapis.com/:personal:/bannister
2026-08-13 05:51:16: GsConnectAndSetRoot1 connected to goodrive://www.googleapis.com/:personal:/bannister
2026-08-13 05:51:22: Copy Over 'C:/rock/bannister/.vs/Bannister/v18/.suo' -> 'goodrive://www.googleapis.com/:personal:/bannister/.vs/Bannister/v18/.suo' (81,920)
2026-08-13 05:51:22: Copy Over 'C:/rock/bannister/.vs/Bannister/v18/DocumentLayout.json' -> 'goodrive://www.googleapis.com/:personal:/bannister/.vs/Bannister/v18/DocumentLayout.json' (17,863)
2026-08-13 05:51:22: > Copy Over 'C:/rock/bannister/.vs/Bannister/CopilotIndices/18.8.1096.64007/CodeChunks.db-wal' -> 'goodrive://www.googleapis.com/:personal:/bannister/.vs/Bannister/CopilotIndices/18.8.1096.64007/CodeChunks.db-wal' (4,218,912)
2026-08-13 05:51:23: Copy Over 'C:/rock/bannister/.vs/Bannister/v18/DocumentLayout.backup.json' -> 'goodrive://www.googleapis.com/:personal:/bannister/.vs/Bannister/v18/DocumentLayout.backup.json' (17,863)
2026-08-13 05:51:27: Copy Over 'C:/rock/bannister/.vs/Bannister/CopilotIndices/18.8.1096.64007/CodeChunks.db-shm' -> 'goodrive://www.googleapis.com/:personal:/bannister/.vs/Bannister/CopilotIndices/18.8.1096.64007/CodeChunks.db-shm' (32,768)
2026-08-13 05:51:28: Copy Over 'C:/rock/bannister/Bannister/bin/x64/Debug/net8.0-windows10.0.19041.0/AppxManifest.xml' -> 'goodrive://www.googleapis.com/:personal:/bannister/bannister/bin/x64/Debug/net8.0-windows10.0.19041.0/AppxManifest.xml' (2,821)
2026-08-13 05:51:29: C:/rock/bannister/.vs/Bannister/CopilotIndices/18.8.1096.64007/CodeChunks.db-wal: Source file has changed between Analyze and Sync from '[file] size=4,218,912 accu-time=2026-08-09 07:17:25 attr=Archive,WArchive cktype=0' to 'size=4,218,912 time=2026-08-12 21:20:07', noted in source file state
2026-08-13 05:51:29: < Copy Over 'C:/rock/bannister/.vs/Bannister/CopilotIndices/18.8.1096.64007/CodeChunks.db-wal' -> 'goodrive://www.googleapis.com/:personal:/bannister/.vs/Bannister/CopilotIndices/18.8.1096.64007/CodeChunks.db-wal' (4,218,912)
2026-08-13 05:51:31: Copy Over 'C:/rock/bannister/Bannister/bin/x64/Debug/net8.0-windows10.0.19041.0/AppX/AppxManifest.xml' -> 'goodrive://www.googleapis.com/:personal:/bannister/bannister/bin/x64/Debug/net8.0-windows10.0.19041.0/AppX/AppxManifest.xml' (2,821)
2026-08-13 05:51:32: Copy Over 'C:/rock/bannister/Bannister/bin/x64/Debug/net8.0-windows10.0.19041.0/AppX/vs.appxrecipe' -> 'goodrive://www.googleapis.com/:personal:/bannister/bannister/bin/x64/Debug/net8.0-windows10.0.19041.0/AppX/vs.appxrecipe' (72,682)
2026-08-13 05:51:32: > Copy Over 'C:/rock/bannister/.vs/Bannister/CopilotIndices/18.8.1096.64007/SemanticSymbols.db-wal' -> 'goodrive://www.googleapis.com/:personal:/bannister/.vs/Bannister/CopilotIndices/18.8.1096.64007/SemanticSymbols.db-wal' (4,527,912)
2026-08-13 05:51:33: Copy Over 'C:/rock/bannister/Bannister/bin/x64/Debug/net8.0-windows10.0.19041.0/Bannister.build.appxrecipe' -> 'goodrive://www.googleapis.com/:personal:/bannister/bannister/bin/x64/Debug/net8.0-windows10.0.19041.0/Bannister.build.appxrecipe' (60,573)
2026-08-13 05:51:35: Copy Over 'C:/rock/bannister/.vs/Bannister/CopilotIndices/18.8.1096.64007/SemanticSymbols.db-shm' -> 'goodrive://www.googleapis.com/:personal:/bannister/.vs/Bannister/CopilotIndices/18.8.1096.64007/SemanticSymbols.db-shm' (32,768)
2026-08-13 05:51:37: Copy Over 'C:/rock/bannister/.vs/Bannister/DesignTimeBuild/.dtbcache.v2' -> 'goodrive://www.googleapis.com/:personal:/bannister/.vs/Bannister/DesignTimeBuild/.dtbcache.v2' (202,053)
2026-08-13 05:51:37: C:/rock/bannister/.vs/Bannister/CopilotIndices/18.8.1096.64007/SemanticSymbols.db-wal: Source file has changed between Analyze and Sync from '[file] size=4,527,912 accu-time=2026-08-09 07:17:25 attr=Archive,WArchive cktype=0' to 'size=4,527,912 time=2026-08-12 21:20:07', noted in source file state
2026-08-13 05:51:37: < Copy Over 'C:/rock/bannister/.vs/Bannister/CopilotIndices/18.8.1096.64007/SemanticSymbols.db-wal' -> 'goodrive://www.googleapis.com/:personal:/bannister/.vs/Bannister/CopilotIndices/18.8.1096.64007/SemanticSymbols.db-wal' (4,527,912)
2026-08-13 05:51:39: Copy Over 'C:/rock/bannister/Bannister/obj/x64/Debug/net8.0-windows10.0.19041.0/Bannister.csproj.BuildWithSkipAnalyzers' -> 'goodrive://www.googleapis.com/:personal:/bannister/bannister/obj/x64/Debug/net8.0-windows10.0.19041.0/Bannister.csproj.BuildWithSkipAnalyzers' (0)
2026-08-13 05:51:40: Copy Over 'C:/rock/bannister/Bannister/obj/x64/Debug/net8.0-windows10.0.19041.0/embed/embed.resfiles.intermediate' -> 'goodrive://www.googleapis.com/:personal:/bannister/bannister/obj/x64/Debug/net8.0-windows10.0.19041.0/embed/embed.resfiles.intermediate' (27)
2026-08-13 05:51:41: Copy Over 'C:/rock/bannister/Bannister/obj/x64/Debug/net8.0-windows10.0.19041.0/excluded.layout.resfiles.intermediate' -> 'goodrive://www.googleapis.com/:personal:/bannister/bannister/obj/x64/Debug/net8.0-windows10.0.19041.0/excluded.layout.resfiles.intermediate' (0)
2026-08-13 05:51:43: Copy Over 'C:/rock/bannister/Bannister/obj/x64/Debug/net8.0-windows10.0.19041.0/filtered.layout.resfiles.intermediate' -> 'goodrive://www.googleapis.com/:personal:/bannister/bannister/obj/x64/Debug/net8.0-windows10.0.19041.0/filtered.layout.resfiles.intermediate' (2,329)
2026-08-13 05:51:44: Copy Over 'C:/rock/bannister/Bannister/obj/x64/Debug/net8.0-windows10.0.19041.0/pri.resfiles.intermediate' -> 'goodrive://www.googleapis.com/:personal:/bannister/bannister/obj/x64/Debug/net8.0-windows10.0.19041.0/pri.resfiles.intermediate' (386)
2026-08-13 05:51:45: Copy Over 'C:/rock/bannister/Bannister/obj/x64/Debug/net8.0-windows10.0.19041.0/priconfig.xml.intermediate' -> 'goodrive://www.googleapis.com/:personal:/bannister/bannister/obj/x64/Debug/net8.0-windows10.0.19041.0/priconfig.xml.intermediate' (3,154)
2026-08-13 05:51:48: Copy Over 'C:/rock/bannister/Bannister/obj/x64/Debug/net8.0-windows10.0.19041.0/resources.resfiles.intermediate' -> 'goodrive://www.googleapis.com/:personal:/bannister/bannister/obj/x64/Debug/net8.0-windows10.0.19041.0/resources.resfiles.intermediate' (0)
2026-08-13 05:51:48: Copy Over 'C:/rock/bannister/Bannister/obj/x64/Debug/net8.0-windows10.0.19041.0/Platforms/Windows/App.xaml' -> 'goodrive://www.googleapis.com/:personal:/bannister/bannister/obj/x64/Debug/net8.0-windows10.0.19041.0/Platforms/Windows/App.xaml' (304)
2026-08-13 05:51:48: Copy Over 'C:/rock/bannister/Bannister/obj/x64/Debug/net8.0-windows10.0.19041.0/unfiltered.layout.resfiles.intermediate' -> 'goodrive://www.googleapis.com/:personal:/bannister/bannister/obj/x64/Debug/net8.0-windows10.0.19041.0/unfiltered.layout.resfiles.intermediate' (2,329)
2026-08-13 05:51:51: Copy Over 'C:/rock/bannister/Bannister/obj/x64/Debug/net8.0-windows10.0.19041.0/XamlSaveStateFile.xml' -> 'goodrive://www.googleapis.com/:personal:/bannister/bannister/obj/x64/Debug/net8.0-windows10.0.19041.0/XamlSaveStateFile.xml' (834)
2026-08-13 05:51:51: Save State File C:/rock/bannister/_gsdata_/_file_state_v4._gs
2026-08-13 05:51:54: Save State File goodrive://www.googleapis.com/:personal:/bannister/_gsdata_/_file_state_v4._gs
2026-08-13 05:51:55: Deleted Recycled: goodrive://www.googleapis.com/:personal:/bannister/_gsdata_/_saved_/.vs/Bannister/FileContentIndex/6365f330-32d3-4d3e-8d57-6e738c3b9d4f.vsidx
2026-08-13 05:51:56: Deleted Recycled: goodrive://www.googleapis.com/:personal:/bannister/_gsdata_/_saved_/.vs/Bannister/FileContentIndex/c5111493-c574-44d1-a3c5-e31c57273731.vsidx
2026-08-13 05:51:56: Deleted Recycled: goodrive://www.googleapis.com/:personal:/bannister/_gsdata_/_saved_/.vs/Bannister/FileContentIndex/ddd00fb0-6088-4adf-a63b-cc3f3939c03a.vsidx
2026-08-13 05:51:57: Deleted Recycled: goodrive://www.googleapis.com/:personal:/bannister/_gsdata_/_saved_/bannister/Services/AllowanceService.cs
2026-08-13 05:51:58: Deleted Recycled: goodrive://www.googleapis.com/:personal:/bannister/_gsdata_/_saved_/bannister/Services/SubActivityService.cs
2026-08-13 05:51:59: Deleted Recycled: goodrive://www.googleapis.com/:personal:/bannister/_gsdata_/_saved_/bannister/Views/AllowancesPage.cs
2026-08-13 05:51:59: Deleted Recycled: goodrive://www.googleapis.com/:personal:/bannister/_gsdata_/_saved_/bannister/Views/SubActivitiesPage.cs
2026-08-13 05:55:48: == Sync Complete. Time: 00:04:32, Speed: 245.12 KB/s, OK: 23, Errors: 0
