2026-09-26 05:31:18: -- Analysis Started by On Schedule Min=30 Hour=5 
2026-09-26 05:31:18: L: Reading State File C:/rock/bannister/_gsdata_/_file_state_v4._gs
2026-09-26 05:31:22: R: Reading State File goodrive://www.googleapis.com/:personal:/bannister/_gsdata_/_file_state_v4._gs
2026-09-26 05:31:24: Changes: 183, Conflicts: 0, CopyTime: 0, FixState: 0, Errors: 0, All: 26496
2026-09-26 05:31:24: Left to Right: Copy File: 180 Delete File: 3 
2026-09-26 05:31:25: == Sync Started by On Schedule Min=30 Hour=5 
2026-09-26 05:31:25: ConnectCloned connected to file:///C:/rock/bannister
2026-09-26 05:31:25: ConnectCloned connected to file:///C:/rock/bannister
2026-09-26 05:31:25: ConnectCloned connected to file:///C:/rock/bannister
2026-09-26 05:31:25: GsConnectAndSetRoot1 connected to goodrive://www.googleapis.com/:personal:/bannister
2026-09-26 05:31:25: GsConnectAndSetRoot1 connected to goodrive://www.googleapis.com/:personal:/bannister
2026-09-26 05:31:25: GsConnectAndSetRoot1 connected to goodrive://www.googleapis.com/:personal:/bannister
2026-09-26 05:31:30: Copy Over 'C:/rock/bannister/.git/COMMIT_EDITMSG' -> 'goodrive://www.googleapis.com/:personal:/bannister/.git/COMMIT_EDITMSG' (323)
2026-09-26 05:31:30: Copy Over 'C:/rock/bannister/.git/index' -> 'goodrive://www.googleapis.com/:personal:/bannister/.git/index' (53,427)
2026-09-26 05:31:30: > Copy Over 'C:/rock/bannister/.vs/Bannister/CopilotIndices/18.8.1106.51376/CodeChunks.db' -> 'goodrive://www.googleapis.com/:personal:/bannister/.vs/Bannister/CopilotIndices/18.8.1106.51376/CodeChunks.db' (6,668,288)
2026-09-26 05:31:31: Copy Over 'C:/rock/bannister/.git/logs/HEAD' -> 'goodrive://www.googleapis.com/:personal:/bannister/.git/logs/HEAD' (863,937)
2026-09-26 05:31:31: > Copy Over 'C:/rock/bannister/.vs/Bannister/CopilotIndices/18.8.1106.51376/CodeChunks.db-wal' -> 'goodrive://www.googleapis.com/:personal:/bannister/.vs/Bannister/CopilotIndices/18.8.1106.51376/CodeChunks.db-wal' (4,276,592)
2026-09-26 05:31:34: < Copy Over 'C:/rock/bannister/.vs/Bannister/CopilotIndices/18.8.1106.51376/CodeChunks.db' -> 'goodrive://www.googleapis.com/:personal:/bannister/.vs/Bannister/CopilotIndices/18.8.1106.51376/CodeChunks.db' (6,668,288)
2026-09-26 05:31:35: Copy Over 'C:/rock/bannister/.git/logs/refs/heads/main' -> 'goodrive://www.googleapis.com/:personal:/bannister/.git/logs/refs/heads/main' (863,937)
2026-09-26 05:31:35: C:/rock/bannister/.vs/Bannister/CopilotIndices/18.8.1106.51376/CodeChunks.db-wal: Source file has changed between Analyze and Sync from '[file] size=4,276,592 accu-time=2026-09-25 20:00:53 attr=Archive,WArchive cktype=0' to 'size=4,276,592 time=2026-09-25 21:01:43', noted in source file state
2026-09-26 05:31:35: < Copy Over 'C:/rock/bannister/.vs/Bannister/CopilotIndices/18.8.1106.51376/CodeChunks.db-wal' -> 'goodrive://www.googleapis.com/:personal:/bannister/.vs/Bannister/CopilotIndices/18.8.1106.51376/CodeChunks.db-wal' (4,276,592)
2026-09-26 05:31:36: Delete File goodrive://www.googleapis.com/:personal:/bannister/.vs/Bannister/FileContentIndex/0784b276-a470-404b-877f-fd842d66d0b0.vsidx
2026-09-26 05:31:36: CopyFileSimple: OpenDownload: ERR: Cannot open file C:/rock/bannister/.vs/Bannister/FileContentIndex/495fff1d-91df-42b4-ae1b-f7ec79887fc4.vsidx: cannot open file 'C:/rock/bannister/.vs/Bannister/FileContentIndex/495fff1d-91df-42b4-ae1b-f7ec79887fc4.vsidx': The process cannot access the file because it is being used by another process.  (error 32)
2026-09-26 05:31:36: Creating Snapshot of Volume 'C:' because this file is locked: C:/rock/bannister/.vs/Bannister/FileContentIndex/495fff1d-91df-42b4-ae1b-f7ec79887fc4.vsidx
2026-09-26 05:31:36: Connecting to Elevated Local GoodSync Server to complete operation
2026-09-26 05:31:36: LOCAL C:(127.0.0.1) -> S:127.0.0.1:33333
2026-09-26 05:31:38: Copy Over 'C:/rock/bannister/.git/logs/refs/remotes/origin/main' -> 'goodrive://www.googleapis.com/:personal:/bannister/.git/logs/refs/remotes/origin/main' (93,318)
2026-09-26 05:31:38: CopyFileSimple: OpenDownload: ERR: Cannot open file C:/rock/bannister/.vs/Bannister/FileContentIndex/508e79fe-a1a2-4664-b7a1-23c1499c3c36.vsidx: cannot open file 'C:/rock/bannister/.vs/Bannister/FileContentIndex/508e79fe-a1a2-4664-b7a1-23c1499c3c36.vsidx': The process cannot access the file because it is being used by another process.  (error 32)
2026-09-26 05:31:39: Created Snapshot of Volume 'C:' at '/GLOBALROOT/Device/HarddiskVolumeShadowCopy27', Elevated
2026-09-26 05:31:39: Open File Snap GetShadow: AbsPath=/GLOBALROOT/Device/HarddiskVolumeShadowCopy27/rock/bannister/.vs/Bannister/FileContentIndex/495fff1d-91df-42b4-ae1b-f7ec79887fc4.vsidx SnapshotPath=/GLOBALROOT/Device/HarddiskVolumeShadowCopy27 SnapVolume=C:
2026-09-26 05:31:39: Open File Snap GetShadow: AbsPath=/GLOBALROOT/Device/HarddiskVolumeShadowCopy27/rock/bannister/.vs/Bannister/FileContentIndex/508e79fe-a1a2-4664-b7a1-23c1499c3c36.vsidx SnapshotPath=/GLOBALROOT/Device/HarddiskVolumeShadowCopy27 SnapVolume=C:
2026-09-26 05:31:39: Copy Over 'C:/rock/bannister/.vs/Bannister/DesignTimeBuild/.dtbcache.v2' -> 'goodrive://www.googleapis.com/:personal:/bannister/.vs/Bannister/DesignTimeBuild/.dtbcache.v2' (208,846)
2026-09-26 05:31:40: Delete File goodrive://www.googleapis.com/:personal:/bannister/.vs/Bannister/FileContentIndex/8c340ebb-40fd-43e2-ad4b-082a40053502.vsidx
2026-09-26 05:31:41: Delete File goodrive://www.googleapis.com/:personal:/bannister/.vs/Bannister/FileContentIndex/9d4b8490-d7f3-4802-b3aa-d7d97982abd9.vsidx
2026-09-26 05:31:41: CopyFileSimple: OpenDownload: ERR: Cannot open file C:/rock/bannister/.vs/Bannister/FileContentIndex/ba20fcbb-1526-4fde-93cc-c291b8e7721a.vsidx: cannot open file 'C:/rock/bannister/.vs/Bannister/FileContentIndex/ba20fcbb-1526-4fde-93cc-c291b8e7721a.vsidx': The process cannot access the file because it is being used by another process.  (error 32)
2026-09-26 05:31:41: Open File Snap GetShadow: AbsPath=/GLOBALROOT/Device/HarddiskVolumeShadowCopy27/rock/bannister/.vs/Bannister/FileContentIndex/ba20fcbb-1526-4fde-93cc-c291b8e7721a.vsidx SnapshotPath=/GLOBALROOT/Device/HarddiskVolumeShadowCopy27 SnapVolume=C:
2026-09-26 05:31:41: Copy New 'C:/rock/bannister/.vs/Bannister/FileContentIndex/508e79fe-a1a2-4664-b7a1-23c1499c3c36.vsidx' -> 'goodrive://www.googleapis.com/:personal:/bannister/.vs/Bannister/FileContentIndex/508e79fe-a1a2-4664-b7a1-23c1499c3c36.vsidx' (724,044)
2026-09-26 05:31:42: Copy New 'C:/rock/bannister/.vs/Bannister/FileContentIndex/495fff1d-91df-42b4-ae1b-f7ec79887fc4.vsidx' -> 'goodrive://www.googleapis.com/:personal:/bannister/.vs/Bannister/FileContentIndex/495fff1d-91df-42b4-ae1b-f7ec79887fc4.vsidx' (243,174)
2026-09-26 05:31:43: Copy New 'C:/rock/bannister/.vs/Bannister/FileContentIndex/ba20fcbb-1526-4fde-93cc-c291b8e7721a.vsidx' -> 'goodrive://www.googleapis.com/:personal:/bannister/.vs/Bannister/FileContentIndex/ba20fcbb-1526-4fde-93cc-c291b8e7721a.vsidx' (248,068)
2026-09-26 05:31:44: Copy New 'C:/rock/bannister/.git/objects/00/b5c5539a420a6c536c47dba35cd4da911e11e5' -> 'goodrive://www.googleapis.com/:personal:/bannister/.git/objects/00/b5c5539a420a6c536c47dba35cd4da911e11e5' (5,089)
2026-09-26 05:31:45: Copy Over 'C:/rock/bannister/.vs/Bannister/v18/.suo' -> 'goodrive://www.googleapis.com/:personal:/bannister/.vs/Bannister/v18/.suo' (96,768)
2026-09-26 05:31:46: Copy New 'C:/rock/bannister/.git/objects/02/32045274a56cb207dc8412eeedbacfa6d959ec' -> 'goodrive://www.googleapis.com/:personal:/bannister/.git/objects/02/32045274a56cb207dc8412eeedbacfa6d959ec' (14,553)
2026-09-26 05:31:46: Copy New 'C:/rock/bannister/.git/objects/11/fdefde20bf7fb43ad49936000afe62fc53e06a' -> 'goodrive://www.googleapis.com/:personal:/bannister/.git/objects/11/fdefde20bf7fb43ad49936000afe62fc53e06a' (292)
2026-09-26 05:31:47: Copy New 'C:/rock/bannister/.git/objects/2d/896555222edb99735f6da6d6a46f88236bf75a' -> 'goodrive://www.googleapis.com/:personal:/bannister/.git/objects/2d/896555222edb99735f6da6d6a46f88236bf75a' (5,090)
2026-09-26 05:31:48: Copy New 'C:/rock/bannister/.git/objects/2e/32915e6ea8cb5507e215081f5855ae6fe03452' -> 'goodrive://www.googleapis.com/:personal:/bannister/.git/objects/2e/32915e6ea8cb5507e215081f5855ae6fe03452' (1,897)
2026-09-26 05:31:48: Copy New 'C:/rock/bannister/.git/objects/31/c70e695ffcda0fdb119e3b70803c6dd6f3f4a0' -> 'goodrive://www.googleapis.com/:personal:/bannister/.git/objects/31/c70e695ffcda0fdb119e3b70803c6dd6f3f4a0' (12,192)
2026-09-26 05:31:49: Copy New 'C:/rock/bannister/.git/objects/2e/39bbe34d90b767aaccdbf99c3869973de96b71' -> 'goodrive://www.googleapis.com/:personal:/bannister/.git/objects/2e/39bbe34d90b767aaccdbf99c3869973de96b71' (5,087)
2026-09-26 05:31:50: Copy New 'C:/rock/bannister/.git/objects/3b/9e072b1e1c01589594c5bf53d82df01fd4518f' -> 'goodrive://www.googleapis.com/:personal:/bannister/.git/objects/3b/9e072b1e1c01589594c5bf53d82df01fd4518f' (517)
2026-09-26 05:31:50: Copy New 'C:/rock/bannister/.git/objects/6e/8b6f34dacb8a0f4861bdeb2e57a2923036c9c8' -> 'goodrive://www.googleapis.com/:personal:/bannister/.git/objects/6e/8b6f34dacb8a0f4861bdeb2e57a2923036c9c8' (517)
2026-09-26 05:31:51: Copy New 'C:/rock/bannister/.git/objects/77/9f17c4defb7537617a9b6200127d39f604fd90' -> 'goodrive://www.googleapis.com/:personal:/bannister/.git/objects/77/9f17c4defb7537617a9b6200127d39f604fd90' (517)
2026-09-26 05:31:52: Copy New 'C:/rock/bannister/.git/objects/93/7adf4f1ca5697ce7adc598d4aca2e47bc33638' -> 'goodrive://www.googleapis.com/:personal:/bannister/.git/objects/93/7adf4f1ca5697ce7adc598d4aca2e47bc33638' (14,553)
2026-09-26 05:31:53: Copy New 'C:/rock/bannister/.git/objects/84/b0276b919fdc93e6fbd62d32a69fedc2cbbf59' -> 'goodrive://www.googleapis.com/:personal:/bannister/.git/objects/84/b0276b919fdc93e6fbd62d32a69fedc2cbbf59' (488)
2026-09-26 05:31:53: Copy New 'C:/rock/bannister/.git/objects/9d/5b6dd50da07ed4990a2466884cf86430b4237f' -> 'goodrive://www.googleapis.com/:personal:/bannister/.git/objects/9d/5b6dd50da07ed4990a2466884cf86430b4237f' (5,087)
2026-09-26 05:31:54: Copy New 'C:/rock/bannister/.git/objects/a1/db1532f4960b9cf6a57cb8684568858a397781' -> 'goodrive://www.googleapis.com/:personal:/bannister/.git/objects/a1/db1532f4960b9cf6a57cb8684568858a397781' (325)
2026-09-26 05:31:55: Copy New 'C:/rock/bannister/.git/objects/ad/f7bbe2654c53bc553fcea861997ef2633a8f24' -> 'goodrive://www.googleapis.com/:personal:/bannister/.git/objects/ad/f7bbe2654c53bc553fcea861997ef2633a8f24' (488)
2026-09-26 05:31:55: Copy New 'C:/rock/bannister/.git/objects/a9/b051a2104104f8c1738b1365c7b1f4478a58c5' -> 'goodrive://www.googleapis.com/:personal:/bannister/.git/objects/a9/b051a2104104f8c1738b1365c7b1f4478a58c5' (487)
2026-09-26 05:31:57: Copy New 'C:/rock/bannister/.git/objects/c4/41441de817760f829fd0010cada489bb76e10a' -> 'goodrive://www.googleapis.com/:personal:/bannister/.git/objects/c4/41441de817760f829fd0010cada489bb76e10a' (332)
2026-09-26 05:31:57: Copy New 'C:/rock/bannister/.git/objects/c7/5d4d7336ccc1f4c020bad24936232127be042e' -> 'goodrive://www.googleapis.com/:personal:/bannister/.git/objects/c7/5d4d7336ccc1f4c020bad24936232127be042e' (643)
2026-09-26 05:31:57: Copy New 'C:/rock/bannister/.git/objects/da/650ae30cb39518900d35660276efea5d3934bc' -> 'goodrive://www.googleapis.com/:personal:/bannister/.git/objects/da/650ae30cb39518900d35660276efea5d3934bc' (112)
2026-09-26 05:31:59: Copy New 'C:/rock/bannister/.git/objects/e1/ad3e86fec6ce707ebb02339a8dd613638455bd' -> 'goodrive://www.googleapis.com/:personal:/bannister/.git/objects/e1/ad3e86fec6ce707ebb02339a8dd613638455bd' (514,571)
2026-09-26 05:31:59: Copy New 'C:/rock/bannister/.git/objects/dc/db09aa41b7fc49062b8fbd3bee1617df7de2f0' -> 'goodrive://www.googleapis.com/:personal:/bannister/.git/objects/dc/db09aa41b7fc49062b8fbd3bee1617df7de2f0' (488)
2026-09-26 05:31:59: Copy New 'C:/rock/bannister/.git/objects/dc/d40d9f2819016045c23ab8de02f7898206dbc8' -> 'goodrive://www.googleapis.com/:personal:/bannister/.git/objects/dc/d40d9f2819016045c23ab8de02f7898206dbc8' (644)
2026-09-26 05:32:01: Copy New 'C:/rock/bannister/.git/objects/f6/7db54de243aca28fceb36e2c97eda499774aed' -> 'goodrive://www.googleapis.com/:personal:/bannister/.git/objects/f6/7db54de243aca28fceb36e2c97eda499774aed' (6,130)
2026-09-26 05:32:01: Copy New 'C:/rock/bannister/.git/objects/f6/2d213ff9c261b9d692fa6c9eaa8245cc95c5e0' -> 'goodrive://www.googleapis.com/:personal:/bannister/.git/objects/f6/2d213ff9c261b9d692fa6c9eaa8245cc95c5e0' (643)
2026-09-26 05:32:02: Copy New 'C:/rock/bannister/.git/objects/f3/0db9b842e6ed09feaf8a8ad73f16d6b6cc689c' -> 'goodrive://www.googleapis.com/:personal:/bannister/.git/objects/f3/0db9b842e6ed09feaf8a8ad73f16d6b6cc689c' (644)
2026-09-26 05:32:04: Copy New 'C:/rock/bannister/.git/objects/fe/cc1609d20879aecb9b77d0a81d11366bdaec84' -> 'goodrive://www.googleapis.com/:personal:/bannister/.git/objects/fe/cc1609d20879aecb9b77d0a81d11366bdaec84' (722)
2026-09-26 05:32:04: Copy New 'C:/rock/bannister/.git/objects/fb/407f4409285aed25744919364786556cfaf1ef' -> 'goodrive://www.googleapis.com/:personal:/bannister/.git/objects/fb/407f4409285aed25744919364786556cfaf1ef' (6,334)
2026-09-26 05:32:06: Copy New 'C:/rock/bannister/.git/objects/ff/783ee4c26767c98bbe1cae02a54bc239afc24e' -> 'goodrive://www.googleapis.com/:personal:/bannister/.git/objects/ff/783ee4c26767c98bbe1cae02a54bc239afc24e' (349)
2026-09-26 05:32:08: Copy Over 'C:/rock/bannister/.vs/Bannister/v18/DocumentLayout.backup.json' -> 'goodrive://www.googleapis.com/:personal:/bannister/.vs/Bannister/v18/DocumentLayout.backup.json' (19,586)
2026-09-26 05:32:08: Copy Over 'C:/rock/bannister/.vs/Bannister/v18/DocumentLayout.json' -> 'goodrive://www.googleapis.com/:personal:/bannister/.vs/Bannister/v18/DocumentLayout.json' (19,586)
2026-09-26 05:32:09: Copy Over 'C:/rock/bannister/.git/refs/heads/main' -> 'goodrive://www.googleapis.com/:personal:/bannister/.git/refs/heads/main' (41)
2026-09-26 05:32:09: > Copy Over 'C:/rock/bannister/Bannister/bin/x64/Release/net8.0-windows10.0.19041.0/win-x64/Bannister.dll' -> 'goodrive://www.googleapis.com/:personal:/bannister/bannister/bin/x64/Release/net8.0-windows10.0.19041.0/win-x64/Bannister.dll' (7,446,528)
2026-09-26 05:32:12: Copy Over 'C:/rock/bannister/Bannister/bin/x64/Debug/net8.0-windows10.0.19041.0/AppX/AppxManifest.xml' -> 'goodrive://www.googleapis.com/:personal:/bannister/bannister/bin/x64/Debug/net8.0-windows10.0.19041.0/AppX/AppxManifest.xml' (2,821)
2026-09-26 05:32:12: Copy Over 'C:/rock/bannister/Bannister/bin/x64/Release/net8.0-windows10.0.19041.0/win-x64/Bannister.deps.json' -> 'goodrive://www.googleapis.com/:personal:/bannister/bannister/bin/x64/Release/net8.0-windows10.0.19041.0/win-x64/Bannister.deps.json' (100,548)
2026-09-26 05:32:12: > Copy Over 'C:/rock/bannister/Bannister/bin/x64/Release/net8.0-windows10.0.19041.0/win-x64/Bannister.pdb' -> 'goodrive://www.googleapis.com/:personal:/bannister/bannister/bin/x64/Release/net8.0-windows10.0.19041.0/win-x64/Bannister.pdb' (1,354,132)
2026-09-26 05:32:13: < Copy Over 'C:/rock/bannister/Bannister/bin/x64/Release/net8.0-windows10.0.19041.0/win-x64/Bannister.dll' -> 'goodrive://www.googleapis.com/:personal:/bannister/bannister/bin/x64/Release/net8.0-windows10.0.19041.0/win-x64/Bannister.dll' (7,446,528)
2026-09-26 05:32:15: Copy Over 'C:/rock/bannister/Bannister/bin/x64/Release/net8.0-windows10.0.19041.0/win-x64/Bannister.exe' -> 'goodrive://www.googleapis.com/:personal:/bannister/bannister/bin/x64/Release/net8.0-windows10.0.19041.0/win-x64/Bannister.exe' (271,872)
2026-09-26 05:32:15: > Copy Over 'C:/rock/bannister/Bannister/bin/x64/Release/net8.0-windows10.0.19041.0/win-x64/resources.pri' -> 'goodrive://www.googleapis.com/:personal:/bannister/bannister/bin/x64/Release/net8.0-windows10.0.19041.0/win-x64/resources.pri' (1,369,768)
2026-09-26 05:32:15: < Copy Over 'C:/rock/bannister/Bannister/bin/x64/Release/net8.0-windows10.0.19041.0/win-x64/Bannister.pdb' -> 'goodrive://www.googleapis.com/:personal:/bannister/bannister/bin/x64/Release/net8.0-windows10.0.19041.0/win-x64/Bannister.pdb' (1,354,132)
2026-09-26 05:32:17: Copy Over 'C:/rock/bannister/Bannister/bin/x64/Release/net8.0-windows10.0.19041.0/win-x64/Bannister.runtimeconfig.json' -> 'goodrive://www.googleapis.com/:personal:/bannister/bannister/bin/x64/Release/net8.0-windows10.0.19041.0/win-x64/Bannister.runtimeconfig.json' (489)
2026-09-26 05:32:17: > Copy Over 'C:/rock/bannister/Bannister/bin/x64/Debug/net8.0-windows10.0.19041.0/AppX/Bannister.dll' -> 'goodrive://www.googleapis.com/:personal:/bannister/bannister/bin/x64/Debug/net8.0-windows10.0.19041.0/AppX/Bannister.dll' (8,420,864)
2026-09-26 05:32:18: < Copy Over 'C:/rock/bannister/Bannister/bin/x64/Release/net8.0-windows10.0.19041.0/win-x64/resources.pri' -> 'goodrive://www.googleapis.com/:personal:/bannister/bannister/bin/x64/Release/net8.0-windows10.0.19041.0/win-x64/resources.pri' (1,369,768)
2026-09-26 05:32:19: Copy Over 'C:/rock/bannister/Bannister/bin/x64/Debug/net8.0-windows10.0.19041.0/AppX/Bannister.deps.json' -> 'goodrive://www.googleapis.com/:personal:/bannister/bannister/bin/x64/Debug/net8.0-windows10.0.19041.0/AppX/Bannister.deps.json' (72,297)
2026-09-26 05:32:21: < Copy Over 'C:/rock/bannister/Bannister/bin/x64/Debug/net8.0-windows10.0.19041.0/AppX/Bannister.dll' -> 'goodrive://www.googleapis.com/:personal:/bannister/bannister/bin/x64/Debug/net8.0-windows10.0.19041.0/AppX/Bannister.dll' (8,420,864)
2026-09-26 05:32:22: Copy Over 'C:/rock/bannister/Bannister/bin/x64/Debug/net8.0-windows10.0.19041.0/AppX/Bannister.exe' -> 'goodrive://www.googleapis.com/:personal:/bannister/bannister/bin/x64/Debug/net8.0-windows10.0.19041.0/AppX/Bannister.exe' (153,088)
2026-09-26 05:32:23: Copy Over 'C:/rock/bannister/Bannister/bin/x64/Debug/net8.0-windows10.0.19041.0/AppX/Bannister.runtimeconfig.json' -> 'goodrive://www.googleapis.com/:personal:/bannister/bannister/bin/x64/Debug/net8.0-windows10.0.19041.0/AppX/Bannister.runtimeconfig.json' (385)
2026-09-26 05:32:25: Copy Over 'C:/rock/bannister/Bannister/bin/x64/Debug/net8.0-windows10.0.19041.0/AppX/resources.pri' -> 'goodrive://www.googleapis.com/:personal:/bannister/bannister/bin/x64/Debug/net8.0-windows10.0.19041.0/AppX/resources.pri' (140,744)
2026-09-26 05:32:26: Copy Over 'C:/rock/bannister/Bannister/bin/x64/Debug/net8.0-windows10.0.19041.0/AppX/vs.appxrecipe' -> 'goodrive://www.googleapis.com/:personal:/bannister/bannister/bin/x64/Debug/net8.0-windows10.0.19041.0/AppX/vs.appxrecipe' (72,682)
2026-09-26 05:32:27: Copy Over 'C:/rock/bannister/Bannister/bin/x64/Debug/net8.0-windows10.0.19041.0/AppxManifest.xml' -> 'goodrive://www.googleapis.com/:personal:/bannister/bannister/bin/x64/Debug/net8.0-windows10.0.19041.0/AppxManifest.xml' (2,821)
2026-09-26 05:32:27: > Copy Over 'C:/rock/bannister/Bannister/bin/x64/Debug/net8.0-windows10.0.19041.0/Bannister.dll' -> 'goodrive://www.googleapis.com/:personal:/bannister/bannister/bin/x64/Debug/net8.0-windows10.0.19041.0/Bannister.dll' (8,420,864)
2026-09-26 05:32:28: Copy Over 'C:/rock/bannister/Bannister/bin/x64/Debug/net8.0-windows10.0.19041.0/Bannister.build.appxrecipe' -> 'goodrive://www.googleapis.com/:personal:/bannister/bannister/bin/x64/Debug/net8.0-windows10.0.19041.0/Bannister.build.appxrecipe' (60,573)
2026-09-26 05:32:30: Copy Over 'C:/rock/bannister/Bannister/bin/x64/Debug/net8.0-windows10.0.19041.0/Bannister.deps.json' -> 'goodrive://www.googleapis.com/:personal:/bannister/bannister/bin/x64/Debug/net8.0-windows10.0.19041.0/Bannister.deps.json' (72,297)
2026-09-26 05:32:30: > Copy Over 'C:/rock/bannister/Bannister/bin/x64/Debug/net8.0-windows10.0.19041.0/Bannister.pdb' -> 'goodrive://www.googleapis.com/:personal:/bannister/bannister/bin/x64/Debug/net8.0-windows10.0.19041.0/Bannister.pdb' (1,780,220)
2026-09-26 05:32:31: < Copy Over 'C:/rock/bannister/Bannister/bin/x64/Debug/net8.0-windows10.0.19041.0/Bannister.dll' -> 'goodrive://www.googleapis.com/:personal:/bannister/bannister/bin/x64/Debug/net8.0-windows10.0.19041.0/Bannister.dll' (8,420,864)
2026-09-26 05:32:32: Copy Over 'C:/rock/bannister/Bannister/bin/x64/Debug/net8.0-windows10.0.19041.0/Bannister.exe' -> 'goodrive://www.googleapis.com/:personal:/bannister/bannister/bin/x64/Debug/net8.0-windows10.0.19041.0/Bannister.exe' (153,088)
2026-09-26 05:32:34: Copy Over 'C:/rock/bannister/Bannister/bin/x64/Debug/net8.0-windows10.0.19041.0/Bannister.runtimeconfig.json' -> 'goodrive://www.googleapis.com/:personal:/bannister/bannister/bin/x64/Debug/net8.0-windows10.0.19041.0/Bannister.runtimeconfig.json' (385)
2026-09-26 05:32:34: < Copy Over 'C:/rock/bannister/Bannister/bin/x64/Debug/net8.0-windows10.0.19041.0/Bannister.pdb' -> 'goodrive://www.googleapis.com/:personal:/bannister/bannister/bin/x64/Debug/net8.0-windows10.0.19041.0/Bannister.pdb' (1,780,220)
2026-09-26 05:32:35: Copy Over 'C:/rock/bannister/Bannister/bin/x64/Debug/net8.0-windows10.0.19041.0/resources.pri' -> 'goodrive://www.googleapis.com/:personal:/bannister/bannister/bin/x64/Debug/net8.0-windows10.0.19041.0/resources.pri' (140,744)
2026-09-26 05:32:37: Copy Over 'C:/rock/bannister/Bannister/obj/Bannister.csproj.nuget.dgspec.json' -> 'goodrive://www.googleapis.com/:personal:/bannister/bannister/obj/Bannister.csproj.nuget.dgspec.json' (7,559)
2026-09-26 05:32:37: > Copy Over 'C:/rock/bannister/Bannister/obj/project.assets.json' -> 'goodrive://www.googleapis.com/:personal:/bannister/bannister/obj/project.assets.json' (1,266,805)
2026-09-26 05:32:38: Copy Over 'C:/rock/bannister/.git/refs/remotes/origin/main' -> 'goodrive://www.googleapis.com/:personal:/bannister/.git/refs/remotes/origin/main' (41)
2026-09-26 05:32:39: Copy Over 'C:/rock/bannister/Bannister/obj/Bannister.csproj.nuget.g.props' -> 'goodrive://www.googleapis.com/:personal:/bannister/bannister/obj/Bannister.csproj.nuget.g.props' (5,005)
2026-09-26 05:32:41: < Copy Over 'C:/rock/bannister/Bannister/obj/project.assets.json' -> 'goodrive://www.googleapis.com/:personal:/bannister/bannister/obj/project.assets.json' (1,266,805)
2026-09-26 05:32:41: Copy Over 'C:/rock/bannister/Bannister/obj/project.nuget.cache' -> 'goodrive://www.googleapis.com/:personal:/bannister/bannister/obj/project.nuget.cache' (27,012)
2026-09-26 05:32:42: Copy Over 'C:/rock/bannister/Bannister/Views/ActivityGamePage/ActivityGamePage_EventHandlers.cs' -> 'goodrive://www.googleapis.com/:personal:/bannister/bannister/Views/ActivityGamePage/ActivityGamePage_EventHandlers.cs' (60,355)
2026-09-26 05:32:45: Copy Over 'C:/rock/bannister/Bannister/obj/x64/Debug/net8.0-android/Bannister.AssemblyInfoInputs.cache' -> 'goodrive://www.googleapis.com/:personal:/bannister/bannister/obj/x64/Debug/net8.0-android/Bannister.AssemblyInfoInputs.cache' (66)
2026-09-26 05:32:45: Copy Over 'C:/rock/bannister/Bannister/obj/x64/Debug/net8.0-android/Bannister.AssemblyInfo.cs' -> 'goodrive://www.googleapis.com/:personal:/bannister/bannister/obj/x64/Debug/net8.0-android/Bannister.AssemblyInfo.cs' (1,200)
2026-09-26 05:32:46: Copy Over 'C:/rock/bannister/Bannister/obj/x64/Debug/net8.0-android/Bannister.assets.cache' -> 'goodrive://www.googleapis.com/:personal:/bannister/bannister/obj/x64/Debug/net8.0-android/Bannister.assets.cache' (102,483)
2026-09-26 05:32:48: Copy Over 'C:/rock/bannister/Bannister/obj/x64/Debug/net8.0-android/designtime/build.props' -> 'goodrive://www.googleapis.com/:personal:/bannister/bannister/obj/x64/Debug/net8.0-android/designtime/build.props' (999)
2026-09-26 05:32:48: Copy Over 'C:/rock/bannister/Bannister/obj/x64/Debug/net8.0-android/lp/map.cache' -> 'goodrive://www.googleapis.com/:personal:/bannister/bannister/obj/x64/Debug/net8.0-android/lp/map.cache' (6,351)
2026-09-26 05:32:50: Copy Over 'C:/rock/bannister/Bannister/Views/ActivityGamePage/ActivityGamePage_SharedLogic.cs' -> 'goodrive://www.googleapis.com/:personal:/bannister/bannister/Views/ActivityGamePage/ActivityGamePage_SharedLogic.cs' (45,620)
2026-09-26 05:32:51: Copy Over 'C:/rock/bannister/Bannister/Views/ActivityGamePage/OptionsPopupPage.cs' -> 'goodrive://www.googleapis.com/:personal:/bannister/bannister/Views/ActivityGamePage/OptionsPopupPage.cs' (6,006)
2026-09-26 05:32:51: Copy Over 'C:/rock/bannister/Bannister/obj/x64/Debug/net8.0-android/designtime/stamp/_ResolveLibraryProjectImports.stamp' -> 'goodrive://www.googleapis.com/:personal:/bannister/bannister/obj/x64/Debug/net8.0-android/designtime/stamp/_ResolveLibraryProjectImports.stamp' (0)
2026-09-26 05:32:54: Copy Over 'C:/rock/bannister/Bannister/Views/SyncSettingsPage.cs' -> 'goodrive://www.googleapis.com/:personal:/bannister/bannister/Views/SyncSettingsPage.cs' (26,484)
2026-09-26 05:32:54: Copy Over 'C:/rock/bannister/Bannister/obj/x64/Debug/net8.0-windows10.0.19041.0/apphost.exe' -> 'goodrive://www.googleapis.com/:personal:/bannister/bannister/obj/x64/Debug/net8.0-windows10.0.19041.0/apphost.exe' (153,088)
2026-09-26 05:32:54: Copy Over 'C:/rock/bannister/Bannister/obj/x64/Debug/net8.0-windows10.0.19041.0/Bannister.AssemblyInfo.cs' -> 'goodrive://www.googleapis.com/:personal:/bannister/bannister/obj/x64/Debug/net8.0-windows10.0.19041.0/Bannister.AssemblyInfo.cs' (1,713)
2026-09-26 05:32:57: Copy Over 'C:/rock/bannister/Bannister/obj/x64/Debug/net8.0-windows10.0.19041.0/Bannister.csproj.BuildWithSkipAnalyzers' -> 'goodrive://www.googleapis.com/:personal:/bannister/bannister/obj/x64/Debug/net8.0-windows10.0.19041.0/Bannister.csproj.BuildWithSkipAnalyzers' (0)
2026-09-26 05:32:57: Copy Over 'C:/rock/bannister/Bannister/obj/x64/Debug/net8.0-windows10.0.19041.0/Bannister.assets.cache' -> 'goodrive://www.googleapis.com/:personal:/bannister/bannister/obj/x64/Debug/net8.0-windows10.0.19041.0/Bannister.assets.cache' (73,605)
2026-09-26 05:32:57: > Copy Over 'C:/rock/bannister/Bannister/obj/x64/Debug/net8.0-windows10.0.19041.0/Bannister.dll' -> 'goodrive://www.googleapis.com/:personal:/bannister/bannister/obj/x64/Debug/net8.0-windows10.0.19041.0/Bannister.dll' (8,420,864)
2026-09-26 05:32:58: Copy Over 'C:/rock/bannister/Bannister/obj/x64/Debug/net8.0-windows10.0.19041.0/Bannister.AssemblyInfoInputs.cache' -> 'goodrive://www.googleapis.com/:personal:/bannister/bannister/obj/x64/Debug/net8.0-windows10.0.19041.0/Bannister.AssemblyInfoInputs.cache' (66)
2026-09-26 05:32:58: > Copy Over 'C:/rock/bannister/Bannister/obj/x64/Debug/net8.0-windows10.0.19041.0/Bannister.pdb' -> 'goodrive://www.googleapis.com/:personal:/bannister/bannister/obj/x64/Debug/net8.0-windows10.0.19041.0/Bannister.pdb' (1,780,220)
2026-09-26 05:33:01: Copy Over 'C:/rock/bannister/Bannister/obj/x64/Debug/net8.0-windows10.0.19041.0/Bannister.csproj.CoreCompileInputs.cache' -> 'goodrive://www.googleapis.com/:personal:/bannister/bannister/obj/x64/Debug/net8.0-windows10.0.19041.0/Bannister.csproj.CoreCompileInputs.cache' (66)
2026-09-26 05:33:01: < Copy Over 'C:/rock/bannister/Bannister/obj/x64/Debug/net8.0-windows10.0.19041.0/Bannister.pdb' -> 'goodrive://www.googleapis.com/:personal:/bannister/bannister/obj/x64/Debug/net8.0-windows10.0.19041.0/Bannister.pdb' (1,780,220)
2026-09-26 05:33:02: < Copy Over 'C:/rock/bannister/Bannister/obj/x64/Debug/net8.0-windows10.0.19041.0/Bannister.dll' -> 'goodrive://www.googleapis.com/:personal:/bannister/bannister/obj/x64/Debug/net8.0-windows10.0.19041.0/Bannister.dll' (8,420,864)
2026-09-26 05:33:05: Copy Over 'C:/rock/bannister/Bannister/obj/x64/Debug/net8.0-windows10.0.19041.0/Bannister.sourcelink.json' -> 'goodrive://www.googleapis.com/:personal:/bannister/bannister/obj/x64/Debug/net8.0-windows10.0.19041.0/Bannister.sourcelink.json' (141)
2026-09-26 05:33:05: Copy Over 'C:/rock/bannister/Bannister/obj/x64/Debug/net8.0-windows10.0.19041.0/excluded.layout.resfiles.intermediate' -> 'goodrive://www.googleapis.com/:personal:/bannister/bannister/obj/x64/Debug/net8.0-windows10.0.19041.0/excluded.layout.resfiles.intermediate' (0)
2026-09-26 05:33:05: Copy Over 'C:/rock/bannister/Bannister/obj/x64/Debug/net8.0-windows10.0.19041.0/embed/embed.resfiles.intermediate' -> 'goodrive://www.googleapis.com/:personal:/bannister/bannister/obj/x64/Debug/net8.0-windows10.0.19041.0/embed/embed.resfiles.intermediate' (27)
2026-09-26 05:33:08: Copy Over 'C:/rock/bannister/Bannister/obj/x64/Debug/net8.0-windows10.0.19041.0/filtered.layout.resfiles.intermediate' -> 'goodrive://www.googleapis.com/:personal:/bannister/bannister/obj/x64/Debug/net8.0-windows10.0.19041.0/filtered.layout.resfiles.intermediate' (2,329)
2026-09-26 05:33:08: > Copy Over 'C:/rock/bannister/Bannister/obj/x64/Debug/net8.0-windows10.0.19041.0/intermediatexaml/Bannister.dll' -> 'goodrive://www.googleapis.com/:personal:/bannister/bannister/obj/x64/Debug/net8.0-windows10.0.19041.0/intermediatexaml/Bannister.dll' (8,219,648)
2026-09-26 05:33:09: Copy Over 'C:/rock/bannister/Bannister/obj/x64/Debug/net8.0-windows10.0.19041.0/input.json' -> 'goodrive://www.googleapis.com/:personal:/bannister/bannister/obj/x64/Debug/net8.0-windows10.0.19041.0/input.json' (104,202)
2026-09-26 05:33:09: > Copy Over 'C:/rock/bannister/Bannister/obj/x64/Debug/net8.0-windows10.0.19041.0/intermediatexaml/Bannister.pdb' -> 'goodrive://www.googleapis.com/:personal:/bannister/bannister/obj/x64/Debug/net8.0-windows10.0.19041.0/intermediatexaml/Bannister.pdb' (1,750,472)
2026-09-26 05:33:09: Copy Over 'C:/rock/bannister/Bannister/obj/x64/Debug/net8.0-windows10.0.19041.0/output.json' -> 'goodrive://www.googleapis.com/:personal:/bannister/bannister/obj/x64/Debug/net8.0-windows10.0.19041.0/output.json' (8,845)
2026-09-26 05:33:12: Copy Over 'C:/rock/bannister/Bannister/obj/x64/Debug/net8.0-windows10.0.19041.0/pri.resfiles.intermediate' -> 'goodrive://www.googleapis.com/:personal:/bannister/bannister/obj/x64/Debug/net8.0-windows10.0.19041.0/pri.resfiles.intermediate' (386)
2026-09-26 05:33:12: < Copy Over 'C:/rock/bannister/Bannister/obj/x64/Debug/net8.0-windows10.0.19041.0/intermediatexaml/Bannister.pdb' -> 'goodrive://www.googleapis.com/:personal:/bannister/bannister/obj/x64/Debug/net8.0-windows10.0.19041.0/intermediatexaml/Bannister.pdb' (1,750,472)
2026-09-26 05:33:13: < Copy Over 'C:/rock/bannister/Bannister/obj/x64/Debug/net8.0-windows10.0.19041.0/intermediatexaml/Bannister.dll' -> 'goodrive://www.googleapis.com/:personal:/bannister/bannister/obj/x64/Debug/net8.0-windows10.0.19041.0/intermediatexaml/Bannister.dll' (8,219,648)
2026-09-26 05:33:15: Copy Over 'C:/rock/bannister/Bannister/obj/x64/Debug/net8.0-windows10.0.19041.0/priconfig.xml.intermediate' -> 'goodrive://www.googleapis.com/:personal:/bannister/bannister/obj/x64/Debug/net8.0-windows10.0.19041.0/priconfig.xml.intermediate' (3,154)
2026-09-26 05:33:15: > Copy Over 'C:/rock/bannister/Bannister/obj/x64/Debug/net8.0-windows10.0.19041.0/ref/Bannister.dll' -> 'goodrive://www.googleapis.com/:personal:/bannister/bannister/obj/x64/Debug/net8.0-windows10.0.19041.0/ref/Bannister.dll' (1,760,768)
2026-09-26 05:33:15: Copy Over 'C:/rock/bannister/Bannister/obj/x64/Debug/net8.0-windows10.0.19041.0/Platforms/Windows/App.xaml' -> 'goodrive://www.googleapis.com/:personal:/bannister/bannister/obj/x64/Debug/net8.0-windows10.0.19041.0/Platforms/Windows/App.xaml' (304)
2026-09-26 05:33:15: > Copy Over 'C:/rock/bannister/Bannister/obj/x64/Debug/net8.0-windows10.0.19041.0/refint/Bannister.dll' -> 'goodrive://www.googleapis.com/:personal:/bannister/bannister/obj/x64/Debug/net8.0-windows10.0.19041.0/refint/Bannister.dll' (1,760,768)
2026-09-26 05:33:16: Copy Over 'C:/rock/bannister/Bannister/obj/x64/Debug/net8.0-windows10.0.19041.0/qualifiers.txt.intermediate' -> 'goodrive://www.googleapis.com/:personal:/bannister/bannister/obj/x64/Debug/net8.0-windows10.0.19041.0/qualifiers.txt.intermediate' (184)
2026-09-26 05:33:19: < Copy Over 'C:/rock/bannister/Bannister/obj/x64/Debug/net8.0-windows10.0.19041.0/ref/Bannister.dll' -> 'goodrive://www.googleapis.com/:personal:/bannister/bannister/obj/x64/Debug/net8.0-windows10.0.19041.0/ref/Bannister.dll' (1,760,768)
2026-09-26 05:33:19: < Copy Over 'C:/rock/bannister/Bannister/obj/x64/Debug/net8.0-windows10.0.19041.0/refint/Bannister.dll' -> 'goodrive://www.googleapis.com/:personal:/bannister/bannister/obj/x64/Debug/net8.0-windows10.0.19041.0/refint/Bannister.dll' (1,760,768)
2026-09-26 05:33:19: Copy Over 'C:/rock/bannister/Bannister/obj/x64/Debug/net8.0-windows10.0.19041.0/resources.resfiles.intermediate' -> 'goodrive://www.googleapis.com/:personal:/bannister/bannister/obj/x64/Debug/net8.0-windows10.0.19041.0/resources.resfiles.intermediate' (0)
2026-09-26 05:33:22: Copy Over 'C:/rock/bannister/Bannister/obj/x64/Debug/net8.0-windows10.0.19041.0/unfiltered.layout.resfiles.intermediate' -> 'goodrive://www.googleapis.com/:personal:/bannister/bannister/obj/x64/Debug/net8.0-windows10.0.19041.0/unfiltered.layout.resfiles.intermediate' (2,329)
2026-09-26 05:33:23: Copy Over 'C:/rock/bannister/Bannister/obj/x64/Debug/net8.0-windows10.0.19041.0/XamlSaveStateFile.xml' -> 'goodrive://www.googleapis.com/:personal:/bannister/bannister/obj/x64/Debug/net8.0-windows10.0.19041.0/XamlSaveStateFile.xml' (813)
2026-09-26 05:33:23: Copy Over 'C:/rock/bannister/Bannister/obj/x64/Debug/net8.0-windows10.0.19041.0/XamlC.stamp' -> 'goodrive://www.googleapis.com/:personal:/bannister/bannister/obj/x64/Debug/net8.0-windows10.0.19041.0/XamlC.stamp' (0)
2026-09-26 05:33:26: Copy Over 'C:/rock/bannister/Bannister/obj/x64/Release/net8.0-windows10.0.19041.0/win-x64/apphost.exe' -> 'goodrive://www.googleapis.com/:personal:/bannister/bannister/obj/x64/Release/net8.0-windows10.0.19041.0/win-x64/apphost.exe' (271,872)
2026-09-26 05:33:26: Copy Over 'C:/rock/bannister/Bannister/obj/x64/Release/net8.0-windows10.0.19041.0/win-x64/Bannister.AssemblyInfo.cs' -> 'goodrive://www.googleapis.com/:personal:/bannister/bannister/obj/x64/Release/net8.0-windows10.0.19041.0/win-x64/Bannister.AssemblyInfo.cs' (1,675)
2026-09-26 05:33:27: Copy Over 'C:/rock/bannister/Bannister/obj/x64/Release/net8.0-windows10.0.19041.0/win-x64/Bannister.AssemblyInfoInputs.cache' -> 'goodrive://www.googleapis.com/:personal:/bannister/bannister/obj/x64/Release/net8.0-windows10.0.19041.0/win-x64/Bannister.AssemblyInfoInputs.cache' (66)
2026-09-26 05:33:27: > Copy Over 'C:/rock/bannister/Bannister/obj/x64/Release/net8.0-windows10.0.19041.0/win-x64/Bannister.dll' -> 'goodrive://www.googleapis.com/:personal:/bannister/bannister/obj/x64/Release/net8.0-windows10.0.19041.0/win-x64/Bannister.dll' (7,446,528)
2026-09-26 05:33:29: Copy Over 'C:/rock/bannister/Bannister/obj/x64/Release/net8.0-windows10.0.19041.0/win-x64/Bannister.assets.cache' -> 'goodrive://www.googleapis.com/:personal:/bannister/bannister/obj/x64/Release/net8.0-windows10.0.19041.0/win-x64/Bannister.assets.cache' (62,951)
2026-09-26 05:33:29: > Copy Over 'C:/rock/bannister/Bannister/obj/x64/Release/net8.0-windows10.0.19041.0/win-x64/Bannister.pdb' -> 'goodrive://www.googleapis.com/:personal:/bannister/bannister/obj/x64/Release/net8.0-windows10.0.19041.0/win-x64/Bannister.pdb' (1,354,132)
2026-09-26 05:33:30: Copy Over 'C:/rock/bannister/Bannister/obj/x64/Release/net8.0-windows10.0.19041.0/win-x64/Bannister.csproj.Up2Date' -> 'goodrive://www.googleapis.com/:personal:/bannister/bannister/obj/x64/Release/net8.0-windows10.0.19041.0/win-x64/Bannister.csproj.Up2Date' (0)
2026-09-26 05:33:31: < Copy Over 'C:/rock/bannister/Bannister/obj/x64/Release/net8.0-windows10.0.19041.0/win-x64/Bannister.dll' -> 'goodrive://www.googleapis.com/:personal:/bannister/bannister/obj/x64/Release/net8.0-windows10.0.19041.0/win-x64/Bannister.dll' (7,446,528)
2026-09-26 05:33:33: < Copy Over 'C:/rock/bannister/Bannister/obj/x64/Release/net8.0-windows10.0.19041.0/win-x64/Bannister.pdb' -> 'goodrive://www.googleapis.com/:personal:/bannister/bannister/obj/x64/Release/net8.0-windows10.0.19041.0/win-x64/Bannister.pdb' (1,354,132)
2026-09-26 05:33:33: Copy Over 'C:/rock/bannister/Bannister/obj/x64/Release/net8.0-windows10.0.19041.0/win-x64/Bannister.sourcelink.json' -> 'goodrive://www.googleapis.com/:personal:/bannister/bannister/obj/x64/Release/net8.0-windows10.0.19041.0/win-x64/Bannister.sourcelink.json' (141)
2026-09-26 05:33:34: Copy Over 'C:/rock/bannister/Bannister/obj/x64/Release/net8.0-windows10.0.19041.0/win-x64/excluded.layout.resfiles.intermediate' -> 'goodrive://www.googleapis.com/:personal:/bannister/bannister/obj/x64/Release/net8.0-windows10.0.19041.0/win-x64/excluded.layout.resfiles.intermediate' (0)
2026-09-26 05:33:36: Copy Over 'C:/rock/bannister/Bannister/obj/x64/Release/net8.0-windows10.0.19041.0/win-x64/embed/embed.resfiles.intermediate' -> 'goodrive://www.googleapis.com/:personal:/bannister/bannister/obj/x64/Release/net8.0-windows10.0.19041.0/win-x64/embed/embed.resfiles.intermediate' (27)
2026-09-26 05:33:36: Copy Over 'C:/rock/bannister/Bannister/obj/x64/Release/net8.0-windows10.0.19041.0/win-x64/filtered.layout.resfiles.intermediate' -> 'goodrive://www.googleapis.com/:personal:/bannister/bannister/obj/x64/Release/net8.0-windows10.0.19041.0/win-x64/filtered.layout.resfiles.intermediate' (2,329)
2026-09-26 05:33:36: > Copy Over 'C:/rock/bannister/Bannister/obj/x64/Release/net8.0-windows10.0.19041.0/win-x64/intermediatexaml/Bannister.dll' -> 'goodrive://www.googleapis.com/:personal:/bannister/bannister/obj/x64/Release/net8.0-windows10.0.19041.0/win-x64/intermediatexaml/Bannister.dll' (7,146,496)
2026-09-26 05:33:38: Copy Over 'C:/rock/bannister/Bannister/obj/x64/Release/net8.0-windows10.0.19041.0/win-x64/input.json' -> 'goodrive://www.googleapis.com/:personal:/bannister/bannister/obj/x64/Release/net8.0-windows10.0.19041.0/win-x64/input.json' (104,283)
2026-09-26 05:33:38: > Copy Over 'C:/rock/bannister/Bannister/obj/x64/Release/net8.0-windows10.0.19041.0/win-x64/intermediatexaml/Bannister.pdb' -> 'goodrive://www.googleapis.com/:personal:/bannister/bannister/obj/x64/Release/net8.0-windows10.0.19041.0/win-x64/intermediatexaml/Bannister.pdb' (1,330,652)
2026-09-26 05:33:39: Copy Over 'C:/rock/bannister/Bannister/obj/x64/Release/net8.0-windows10.0.19041.0/win-x64/output.json' -> 'goodrive://www.googleapis.com/:personal:/bannister/bannister/obj/x64/Release/net8.0-windows10.0.19041.0/win-x64/output.json' (8,889)
2026-09-26 05:33:41: < Copy Over 'C:/rock/bannister/Bannister/obj/x64/Release/net8.0-windows10.0.19041.0/win-x64/intermediatexaml/Bannister.dll' -> 'goodrive://www.googleapis.com/:personal:/bannister/bannister/obj/x64/Release/net8.0-windows10.0.19041.0/win-x64/intermediatexaml/Bannister.dll' (7,146,496)
2026-09-26 05:33:41: < Copy Over 'C:/rock/bannister/Bannister/obj/x64/Release/net8.0-windows10.0.19041.0/win-x64/intermediatexaml/Bannister.pdb' -> 'goodrive://www.googleapis.com/:personal:/bannister/bannister/obj/x64/Release/net8.0-windows10.0.19041.0/win-x64/intermediatexaml/Bannister.pdb' (1,330,652)
2026-09-26 05:33:43: Copy Over 'C:/rock/bannister/Bannister/obj/x64/Release/net8.0-windows10.0.19041.0/win-x64/pri.resfiles.intermediate' -> 'goodrive://www.googleapis.com/:personal:/bannister/bannister/obj/x64/Release/net8.0-windows10.0.19041.0/win-x64/pri.resfiles.intermediate' (509)
2026-09-26 05:33:44: Copy Over 'C:/rock/bannister/Bannister/obj/x64/Release/net8.0-windows10.0.19041.0/win-x64/priconfig.xml.intermediate' -> 'goodrive://www.googleapis.com/:personal:/bannister/bannister/obj/x64/Release/net8.0-windows10.0.19041.0/win-x64/priconfig.xml.intermediate' (3,194)
2026-09-26 05:33:45: Copy Over 'C:/rock/bannister/Bannister/obj/x64/Release/net8.0-windows10.0.19041.0/win-x64/Platforms/Windows/App.xaml' -> 'goodrive://www.googleapis.com/:personal:/bannister/bannister/obj/x64/Release/net8.0-windows10.0.19041.0/win-x64/Platforms/Windows/App.xaml' (304)
2026-09-26 05:33:45: > Copy Over 'C:/rock/bannister/Bannister/obj/x64/Release/net8.0-windows10.0.19041.0/win-x64/R2R/Bannister.dll' -> 'goodrive://www.googleapis.com/:personal:/bannister/bannister/obj/x64/Release/net8.0-windows10.0.19041.0/win-x64/R2R/Bannister.dll' (19,308,544)
2026-09-26 05:33:45: Copy New 'C:/rock/bannister/Bannister/obj/x64/Release/net8.0-windows10.0.19041.0/win-x64/PublishOutputs.c95f3a36df.txt' -> 'goodrive://www.googleapis.com/:personal:/bannister/bannister/obj/x64/Release/net8.0-windows10.0.19041.0/win-x64/PublishOutputs.c95f3a36df.txt' (39,524)
2026-09-26 05:33:45: > Copy Over 'C:/rock/bannister/Bannister/obj/x64/Release/net8.0-windows10.0.19041.0/win-x64/ref/Bannister.dll' -> 'goodrive://www.googleapis.com/:personal:/bannister/bannister/obj/x64/Release/net8.0-windows10.0.19041.0/win-x64/ref/Bannister.dll' (1,976,832)
2026-09-26 05:33:47: Copy Over 'C:/rock/bannister/Bannister/obj/x64/Release/net8.0-windows10.0.19041.0/win-x64/qualifiers.txt.intermediate' -> 'goodrive://www.googleapis.com/:personal:/bannister/bannister/obj/x64/Release/net8.0-windows10.0.19041.0/win-x64/qualifiers.txt.intermediate' (184)
2026-09-26 05:33:49: < Copy Over 'C:/rock/bannister/Bannister/obj/x64/Release/net8.0-windows10.0.19041.0/win-x64/ref/Bannister.dll' -> 'goodrive://www.googleapis.com/:personal:/bannister/bannister/obj/x64/Release/net8.0-windows10.0.19041.0/win-x64/ref/Bannister.dll' (1,976,832)
2026-09-26 05:33:51: < Copy Over 'C:/rock/bannister/Bannister/obj/x64/Release/net8.0-windows10.0.19041.0/win-x64/R2R/Bannister.dll' -> 'goodrive://www.googleapis.com/:personal:/bannister/bannister/obj/x64/Release/net8.0-windows10.0.19041.0/win-x64/R2R/Bannister.dll' (19,308,544)
2026-09-26 05:33:51: Copy Over 'C:/rock/bannister/Bannister/obj/x64/Release/net8.0-windows10.0.19041.0/win-x64/R2R/CommunityToolkit.Maui.Core.dll' -> 'goodrive://www.googleapis.com/:personal:/bannister/bannister/obj/x64/Release/net8.0-windows10.0.19041.0/win-x64/R2R/CommunityToolkit.Maui.Core.dll' (241,664)
2026-09-26 05:33:53: Copy Over 'C:/rock/bannister/Bannister/obj/x64/Release/net8.0-windows10.0.19041.0/win-x64/R2R/CommunityToolkit.Maui.dll' -> 'goodrive://www.googleapis.com/:personal:/bannister/bannister/obj/x64/Release/net8.0-windows10.0.19041.0/win-x64/R2R/CommunityToolkit.Maui.dll' (684,032)
2026-09-26 05:33:54: Copy Over 'C:/rock/bannister/Bannister/obj/x64/Release/net8.0-windows10.0.19041.0/win-x64/R2R/CommunityToolkit.Mvvm.dll' -> 'goodrive://www.googleapis.com/:personal:/bannister/bannister/obj/x64/Release/net8.0-windows10.0.19041.0/win-x64/R2R/CommunityToolkit.Mvvm.dll' (344,064)
2026-09-26 05:33:54: Copy Over 'C:/rock/bannister/Bannister/obj/x64/Release/net8.0-windows10.0.19041.0/win-x64/R2R/Microsoft.Extensions.Configuration.Abstractions.dll' -> 'goodrive://www.googleapis.com/:personal:/bannister/bannister/obj/x64/Release/net8.0-windows10.0.19041.0/win-x64/R2R/Microsoft.Extensions.Configuration.Abstractions.dll' (36,864)
2026-09-26 05:33:57: Copy Over 'C:/rock/bannister/Bannister/obj/x64/Release/net8.0-windows10.0.19041.0/win-x64/R2R/Microsoft.Extensions.Configuration.dll' -> 'goodrive://www.googleapis.com/:personal:/bannister/bannister/obj/x64/Release/net8.0-windows10.0.19041.0/win-x64/R2R/Microsoft.Extensions.Configuration.dll' (81,920)
2026-09-26 05:33:57: Copy Over 'C:/rock/bannister/Bannister/obj/x64/Release/net8.0-windows10.0.19041.0/win-x64/R2R/Microsoft.Extensions.DependencyInjection.Abstractions.dll' -> 'goodrive://www.googleapis.com/:personal:/bannister/bannister/obj/x64/Release/net8.0-windows10.0.19041.0/win-x64/R2R/Microsoft.Extensions.DependencyInjection.Abstractions.dll' (131,072)
2026-09-26 05:33:58: Copy Over 'C:/rock/bannister/Bannister/obj/x64/Release/net8.0-windows10.0.19041.0/win-x64/R2R/Microsoft.Extensions.DependencyInjection.dll' -> 'goodrive://www.googleapis.com/:personal:/bannister/bannister/obj/x64/Release/net8.0-windows10.0.19041.0/win-x64/R2R/Microsoft.Extensions.DependencyInjection.dll' (204,800)
2026-09-26 05:34:00: Copy Over 'C:/rock/bannister/Bannister/obj/x64/Release/net8.0-windows10.0.19041.0/win-x64/R2R/Microsoft.Extensions.Logging.Abstractions.dll' -> 'goodrive://www.googleapis.com/:personal:/bannister/bannister/obj/x64/Release/net8.0-windows10.0.19041.0/win-x64/R2R/Microsoft.Extensions.Logging.Abstractions.dll' (135,168)
2026-09-26 05:34:01: Copy Over 'C:/rock/bannister/Bannister/obj/x64/Release/net8.0-windows10.0.19041.0/win-x64/R2R/Microsoft.Extensions.Logging.Debug.dll' -> 'goodrive://www.googleapis.com/:personal:/bannister/bannister/obj/x64/Release/net8.0-windows10.0.19041.0/win-x64/R2R/Microsoft.Extensions.Logging.Debug.dll' (24,576)
2026-09-26 05:34:01: Copy Over 'C:/rock/bannister/Bannister/obj/x64/Release/net8.0-windows10.0.19041.0/win-x64/R2R/Microsoft.Extensions.Logging.dll' -> 'goodrive://www.googleapis.com/:personal:/bannister/bannister/obj/x64/Release/net8.0-windows10.0.19041.0/win-x64/R2R/Microsoft.Extensions.Logging.dll' (86,016)
2026-09-26 05:34:01: > Copy Over 'C:/rock/bannister/Bannister/obj/x64/Release/net8.0-windows10.0.19041.0/win-x64/R2R/Microsoft.Graphics.Canvas.Interop.dll' -> 'goodrive://www.googleapis.com/:personal:/bannister/bannister/obj/x64/Release/net8.0-windows10.0.19041.0/win-x64/R2R/Microsoft.Graphics.Canvas.Interop.dll' (2,269,184)
2026-09-26 05:34:04: Copy Over 'C:/rock/bannister/Bannister/obj/x64/Release/net8.0-windows10.0.19041.0/win-x64/R2R/Microsoft.Extensions.Options.dll' -> 'goodrive://www.googleapis.com/:personal:/bannister/bannister/obj/x64/Release/net8.0-windows10.0.19041.0/win-x64/R2R/Microsoft.Extensions.Options.dll' (126,976)
2026-09-26 05:34:04: > Copy Over 'C:/rock/bannister/Bannister/obj/x64/Release/net8.0-windows10.0.19041.0/win-x64/R2R/Microsoft.InteractiveExperiences.Projection.dll' -> 'goodrive://www.googleapis.com/:personal:/bannister/bannister/obj/x64/Release/net8.0-windows10.0.19041.0/win-x64/R2R/Microsoft.InteractiveExperiences.Projection.dll' (2,576,384)
2026-09-26 05:34:04: Copy Over 'C:/rock/bannister/Bannister/obj/x64/Release/net8.0-windows10.0.19041.0/win-x64/R2R/Microsoft.Extensions.Primitives.dll' -> 'goodrive://www.googleapis.com/:personal:/bannister/bannister/obj/x64/Release/net8.0-windows10.0.19041.0/win-x64/R2R/Microsoft.Extensions.Primitives.dll' (73,728)
2026-09-26 05:34:05: < Copy Over 'C:/rock/bannister/Bannister/obj/x64/Release/net8.0-windows10.0.19041.0/win-x64/R2R/Microsoft.Graphics.Canvas.Interop.dll' -> 'goodrive://www.googleapis.com/:personal:/bannister/bannister/obj/x64/Release/net8.0-windows10.0.19041.0/win-x64/R2R/Microsoft.Graphics.Canvas.Interop.dll' (2,269,184)
2026-09-26 05:34:05: > Copy Over 'C:/rock/bannister/Bannister/obj/x64/Release/net8.0-windows10.0.19041.0/win-x64/R2R/Microsoft.Maui.Controls.Compatibility.dll' -> 'goodrive://www.googleapis.com/:personal:/bannister/bannister/obj/x64/Release/net8.0-windows10.0.19041.0/win-x64/R2R/Microsoft.Maui.Controls.Compatibility.dll' (1,163,264)
2026-09-26 05:34:08: Copy Over 'C:/rock/bannister/Bannister/obj/x64/Release/net8.0-windows10.0.19041.0/win-x64/R2R/Microsoft.IO.RecyclableMemoryStream.dll' -> 'goodrive://www.googleapis.com/:personal:/bannister/bannister/obj/x64/Release/net8.0-windows10.0.19041.0/win-x64/R2R/Microsoft.IO.RecyclableMemoryStream.dll' (118,784)
2026-09-26 05:34:08: > Copy Over 'C:/rock/bannister/Bannister/obj/x64/Release/net8.0-windows10.0.19041.0/win-x64/R2R/Microsoft.Maui.Controls.dll' -> 'goodrive://www.googleapis.com/:personal:/bannister/bannister/obj/x64/Release/net8.0-windows10.0.19041.0/win-x64/R2R/Microsoft.Maui.Controls.dll' (4,317,184)
2026-09-26 05:34:08: < Copy Over 'C:/rock/bannister/Bannister/obj/x64/Release/net8.0-windows10.0.19041.0/win-x64/R2R/Microsoft.InteractiveExperiences.Projection.dll' -> 'goodrive://www.googleapis.com/:personal:/bannister/bannister/obj/x64/Release/net8.0-windows10.0.19041.0/win-x64/R2R/Microsoft.InteractiveExperiences.Projection.dll' (2,576,384)
2026-09-26 05:34:08: < Copy Over 'C:/rock/bannister/Bannister/obj/x64/Release/net8.0-windows10.0.19041.0/win-x64/R2R/Microsoft.Maui.Controls.Compatibility.dll' -> 'goodrive://www.googleapis.com/:personal:/bannister/bannister/obj/x64/Release/net8.0-windows10.0.19041.0/win-x64/R2R/Microsoft.Maui.Controls.Compatibility.dll' (1,163,264)
2026-09-26 05:34:08: > Copy Over 'C:/rock/bannister/Bannister/obj/x64/Release/net8.0-windows10.0.19041.0/win-x64/R2R/Microsoft.Maui.dll' -> 'goodrive://www.googleapis.com/:personal:/bannister/bannister/obj/x64/Release/net8.0-windows10.0.19041.0/win-x64/R2R/Microsoft.Maui.dll' (1,609,728)
2026-09-26 05:34:12: Copy Over 'C:/rock/bannister/Bannister/obj/x64/Release/net8.0-windows10.0.19041.0/win-x64/R2R/Microsoft.Maui.Controls.Xaml.dll' -> 'goodrive://www.googleapis.com/:personal:/bannister/bannister/obj/x64/Release/net8.0-windows10.0.19041.0/win-x64/R2R/Microsoft.Maui.Controls.Xaml.dll' (294,912)
2026-09-26 05:34:12: < Copy Over 'C:/rock/bannister/Bannister/obj/x64/Release/net8.0-windows10.0.19041.0/win-x64/R2R/Microsoft.Maui.dll' -> 'goodrive://www.googleapis.com/:personal:/bannister/bannister/obj/x64/Release/net8.0-windows10.0.19041.0/win-x64/R2R/Microsoft.Maui.dll' (1,609,728)
2026-09-26 05:34:12: < Copy Over 'C:/rock/bannister/Bannister/obj/x64/Release/net8.0-windows10.0.19041.0/win-x64/R2R/Microsoft.Maui.Controls.dll' -> 'goodrive://www.googleapis.com/:personal:/bannister/bannister/obj/x64/Release/net8.0-windows10.0.19041.0/win-x64/R2R/Microsoft.Maui.Controls.dll' (4,317,184)
2026-09-26 05:34:15: Copy Over 'C:/rock/bannister/Bannister/obj/x64/Release/net8.0-windows10.0.19041.0/win-x64/R2R/Microsoft.Maui.Graphics.dll' -> 'goodrive://www.googleapis.com/:personal:/bannister/bannister/obj/x64/Release/net8.0-windows10.0.19041.0/win-x64/R2R/Microsoft.Maui.Graphics.dll' (536,576)
2026-09-26 05:34:16: Copy Over 'C:/rock/bannister/Bannister/obj/x64/Release/net8.0-windows10.0.19041.0/win-x64/R2R/Microsoft.Maui.Essentials.dll' -> 'goodrive://www.googleapis.com/:personal:/bannister/bannister/obj/x64/Release/net8.0-windows10.0.19041.0/win-x64/R2R/Microsoft.Maui.Essentials.dll' (544,768)
2026-09-26 05:34:16: Copy Over 'C:/rock/bannister/Bannister/obj/x64/Release/net8.0-windows10.0.19041.0/win-x64/R2R/Microsoft.Maui.Graphics.Win2D.WinUI.Desktop.dll' -> 'goodrive://www.googleapis.com/:personal:/bannister/bannister/obj/x64/Release/net8.0-windows10.0.19041.0/win-x64/R2R/Microsoft.Maui.Graphics.Win2D.WinUI.Desktop.dll' (126,976)
2026-09-26 05:34:19: Copy Over 'C:/rock/bannister/Bannister/obj/x64/Release/net8.0-windows10.0.19041.0/win-x64/R2R/Microsoft.Windows.ApplicationModel.Resources.Projection.dll' -> 'goodrive://www.googleapis.com/:personal:/bannister/bannister/obj/x64/Release/net8.0-windows10.0.19041.0/win-x64/R2R/Microsoft.Windows.ApplicationModel.Resources.Projection.dll' (135,168)
2026-09-26 05:34:19: Copy Over 'C:/rock/bannister/Bannister/obj/x64/Release/net8.0-windows10.0.19041.0/win-x64/R2R/Microsoft.Windows.ApplicationModel.WindowsAppRuntime.Projection.dll' -> 'goodrive://www.googleapis.com/:personal:/bannister/bannister/obj/x64/Release/net8.0-windows10.0.19041.0/win-x64/R2R/Microsoft.Windows.ApplicationModel.WindowsAppRuntime.Projection.dll' (81,920)
2026-09-26 05:34:20: Copy Over 'C:/rock/bannister/Bannister/obj/x64/Release/net8.0-windows10.0.19041.0/win-x64/R2R/Microsoft.Windows.ApplicationModel.DynamicDependency.Projection.dll' -> 'goodrive://www.googleapis.com/:personal:/bannister/bannister/obj/x64/Release/net8.0-windows10.0.19041.0/win-x64/R2R/Microsoft.Windows.ApplicationModel.DynamicDependency.Projection.dll' (102,400)
2026-09-26 05:34:23: Copy Over 'C:/rock/bannister/Bannister/obj/x64/Release/net8.0-windows10.0.19041.0/win-x64/R2R/Microsoft.Windows.AppNotifications.Builder.Projection.dll' -> 'goodrive://www.googleapis.com/:personal:/bannister/bannister/obj/x64/Release/net8.0-windows10.0.19041.0/win-x64/R2R/Microsoft.Windows.AppNotifications.Builder.Projection.dll' (131,072)
2026-09-26 05:34:23: Copy Over 'C:/rock/bannister/Bannister/obj/x64/Release/net8.0-windows10.0.19041.0/win-x64/R2R/Microsoft.Windows.AppLifecycle.Projection.dll' -> 'goodrive://www.googleapis.com/:personal:/bannister/bannister/obj/x64/Release/net8.0-windows10.0.19041.0/win-x64/R2R/Microsoft.Windows.AppLifecycle.Projection.dll' (90,112)
2026-09-26 05:34:23: Copy Over 'C:/rock/bannister/Bannister/obj/x64/Release/net8.0-windows10.0.19041.0/win-x64/R2R/Microsoft.Windows.AppNotifications.Projection.dll' -> 'goodrive://www.googleapis.com/:personal:/bannister/bannister/obj/x64/Release/net8.0-windows10.0.19041.0/win-x64/R2R/Microsoft.Windows.AppNotifications.Projection.dll' (118,784)
2026-09-26 05:34:23: > Copy Over 'C:/rock/bannister/Bannister/obj/x64/Release/net8.0-windows10.0.19041.0/win-x64/R2R/Microsoft.Windows.SDK.NET.dll' -> 'goodrive://www.googleapis.com/:personal:/bannister/bannister/obj/x64/Release/net8.0-windows10.0.19041.0/win-x64/R2R/Microsoft.Windows.SDK.NET.dll' (56,717,312)
2026-09-26 05:34:26: Copy Over 'C:/rock/bannister/Bannister/obj/x64/Release/net8.0-windows10.0.19041.0/win-x64/R2R/Microsoft.Windows.Management.Deployment.Projection.dll' -> 'goodrive://www.googleapis.com/:personal:/bannister/bannister/obj/x64/Release/net8.0-windows10.0.19041.0/win-x64/R2R/Microsoft.Windows.Management.Deployment.Projection.dll' (217,088)
2026-09-26 05:34:27: Copy Over 'C:/rock/bannister/Bannister/obj/x64/Release/net8.0-windows10.0.19041.0/win-x64/R2R/Microsoft.Windows.PushNotifications.Projection.dll' -> 'goodrive://www.googleapis.com/:personal:/bannister/bannister/obj/x64/Release/net8.0-windows10.0.19041.0/win-x64/R2R/Microsoft.Windows.PushNotifications.Projection.dll' (102,400)
2026-09-26 05:34:30: Copy Over 'C:/rock/bannister/Bannister/obj/x64/Release/net8.0-windows10.0.19041.0/win-x64/R2R/Microsoft.Windows.Security.AccessControl.Projection.dll' -> 'goodrive://www.googleapis.com/:personal:/bannister/bannister/obj/x64/Release/net8.0-windows10.0.19041.0/win-x64/R2R/Microsoft.Windows.Security.AccessControl.Projection.dll' (61,440)
2026-09-26 05:34:30: Copy Over 'C:/rock/bannister/Bannister/obj/x64/Release/net8.0-windows10.0.19041.0/win-x64/R2R/Microsoft.Windows.System.Power.Projection.dll' -> 'goodrive://www.googleapis.com/:personal:/bannister/bannister/obj/x64/Release/net8.0-windows10.0.19041.0/win-x64/R2R/Microsoft.Windows.System.Power.Projection.dll' (81,920)
2026-09-26 05:34:32: < Copy Over 'C:/rock/bannister/Bannister/obj/x64/Release/net8.0-windows10.0.19041.0/win-x64/R2R/Microsoft.Windows.SDK.NET.dll' -> 'goodrive://www.googleapis.com/:personal:/bannister/bannister/obj/x64/Release/net8.0-windows10.0.19041.0/win-x64/R2R/Microsoft.Windows.SDK.NET.dll' (56,717,312)
2026-09-26 05:34:34: Copy Over 'C:/rock/bannister/Bannister/obj/x64/Release/net8.0-windows10.0.19041.0/win-x64/R2R/Microsoft.Windows.System.Projection.dll' -> 'goodrive://www.googleapis.com/:personal:/bannister/bannister/obj/x64/Release/net8.0-windows10.0.19041.0/win-x64/R2R/Microsoft.Windows.System.Projection.dll' (69,632)
2026-09-26 05:34:34: > Copy Over 'C:/rock/bannister/Bannister/obj/x64/Release/net8.0-windows10.0.19041.0/win-x64/R2R/Microsoft.WinUI.dll' -> 'goodrive://www.googleapis.com/:personal:/bannister/bannister/obj/x64/Release/net8.0-windows10.0.19041.0/win-x64/R2R/Microsoft.WinUI.dll' (14,249,984)
2026-09-26 05:34:35: Copy Over 'C:/rock/bannister/Bannister/obj/x64/Release/net8.0-windows10.0.19041.0/win-x64/R2R/Microsoft.Windows.Widgets.Projection.dll' -> 'goodrive://www.googleapis.com/:personal:/bannister/bannister/obj/x64/Release/net8.0-windows10.0.19041.0/win-x64/R2R/Microsoft.Windows.Widgets.Projection.dll' (315,392)
2026-09-26 05:34:35: > Copy Over 'C:/rock/bannister/Bannister/obj/x64/Release/net8.0-windows10.0.19041.0/win-x64/R2R/Newtonsoft.Json.dll' -> 'goodrive://www.googleapis.com/:personal:/bannister/bannister/obj/x64/Release/net8.0-windows10.0.19041.0/win-x64/R2R/Newtonsoft.Json.dll' (1,294,336)
2026-09-26 05:34:36: Copy Over 'C:/rock/bannister/Bannister/obj/x64/Release/net8.0-windows10.0.19041.0/win-x64/R2R/Microsoft.WindowsAppRuntime.Bootstrap.Net.dll' -> 'goodrive://www.googleapis.com/:personal:/bannister/bannister/obj/x64/Release/net8.0-windows10.0.19041.0/win-x64/R2R/Microsoft.WindowsAppRuntime.Bootstrap.Net.dll' (20,480)
2026-09-26 05:34:36: > Copy Over 'C:/rock/bannister/Bannister/obj/x64/Release/net8.0-windows10.0.19041.0/win-x64/R2R/SkiaSharp.dll' -> 'goodrive://www.googleapis.com/:personal:/bannister/bannister/obj/x64/Release/net8.0-windows10.0.19041.0/win-x64/R2R/SkiaSharp.dll' (1,277,952)
2026-09-26 05:34:38: < Copy Over 'C:/rock/bannister/Bannister/obj/x64/Release/net8.0-windows10.0.19041.0/win-x64/R2R/Newtonsoft.Json.dll' -> 'goodrive://www.googleapis.com/:personal:/bannister/bannister/obj/x64/Release/net8.0-windows10.0.19041.0/win-x64/R2R/Newtonsoft.Json.dll' (1,294,336)
2026-09-26 05:34:39: < Copy Over 'C:/rock/bannister/Bannister/obj/x64/Release/net8.0-windows10.0.19041.0/win-x64/R2R/Microsoft.WinUI.dll' -> 'goodrive://www.googleapis.com/:personal:/bannister/bannister/obj/x64/Release/net8.0-windows10.0.19041.0/win-x64/R2R/Microsoft.WinUI.dll' (14,249,984)
2026-09-26 05:34:40: < Copy Over 'C:/rock/bannister/Bannister/obj/x64/Release/net8.0-windows10.0.19041.0/win-x64/R2R/SkiaSharp.dll' -> 'goodrive://www.googleapis.com/:personal:/bannister/bannister/obj/x64/Release/net8.0-windows10.0.19041.0/win-x64/R2R/SkiaSharp.dll' (1,277,952)
2026-09-26 05:34:42: Copy Over 'C:/rock/bannister/Bannister/obj/x64/Release/net8.0-windows10.0.19041.0/win-x64/R2R/SQLite-net.dll' -> 'goodrive://www.googleapis.com/:personal:/bannister/bannister/obj/x64/Release/net8.0-windows10.0.19041.0/win-x64/R2R/SQLite-net.dll' (290,816)
2026-09-26 05:34:43: Copy Over 'C:/rock/bannister/Bannister/obj/x64/Release/net8.0-windows10.0.19041.0/win-x64/R2R/SQLitePCLRaw.batteries_v2.dll' -> 'goodrive://www.googleapis.com/:personal:/bannister/bannister/obj/x64/Release/net8.0-windows10.0.19041.0/win-x64/R2R/SQLitePCLRaw.batteries_v2.dll' (20,480)
2026-09-26 05:34:43: Copy Over 'C:/rock/bannister/Bannister/obj/x64/Release/net8.0-windows10.0.19041.0/win-x64/R2R/SQLitePCLRaw.core.dll' -> 'goodrive://www.googleapis.com/:personal:/bannister/bannister/obj/x64/Release/net8.0-windows10.0.19041.0/win-x64/R2R/SQLitePCLRaw.core.dll' (110,592)
2026-09-26 05:34:43: > Copy Over 'C:/rock/bannister/Bannister/obj/x64/Release/net8.0-windows10.0.19041.0/win-x64/R2R/System.Speech.dll' -> 'goodrive://www.googleapis.com/:personal:/bannister/bannister/obj/x64/Release/net8.0-windows10.0.19041.0/win-x64/R2R/System.Speech.dll' (1,425,408)
2026-09-26 05:34:45: Copy Over 'C:/rock/bannister/Bannister/obj/x64/Release/net8.0-windows10.0.19041.0/win-x64/R2R/SQLitePCLRaw.provider.e_sqlcipher.dll' -> 'goodrive://www.googleapis.com/:personal:/bannister/bannister/obj/x64/Release/net8.0-windows10.0.19041.0/win-x64/R2R/SQLitePCLRaw.provider.e_sqlcipher.dll' (90,112)
2026-09-26 05:34:45: > Copy Over 'C:/rock/bannister/Bannister/obj/x64/Release/net8.0-windows10.0.19041.0/win-x64/R2R/WinRT.Runtime.dll' -> 'goodrive://www.googleapis.com/:personal:/bannister/bannister/obj/x64/Release/net8.0-windows10.0.19041.0/win-x64/R2R/WinRT.Runtime.dll' (1,392,640)
2026-09-26 05:34:46: Copy Over 'C:/rock/bannister/Bannister/obj/x64/Release/net8.0-windows10.0.19041.0/win-x64/R2R/SQLitePCLRaw.provider.e_sqlite3.dll' -> 'goodrive://www.googleapis.com/:personal:/bannister/bannister/obj/x64/Release/net8.0-windows10.0.19041.0/win-x64/R2R/SQLitePCLRaw.provider.e_sqlite3.dll' (86,016)
2026-09-26 05:34:47: < Copy Over 'C:/rock/bannister/Bannister/obj/x64/Release/net8.0-windows10.0.19041.0/win-x64/R2R/System.Speech.dll' -> 'goodrive://www.googleapis.com/:personal:/bannister/bannister/obj/x64/Release/net8.0-windows10.0.19041.0/win-x64/R2R/System.Speech.dll' (1,425,408)
2026-09-26 05:34:49: < Copy Over 'C:/rock/bannister/Bannister/obj/x64/Release/net8.0-windows10.0.19041.0/win-x64/R2R/WinRT.Runtime.dll' -> 'goodrive://www.googleapis.com/:personal:/bannister/bannister/obj/x64/Release/net8.0-windows10.0.19041.0/win-x64/R2R/WinRT.Runtime.dll' (1,392,640)
2026-09-26 05:34:49: Copy Over 'C:/rock/bannister/Bannister/obj/x64/Release/net8.0-windows10.0.19041.0/win-x64/R2R/Xabe.FFmpeg.dll' -> 'goodrive://www.googleapis.com/:personal:/bannister/bannister/obj/x64/Release/net8.0-windows10.0.19041.0/win-x64/R2R/Xabe.FFmpeg.dll' (331,776)
2026-09-26 05:34:49: > Copy Over 'C:/rock/bannister/Bannister/obj/x64/Release/net8.0-windows10.0.19041.0/win-x64/refint/Bannister.dll' -> 'goodrive://www.googleapis.com/:personal:/bannister/bannister/obj/x64/Release/net8.0-windows10.0.19041.0/win-x64/refint/Bannister.dll' (1,976,832)
2026-09-26 05:34:51: Copy Over 'C:/rock/bannister/Bannister/obj/x64/Release/net8.0-windows10.0.19041.0/win-x64/R2R/Xabe.FFmpeg.Downloader.dll' -> 'goodrive://www.googleapis.com/:personal:/bannister/bannister/obj/x64/Release/net8.0-windows10.0.19041.0/win-x64/R2R/Xabe.FFmpeg.Downloader.dll' (65,536)
2026-09-26 05:34:52: Copy Over 'C:/rock/bannister/Bannister/obj/x64/Release/net8.0-windows10.0.19041.0/win-x64/resources.resfiles.intermediate' -> 'goodrive://www.googleapis.com/:personal:/bannister/bannister/obj/x64/Release/net8.0-windows10.0.19041.0/win-x64/resources.resfiles.intermediate' (0)
2026-09-26 05:34:53: < Copy Over 'C:/rock/bannister/Bannister/obj/x64/Release/net8.0-windows10.0.19041.0/win-x64/refint/Bannister.dll' -> 'goodrive://www.googleapis.com/:personal:/bannister/bannister/obj/x64/Release/net8.0-windows10.0.19041.0/win-x64/refint/Bannister.dll' (1,976,832)
2026-09-26 05:34:55: Copy Over 'C:/rock/bannister/Bannister/obj/x64/Release/net8.0-windows10.0.19041.0/win-x64/XamlC.stamp' -> 'goodrive://www.googleapis.com/:personal:/bannister/bannister/obj/x64/Release/net8.0-windows10.0.19041.0/win-x64/XamlC.stamp' (0)
2026-09-26 05:34:56: Copy Over 'C:/rock/bannister/Bannister/obj/x64/Release/net8.0-windows10.0.19041.0/win-x64/unfiltered.layout.resfiles.intermediate' -> 'goodrive://www.googleapis.com/:personal:/bannister/bannister/obj/x64/Release/net8.0-windows10.0.19041.0/win-x64/unfiltered.layout.resfiles.intermediate' (2,329)
2026-09-26 05:34:56: Copy Over 'C:/rock/bannister/Bannister/obj/x64/Release/net8.0-windows10.0.19041.0/win-x64/XamlSaveStateFile.xml' -> 'goodrive://www.googleapis.com/:personal:/bannister/bannister/obj/x64/Release/net8.0-windows10.0.19041.0/win-x64/XamlSaveStateFile.xml' (809)
2026-09-26 05:34:56: Save State File C:/rock/bannister/_gsdata_/_file_state_v4._gs
2026-09-26 05:34:59: Save State File goodrive://www.googleapis.com/:personal:/bannister/_gsdata_/_file_state_v4._gs
2026-09-26 05:34:59: Release Snapshot of Volume C:
2026-09-26 05:35:00: Deleted Recycled: goodrive://www.googleapis.com/:personal:/bannister/_gsdata_/_saved_/.vs/Bannister/FileContentIndex/c348a3c1-ac88-45ee-85c0-afa6886b24dc.vsidx
2026-09-26 05:35:04: == Sync Complete. Time: 00:03:39, Speed: 965.05 KB/s, OK: 183, Errors: 0
