2026-08-22 07:40:21: -- Analysis Started by User Command
2026-08-22 07:40:21: L: Reading State File C:/rock/Bannister/_gsdata_/_file_state_v4._gs
2026-08-22 07:40:22: R: Reading State File goodrive://www.googleapis.com/:personal:/bannister_open_source/_gsdata_/_file_state_v4._gs
2026-08-22 07:42:15: /Bannister/bin/Debug/net8.0-windows10.0.19041.0/runtimes/linux-arm/native/libe_sqlite3.so: Warning: Older file to replace Newer file
2026-08-22 07:42:15: /Bannister/bin/Debug/net8.0-windows10.0.19041.0/runtimes/linux-arm64/native/libe_sqlite3.so: Warning: Older file to replace Newer file
2026-08-22 07:42:15: /Bannister/bin/Debug/net8.0-windows10.0.19041.0/runtimes/linux-armel/native/libe_sqlite3.so: Warning: Older file to replace Newer file
2026-08-22 07:42:15: /Bannister/bin/Debug/net8.0-windows10.0.19041.0/runtimes/linux-mips64/native/libe_sqlite3.so: Warning: Older file to replace Newer file
2026-08-22 07:42:15: /Bannister/bin/Debug/net8.0-windows10.0.19041.0/runtimes/linux-musl-arm/native/libe_sqlite3.so: Warning: Older file to replace Newer file
2026-08-22 07:42:15: /Bannister/bin/Debug/net8.0-windows10.0.19041.0/runtimes/linux-musl-arm64/native/libe_sqlite3.so: Warning: Older file to replace Newer file
2026-08-22 07:42:15: /Bannister/bin/Debug/net8.0-windows10.0.19041.0/runtimes/linux-musl-x64/native/libe_sqlite3.so: Warning: Older file to replace Newer file
2026-08-22 07:42:15: /Bannister/bin/Debug/net8.0-windows10.0.19041.0/runtimes/linux-s390x/native/libe_sqlite3.so: Warning: Older file to replace Newer file
2026-08-22 07:42:15: /Bannister/bin/Debug/net8.0-windows10.0.19041.0/runtimes/linux-x64/native/libe_sqlite3.so: Warning: Older file to replace Newer file
2026-08-22 07:42:15: /Bannister/bin/Debug/net8.0-windows10.0.19041.0/runtimes/linux-x86/native/libe_sqlite3.so: Warning: Older file to replace Newer file
2026-08-22 07:42:15: /Bannister/bin/Debug/net8.0-windows10.0.19041.0/runtimes/maccatalyst-arm64/native/libe_sqlite3.dylib: Warning: Older file to replace Newer file
2026-08-22 07:42:15: /Bannister/bin/Debug/net8.0-windows10.0.19041.0/runtimes/maccatalyst-x64/native/libe_sqlite3.dylib: Warning: Older file to replace Newer file
2026-08-22 07:42:15: /Bannister/bin/Debug/net8.0-windows10.0.19041.0/runtimes/osx-arm64/native/libe_sqlite3.dylib: Warning: Older file to replace Newer file
2026-08-22 07:42:15: /Bannister/bin/Debug/net8.0-windows10.0.19041.0/runtimes/osx-x64/native/libe_sqlite3.dylib: Warning: Older file to replace Newer file
2026-08-22 07:42:15: /Bannister/bin/Debug/net8.0-windows10.0.19041.0/runtimes/win-arm/native/e_sqlite3.dll: Warning: Older file to replace Newer file
2026-08-22 07:42:15: /Bannister/bin/Debug/net8.0-windows10.0.19041.0/runtimes/win-arm64/native/e_sqlite3.dll: Warning: Older file to replace Newer file
2026-08-22 07:42:15: /Bannister/bin/Debug/net8.0-windows10.0.19041.0/runtimes/win-x64/native/e_sqlite3.dll: Warning: Older file to replace Newer file
2026-08-22 07:42:15: /Bannister/bin/Debug/net8.0-windows10.0.19041.0/runtimes/win-x86/native/e_sqlite3.dll: Warning: Older file to replace Newer file
2026-08-22 07:42:15: /Bannister/bin/Debug/net8.0-windows10.0.19041.0/SQLitePCLRaw.provider.e_sqlite3.dll: Warning: Older file to replace Newer file
2026-08-22 07:42:15: /Bannister/bin/x64/Debug/net8.0-windows10.0.19041.0/AppX/runtimes/linux-arm/native/libe_sqlite3.so: Warning: Older file to replace Newer file
2026-08-22 07:42:15: /Bannister/bin/x64/Debug/net8.0-windows10.0.19041.0/AppX/runtimes/linux-arm64/native/libe_sqlite3.so: Warning: Older file to replace Newer file
2026-08-22 07:42:15: /Bannister/bin/x64/Debug/net8.0-windows10.0.19041.0/AppX/runtimes/linux-armel/native/libe_sqlite3.so: Warning: Older file to replace Newer file
2026-08-22 07:42:15: /Bannister/bin/x64/Debug/net8.0-windows10.0.19041.0/AppX/runtimes/linux-mips64/native/libe_sqlite3.so: Warning: Older file to replace Newer file
2026-08-22 07:42:15: /Bannister/bin/x64/Debug/net8.0-windows10.0.19041.0/AppX/runtimes/linux-musl-arm/native/libe_sqlite3.so: Warning: Older file to replace Newer file
2026-08-22 07:42:15: /Bannister/bin/x64/Debug/net8.0-windows10.0.19041.0/AppX/runtimes/linux-musl-arm64/native/libe_sqlite3.so: Warning: Older file to replace Newer file
2026-08-22 07:42:15: /Bannister/bin/x64/Debug/net8.0-windows10.0.19041.0/AppX/runtimes/linux-musl-x64/native/libe_sqlite3.so: Warning: Older file to replace Newer file
2026-08-22 07:42:15: /Bannister/bin/x64/Debug/net8.0-windows10.0.19041.0/AppX/runtimes/linux-s390x/native/libe_sqlite3.so: Warning: Older file to replace Newer file
2026-08-22 07:42:15: /Bannister/bin/x64/Debug/net8.0-windows10.0.19041.0/AppX/runtimes/linux-x64/native/libe_sqlite3.so: Warning: Older file to replace Newer file
2026-08-22 07:42:15: /Bannister/bin/x64/Debug/net8.0-windows10.0.19041.0/AppX/runtimes/linux-x86/native/libe_sqlite3.so: Warning: Older file to replace Newer file
2026-08-22 07:42:15: /Bannister/bin/x64/Debug/net8.0-windows10.0.19041.0/AppX/runtimes/maccatalyst-arm64/native/libe_sqlite3.dylib: Warning: Older file to replace Newer file
2026-08-22 07:42:15: /Bannister/bin/x64/Debug/net8.0-windows10.0.19041.0/AppX/runtimes/maccatalyst-x64/native/libe_sqlite3.dylib: Warning: Older file to replace Newer file
2026-08-22 07:42:15: /Bannister/bin/x64/Debug/net8.0-windows10.0.19041.0/AppX/runtimes/osx-arm64/native/libe_sqlite3.dylib: Warning: Older file to replace Newer file
2026-08-22 07:42:15: /Bannister/bin/x64/Debug/net8.0-windows10.0.19041.0/AppX/runtimes/osx-x64/native/libe_sqlite3.dylib: Warning: Older file to replace Newer file
2026-08-22 07:42:15: /Bannister/bin/x64/Debug/net8.0-windows10.0.19041.0/AppX/runtimes/win-arm/native/e_sqlite3.dll: Warning: Older file to replace Newer file
2026-08-22 07:42:15: /Bannister/bin/x64/Debug/net8.0-windows10.0.19041.0/AppX/runtimes/win-arm64/native/e_sqlite3.dll: Warning: Older file to replace Newer file
2026-08-22 07:42:15: /Bannister/bin/x64/Debug/net8.0-windows10.0.19041.0/AppX/runtimes/win-x64/native/e_sqlite3.dll: Warning: Older file to replace Newer file
2026-08-22 07:42:15: /Bannister/bin/x64/Debug/net8.0-windows10.0.19041.0/AppX/runtimes/win-x86/native/e_sqlite3.dll: Warning: Older file to replace Newer file
2026-08-22 07:42:15: /Bannister/bin/x64/Debug/net8.0-windows10.0.19041.0/AppX/SQLitePCLRaw.provider.e_sqlite3.dll: Warning: Older file to replace Newer file
2026-08-22 07:42:15: /Bannister/bin/x64/Debug/net8.0-windows10.0.19041.0/runtimes/linux-arm/native/libe_sqlite3.so: Warning: Older file to replace Newer file
2026-08-22 07:42:15: /Bannister/bin/x64/Debug/net8.0-windows10.0.19041.0/runtimes/linux-arm64/native/libe_sqlite3.so: Warning: Older file to replace Newer file
2026-08-22 07:42:15: /Bannister/bin/x64/Debug/net8.0-windows10.0.19041.0/runtimes/linux-armel/native/libe_sqlite3.so: Warning: Older file to replace Newer file
2026-08-22 07:42:15: /Bannister/bin/x64/Debug/net8.0-windows10.0.19041.0/runtimes/linux-mips64/native/libe_sqlite3.so: Warning: Older file to replace Newer file
2026-08-22 07:42:15: /Bannister/bin/x64/Debug/net8.0-windows10.0.19041.0/runtimes/linux-musl-arm/native/libe_sqlite3.so: Warning: Older file to replace Newer file
2026-08-22 07:42:15: /Bannister/bin/x64/Debug/net8.0-windows10.0.19041.0/runtimes/linux-musl-arm64/native/libe_sqlite3.so: Warning: Older file to replace Newer file
2026-08-22 07:42:15: /Bannister/bin/x64/Debug/net8.0-windows10.0.19041.0/runtimes/linux-musl-x64/native/libe_sqlite3.so: Warning: Older file to replace Newer file
2026-08-22 07:42:15: /Bannister/bin/x64/Debug/net8.0-windows10.0.19041.0/runtimes/linux-s390x/native/libe_sqlite3.so: Warning: Older file to replace Newer file
2026-08-22 07:42:15: /Bannister/bin/x64/Debug/net8.0-windows10.0.19041.0/runtimes/linux-x64/native/libe_sqlite3.so: Warning: Older file to replace Newer file
2026-08-22 07:42:15: /Bannister/bin/x64/Debug/net8.0-windows10.0.19041.0/runtimes/linux-x86/native/libe_sqlite3.so: Warning: Older file to replace Newer file
2026-08-22 07:42:15: /Bannister/bin/x64/Debug/net8.0-windows10.0.19041.0/runtimes/maccatalyst-arm64/native/libe_sqlite3.dylib: Warning: Older file to replace Newer file
2026-08-22 07:42:15: /Bannister/bin/x64/Debug/net8.0-windows10.0.19041.0/runtimes/maccatalyst-x64/native/libe_sqlite3.dylib: Warning: Older file to replace Newer file
2026-08-22 07:42:15: /Bannister/bin/x64/Debug/net8.0-windows10.0.19041.0/runtimes/osx-arm64/native/libe_sqlite3.dylib: Warning: Older file to replace Newer file
2026-08-22 07:42:15: /Bannister/bin/x64/Debug/net8.0-windows10.0.19041.0/runtimes/osx-x64/native/libe_sqlite3.dylib: Warning: Older file to replace Newer file
2026-08-22 07:42:15: /Bannister/bin/x64/Debug/net8.0-windows10.0.19041.0/runtimes/win-arm/native/e_sqlite3.dll: Warning: Older file to replace Newer file
2026-08-22 07:42:15: /Bannister/bin/x64/Debug/net8.0-windows10.0.19041.0/runtimes/win-arm64/native/e_sqlite3.dll: Warning: Older file to replace Newer file
2026-08-22 07:42:15: /Bannister/bin/x64/Debug/net8.0-windows10.0.19041.0/runtimes/win-x64/native/e_sqlite3.dll: Warning: Older file to replace Newer file
2026-08-22 07:42:15: /Bannister/bin/x64/Debug/net8.0-windows10.0.19041.0/runtimes/win-x86/native/e_sqlite3.dll: Warning: Older file to replace Newer file
2026-08-22 07:42:15: /Bannister/bin/x64/Debug/net8.0-windows10.0.19041.0/SQLitePCLRaw.provider.e_sqlite3.dll: Warning: Older file to replace Newer file
2026-08-22 07:42:16: Changes: 15,135, Conflicts: 0, CopyTime: 0, FixState: 4,817, Errors: 0, All: 23096
2026-08-22 07:42:16: Left to Right: Copy File: 15119 Delete File: 16 
2026-08-22 07:42:16: -- Analysis Complete. Time 00:01:55, Speed: 290 files/s
