2026-08-07 05:31:13: -- Analysis Started by On Schedule Min=30 Hour=5 
2026-08-07 05:31:13: L: Reading State File C:/rock/bannister/_gsdata_/_file_state_v4._gs
2026-08-07 05:31:17: R: Reading State File goodrive://www.googleapis.com/:personal:/bannister/_gsdata_/_file_state_v4._gs
2026-08-07 05:31:19: Changes: 4, Conflicts: 0, CopyTime: 0, FixState: 0, Errors: 0, All: 22701
2026-08-07 05:31:19: Left to Right: Copy File: 4 
2026-08-07 05:31:19: == Sync Started by On Schedule Min=30 Hour=5 
2026-08-07 05:31:20: ConnectCloned connected to file:///C:/rock/bannister
2026-08-07 05:31:20: ConnectCloned connected to file:///C:/rock/bannister
2026-08-07 05:31:20: ConnectCloned connected to file:///C:/rock/bannister
2026-08-07 05:31:20: GsConnectAndSetRoot1 connected to goodrive://www.googleapis.com/:personal:/bannister
2026-08-07 05:31:20: GsConnectAndSetRoot1 connected to goodrive://www.googleapis.com/:personal:/bannister
2026-08-07 05:31:20: GsConnectAndSetRoot1 connected to goodrive://www.googleapis.com/:personal:/bannister
2026-08-07 05:31:25: Copy Over 'C:/rock/bannister/.vs/Bannister/v18/DocumentLayout.backup.json' -> 'goodrive://www.googleapis.com/:personal:/bannister/.vs/Bannister/v18/DocumentLayout.backup.json' (17,863)
2026-08-07 05:31:25: Copy Over 'C:/rock/bannister/.vs/Bannister/v18/DocumentLayout.json' -> 'goodrive://www.googleapis.com/:personal:/bannister/.vs/Bannister/v18/DocumentLayout.json' (17,863)
2026-08-07 05:31:25: Copy Over 'C:/rock/bannister/.vs/Bannister/v18/.suo' -> 'goodrive://www.googleapis.com/:personal:/bannister/.vs/Bannister/v18/.suo' (78,848)
2026-08-07 05:31:29: Copy Over 'C:/rock/bannister/Bannister/bin/x64/Debug/net8.0-windows10.0.19041.0/AppX/vs.appxrecipe' -> 'goodrive://www.googleapis.com/:personal:/bannister/bannister/bin/x64/Debug/net8.0-windows10.0.19041.0/AppX/vs.appxrecipe' (72,682)
2026-08-07 05:31:29: Save State File C:/rock/bannister/_gsdata_/_file_state_v4._gs
2026-08-07 05:31:32: Save State File goodrive://www.googleapis.com/:personal:/bannister/_gsdata_/_file_state_v4._gs
2026-08-07 05:31:33: Deleted Recycled: goodrive://www.googleapis.com/:personal:/bannister/_gsdata_/_saved_/.vs/Bannister/FileContentIndex/3d17c9f6-8470-41d4-91bf-df47589219e3.vsidx
2026-08-07 05:31:37: == Sync Complete. Time: 00:00:17, Speed: 15.60 KB/s, OK: 4, Errors: 0
