2026-07-31 05:30:28: -- Analysis Started by On Schedule Min=30 Hour=5 
2026-07-31 05:30:28: L: Reading State File C:/rock/bannister/_gsdata_/_file_state_v4._gs
2026-07-31 05:30:32: R: Reading State File goodrive://www.googleapis.com/:personal:/bannister/_gsdata_/_file_state_v4._gs
2026-07-31 05:30:34: Changes: 63, Conflicts: 0, CopyTime: 0, FixState: 0, Errors: 0, All: 22541
2026-07-31 05:30:34: Left to Right: Copy File: 58 Delete File: 5 
2026-07-31 05:30:34: == Sync Started by On Schedule Min=30 Hour=5 
2026-07-31 05:30:34: ConnectCloned connected to file:///C:/rock/bannister
2026-07-31 05:30:34: ConnectCloned connected to file:///C:/rock/bannister
2026-07-31 05:30:34: ConnectCloned connected to file:///C:/rock/bannister
2026-07-31 05:30:34: GsConnectAndSetRoot1 connected to goodrive://www.googleapis.com/:personal:/bannister
2026-07-31 05:30:34: GsConnectAndSetRoot1 connected to goodrive://www.googleapis.com/:personal:/bannister
2026-07-31 05:30:34: GsConnectAndSetRoot1 connected to goodrive://www.googleapis.com/:personal:/bannister
2026-07-31 05:30:39: Copy Over 'C:/rock/bannister/Bannister/obj/x64/Debug/net8.0-windows10.0.19041.0/apphost.exe' -> 'goodrive://www.googleapis.com/:personal:/bannister/bannister/obj/x64/Debug/net8.0-windows10.0.19041.0/apphost.exe' (153,088)
2026-07-31 05:30:39: Copy Over 'C:/rock/bannister/Bannister/Views/CalendarPage.cs' -> 'goodrive://www.googleapis.com/:personal:/bannister/bannister/Views/CalendarPage.cs' (124,873)
2026-07-31 05:30:40: Copy Over 'C:/rock/bannister/Bannister/obj/x64/Debug/net8.0-windows10.0.19041.0/.NETCoreApp,Version=v8.0.AssemblyAttributes.cs' -> 'goodrive://www.googleapis.com/:personal:/bannister/bannister/obj/x64/Debug/net8.0-windows10.0.19041.0/.NETCoreApp,Version=v8.0.AssemblyAttributes.cs' (198)
2026-07-31 05:30:43: Copy Over 'C:/rock/bannister/Bannister/obj/x64/Debug/net8.0-windows10.0.19041.0/Bannister.AssemblyInfo.cs' -> 'goodrive://www.googleapis.com/:personal:/bannister/bannister/obj/x64/Debug/net8.0-windows10.0.19041.0/Bannister.AssemblyInfo.cs' (1,713)
2026-07-31 05:30:44: Copy Over 'C:/rock/bannister/Bannister/obj/x64/Debug/net8.0-windows10.0.19041.0/Bannister.AssemblyInfoInputs.cache' -> 'goodrive://www.googleapis.com/:personal:/bannister/bannister/obj/x64/Debug/net8.0-windows10.0.19041.0/Bannister.AssemblyInfoInputs.cache' (66)
2026-07-31 05:30:44: > Copy Over 'C:/rock/bannister/Bannister/obj/x64/Debug/net8.0-windows10.0.19041.0/Bannister.dll' -> 'goodrive://www.googleapis.com/:personal:/bannister/bannister/obj/x64/Debug/net8.0-windows10.0.19041.0/Bannister.dll' (6,742,016)
2026-07-31 05:30:44: Copy Over 'C:/rock/bannister/Bannister/obj/x64/Debug/net8.0-windows10.0.19041.0/Bannister.assets.cache' -> 'goodrive://www.googleapis.com/:personal:/bannister/bannister/obj/x64/Debug/net8.0-windows10.0.19041.0/Bannister.assets.cache' (73,605)
2026-07-31 05:30:44: > Copy Over 'C:/rock/bannister/Bannister/obj/x64/Debug/net8.0-windows10.0.19041.0/Bannister.pdb' -> 'goodrive://www.googleapis.com/:personal:/bannister/bannister/obj/x64/Debug/net8.0-windows10.0.19041.0/Bannister.pdb' (1,421,940)
2026-07-31 05:30:47: Copy Over 'C:/rock/bannister/Bannister/obj/x64/Debug/net8.0-windows10.0.19041.0/Bannister.csproj.BuildWithSkipAnalyzers' -> 'goodrive://www.googleapis.com/:personal:/bannister/bannister/obj/x64/Debug/net8.0-windows10.0.19041.0/Bannister.csproj.BuildWithSkipAnalyzers' (0)
2026-07-31 05:30:48: < Copy Over 'C:/rock/bannister/Bannister/obj/x64/Debug/net8.0-windows10.0.19041.0/Bannister.pdb' -> 'goodrive://www.googleapis.com/:personal:/bannister/bannister/obj/x64/Debug/net8.0-windows10.0.19041.0/Bannister.pdb' (1,421,940)
2026-07-31 05:30:49: < Copy Over 'C:/rock/bannister/Bannister/obj/x64/Debug/net8.0-windows10.0.19041.0/Bannister.dll' -> 'goodrive://www.googleapis.com/:personal:/bannister/bannister/obj/x64/Debug/net8.0-windows10.0.19041.0/Bannister.dll' (6,742,016)
2026-07-31 05:30:51: Copy Over 'C:/rock/bannister/Bannister/obj/x64/Debug/net8.0-windows10.0.19041.0/Bannister.sourcelink.json' -> 'goodrive://www.googleapis.com/:personal:/bannister/bannister/obj/x64/Debug/net8.0-windows10.0.19041.0/Bannister.sourcelink.json' (141)
2026-07-31 05:30:51: Copy Over 'C:/rock/bannister/Bannister/obj/x64/Debug/net8.0-windows10.0.19041.0/excluded.layout.resfiles.intermediate' -> 'goodrive://www.googleapis.com/:personal:/bannister/bannister/obj/x64/Debug/net8.0-windows10.0.19041.0/excluded.layout.resfiles.intermediate' (0)
2026-07-31 05:30:51: > Copy Over 'C:/rock/bannister/Bannister/obj/x64/Debug/net8.0-windows10.0.19041.0/intermediatexaml/Bannister.dll' -> 'goodrive://www.googleapis.com/:personal:/bannister/bannister/obj/x64/Debug/net8.0-windows10.0.19041.0/intermediatexaml/Bannister.dll' (6,601,728)
2026-07-31 05:30:52: Copy Over 'C:/rock/bannister/Bannister/obj/x64/Debug/net8.0-windows10.0.19041.0/embed/embed.resfiles.intermediate' -> 'goodrive://www.googleapis.com/:personal:/bannister/bannister/obj/x64/Debug/net8.0-windows10.0.19041.0/embed/embed.resfiles.intermediate' (27)
2026-07-31 05:30:54: Copy Over 'C:/rock/bannister/Bannister/obj/x64/Debug/net8.0-windows10.0.19041.0/filtered.layout.resfiles.intermediate' -> 'goodrive://www.googleapis.com/:personal:/bannister/bannister/obj/x64/Debug/net8.0-windows10.0.19041.0/filtered.layout.resfiles.intermediate' (2,329)
2026-07-31 05:30:55: < Copy Over 'C:/rock/bannister/Bannister/obj/x64/Debug/net8.0-windows10.0.19041.0/intermediatexaml/Bannister.dll' -> 'goodrive://www.googleapis.com/:personal:/bannister/bannister/obj/x64/Debug/net8.0-windows10.0.19041.0/intermediatexaml/Bannister.dll' (6,601,728)
2026-07-31 05:30:56: Copy Over 'C:/rock/bannister/Bannister/obj/x64/Debug/net8.0-windows10.0.19041.0/pri.resfiles.intermediate' -> 'goodrive://www.googleapis.com/:personal:/bannister/bannister/obj/x64/Debug/net8.0-windows10.0.19041.0/pri.resfiles.intermediate' (386)
2026-07-31 05:30:57: Copy Over 'C:/rock/bannister/Bannister/obj/x64/Debug/net8.0-windows10.0.19041.0/Platforms/Windows/App.xaml' -> 'goodrive://www.googleapis.com/:personal:/bannister/bannister/obj/x64/Debug/net8.0-windows10.0.19041.0/Platforms/Windows/App.xaml' (304)
2026-07-31 05:30:57: > Copy Over 'C:/rock/bannister/Bannister/obj/x64/Debug/net8.0-windows10.0.19041.0/ref/Bannister.dll' -> 'goodrive://www.googleapis.com/:personal:/bannister/bannister/obj/x64/Debug/net8.0-windows10.0.19041.0/ref/Bannister.dll' (1,442,304)
2026-07-31 05:30:59: Copy Over 'C:/rock/bannister/Bannister/obj/x64/Debug/net8.0-windows10.0.19041.0/priconfig.xml.intermediate' -> 'goodrive://www.googleapis.com/:personal:/bannister/bannister/obj/x64/Debug/net8.0-windows10.0.19041.0/priconfig.xml.intermediate' (3,154)
2026-07-31 05:30:59: > Copy Over 'C:/rock/bannister/Bannister/obj/x64/Debug/net8.0-windows10.0.19041.0/refint/Bannister.dll' -> 'goodrive://www.googleapis.com/:personal:/bannister/bannister/obj/x64/Debug/net8.0-windows10.0.19041.0/refint/Bannister.dll' (1,442,304)
2026-07-31 05:31:00: Copy Over 'C:/rock/bannister/Bannister/obj/x64/Debug/net8.0-windows10.0.19041.0/qualifiers.txt.intermediate' -> 'goodrive://www.googleapis.com/:personal:/bannister/bannister/obj/x64/Debug/net8.0-windows10.0.19041.0/qualifiers.txt.intermediate' (184)
2026-07-31 05:31:01: < Copy Over 'C:/rock/bannister/Bannister/obj/x64/Debug/net8.0-windows10.0.19041.0/ref/Bannister.dll' -> 'goodrive://www.googleapis.com/:personal:/bannister/bannister/obj/x64/Debug/net8.0-windows10.0.19041.0/ref/Bannister.dll' (1,442,304)
2026-07-31 05:31:03: < Copy Over 'C:/rock/bannister/Bannister/obj/x64/Debug/net8.0-windows10.0.19041.0/refint/Bannister.dll' -> 'goodrive://www.googleapis.com/:personal:/bannister/bannister/obj/x64/Debug/net8.0-windows10.0.19041.0/refint/Bannister.dll' (1,442,304)
2026-07-31 05:31:05: Copy Over 'C:/rock/bannister/Bannister/obj/x64/Debug/net8.0-windows10.0.19041.0/unfiltered.layout.resfiles.intermediate' -> 'goodrive://www.googleapis.com/:personal:/bannister/bannister/obj/x64/Debug/net8.0-windows10.0.19041.0/unfiltered.layout.resfiles.intermediate' (2,329)
2026-07-31 05:31:05: Copy Over 'C:/rock/bannister/Bannister/obj/x64/Debug/net8.0-windows10.0.19041.0/resources.resfiles.intermediate' -> 'goodrive://www.googleapis.com/:personal:/bannister/bannister/obj/x64/Debug/net8.0-windows10.0.19041.0/resources.resfiles.intermediate' (0)
2026-07-31 05:31:06: Copy Over 'C:/rock/bannister/Bannister/obj/x64/Debug/net8.0-windows10.0.19041.0/XamlC.stamp' -> 'goodrive://www.googleapis.com/:personal:/bannister/bannister/obj/x64/Debug/net8.0-windows10.0.19041.0/XamlC.stamp' (0)
2026-07-31 05:31:09: Copy Over 'C:/rock/bannister/Bannister/bin/x64/Debug/net8.0-windows10.0.19041.0/AppxManifest.xml' -> 'goodrive://www.googleapis.com/:personal:/bannister/bannister/bin/x64/Debug/net8.0-windows10.0.19041.0/AppxManifest.xml' (2,821)
2026-07-31 05:31:09: Copy Over 'C:/rock/bannister/Bannister/obj/x64/Debug/net8.0-windows10.0.19041.0/XamlSaveStateFile.xml' -> 'goodrive://www.googleapis.com/:personal:/bannister/bannister/obj/x64/Debug/net8.0-windows10.0.19041.0/XamlSaveStateFile.xml' (834)
2026-07-31 05:31:09: > Copy Over 'C:/rock/bannister/Bannister/bin/x64/Debug/net8.0-windows10.0.19041.0/AppX/Bannister.dll' -> 'goodrive://www.googleapis.com/:personal:/bannister/bannister/bin/x64/Debug/net8.0-windows10.0.19041.0/AppX/Bannister.dll' (6,742,016)
2026-07-31 05:31:10: Copy Over 'C:/rock/bannister/Bannister/bin/x64/Debug/net8.0-windows10.0.19041.0/AppX/AppxManifest.xml' -> 'goodrive://www.googleapis.com/:personal:/bannister/bannister/bin/x64/Debug/net8.0-windows10.0.19041.0/AppX/AppxManifest.xml' (2,821)
2026-07-31 05:31:13: Copy Over 'C:/rock/bannister/Bannister/bin/x64/Debug/net8.0-windows10.0.19041.0/AppX/Bannister.exe' -> 'goodrive://www.googleapis.com/:personal:/bannister/bannister/bin/x64/Debug/net8.0-windows10.0.19041.0/AppX/Bannister.exe' (153,088)
2026-07-31 05:31:13: Copy Over 'C:/rock/bannister/Bannister/bin/x64/Debug/net8.0-windows10.0.19041.0/AppX/Bannister.deps.json' -> 'goodrive://www.googleapis.com/:personal:/bannister/bannister/bin/x64/Debug/net8.0-windows10.0.19041.0/AppX/Bannister.deps.json' (72,297)
2026-07-31 05:31:14: < Copy Over 'C:/rock/bannister/Bannister/bin/x64/Debug/net8.0-windows10.0.19041.0/AppX/Bannister.dll' -> 'goodrive://www.googleapis.com/:personal:/bannister/bannister/bin/x64/Debug/net8.0-windows10.0.19041.0/AppX/Bannister.dll' (6,742,016)
2026-07-31 05:31:17: Copy Over 'C:/rock/bannister/Bannister/bin/x64/Debug/net8.0-windows10.0.19041.0/AppX/resources.pri' -> 'goodrive://www.googleapis.com/:personal:/bannister/bannister/bin/x64/Debug/net8.0-windows10.0.19041.0/AppX/resources.pri' (140,744)
2026-07-31 05:31:17: Copy Over 'C:/rock/bannister/Bannister/bin/x64/Debug/net8.0-windows10.0.19041.0/AppX/Bannister.runtimeconfig.json' -> 'goodrive://www.googleapis.com/:personal:/bannister/bannister/bin/x64/Debug/net8.0-windows10.0.19041.0/AppX/Bannister.runtimeconfig.json' (385)
2026-07-31 05:31:18: Copy Over 'C:/rock/bannister/Bannister/bin/x64/Debug/net8.0-windows10.0.19041.0/AppX/vs.appxrecipe' -> 'goodrive://www.googleapis.com/:personal:/bannister/bannister/bin/x64/Debug/net8.0-windows10.0.19041.0/AppX/vs.appxrecipe' (72,682)
2026-07-31 05:31:18: > Copy Over 'C:/rock/bannister/Bannister/bin/x64/Debug/net8.0-windows10.0.19041.0/Bannister.dll' -> 'goodrive://www.googleapis.com/:personal:/bannister/bannister/bin/x64/Debug/net8.0-windows10.0.19041.0/Bannister.dll' (6,742,016)
2026-07-31 05:31:21: Copy Over 'C:/rock/bannister/Bannister/bin/x64/Debug/net8.0-windows10.0.19041.0/Bannister.deps.json' -> 'goodrive://www.googleapis.com/:personal:/bannister/bannister/bin/x64/Debug/net8.0-windows10.0.19041.0/Bannister.deps.json' (72,297)
2026-07-31 05:31:21: Copy Over 'C:/rock/bannister/Bannister/bin/x64/Debug/net8.0-windows10.0.19041.0/Bannister.build.appxrecipe' -> 'goodrive://www.googleapis.com/:personal:/bannister/bannister/bin/x64/Debug/net8.0-windows10.0.19041.0/Bannister.build.appxrecipe' (60,573)
2026-07-31 05:31:21: > Copy Over 'C:/rock/bannister/Bannister/bin/x64/Debug/net8.0-windows10.0.19041.0/Bannister.pdb' -> 'goodrive://www.googleapis.com/:personal:/bannister/bannister/bin/x64/Debug/net8.0-windows10.0.19041.0/Bannister.pdb' (1,421,940)
2026-07-31 05:31:22: < Copy Over 'C:/rock/bannister/Bannister/bin/x64/Debug/net8.0-windows10.0.19041.0/Bannister.dll' -> 'goodrive://www.googleapis.com/:personal:/bannister/bannister/bin/x64/Debug/net8.0-windows10.0.19041.0/Bannister.dll' (6,742,016)
2026-07-31 05:31:25: Copy Over 'C:/rock/bannister/Bannister/bin/x64/Debug/net8.0-windows10.0.19041.0/Bannister.exe' -> 'goodrive://www.googleapis.com/:personal:/bannister/bannister/bin/x64/Debug/net8.0-windows10.0.19041.0/Bannister.exe' (153,088)
2026-07-31 05:31:25: < Copy Over 'C:/rock/bannister/Bannister/bin/x64/Debug/net8.0-windows10.0.19041.0/Bannister.pdb' -> 'goodrive://www.googleapis.com/:personal:/bannister/bannister/bin/x64/Debug/net8.0-windows10.0.19041.0/Bannister.pdb' (1,421,940)
2026-07-31 05:31:25: Copy Over 'C:/rock/bannister/Bannister/bin/x64/Debug/net8.0-windows10.0.19041.0/Bannister.runtimeconfig.json' -> 'goodrive://www.googleapis.com/:personal:/bannister/bannister/bin/x64/Debug/net8.0-windows10.0.19041.0/Bannister.runtimeconfig.json' (385)
2026-07-31 05:31:28: Copy Over 'C:/rock/bannister/Bannister/bin/x64/Debug/net8.0-windows10.0.19041.0/resources.pri' -> 'goodrive://www.googleapis.com/:personal:/bannister/bannister/bin/x64/Debug/net8.0-windows10.0.19041.0/resources.pri' (140,744)
2026-07-31 05:31:28: Copy Over 'C:/rock/bannister/Bannister/obj/x64/Debug/net8.0-android/.NETCoreApp,Version=v8.0.AssemblyAttributes.cs' -> 'goodrive://www.googleapis.com/:personal:/bannister/bannister/obj/x64/Debug/net8.0-android/.NETCoreApp,Version=v8.0.AssemblyAttributes.cs' (198)
2026-07-31 05:31:29: Copy Over 'C:/rock/bannister/Bannister/obj/x64/Debug/net8.0-android/Bannister.AssemblyInfo.cs' -> 'goodrive://www.googleapis.com/:personal:/bannister/bannister/obj/x64/Debug/net8.0-android/Bannister.AssemblyInfo.cs' (1,200)
2026-07-31 05:31:29: Create Folder goodrive://www.googleapis.com/:personal:/bannister/.vs/Bannister/CopilotIndices/18.8.1096.64007
2026-07-31 05:31:29: > Copy Over 'C:/rock/bannister/.vs/Bannister/CopilotIndices/18.6.39603.9996/CodeChunks.db' -> 'goodrive://www.googleapis.com/:personal:/bannister/.vs/Bannister/CopilotIndices/18.6.39603.9996/CodeChunks.db' (5,513,216)
2026-07-31 05:31:32: Copy Over 'C:/rock/bannister/Bannister/obj/x64/Debug/net8.0-android/Bannister.AssemblyInfoInputs.cache' -> 'goodrive://www.googleapis.com/:personal:/bannister/bannister/obj/x64/Debug/net8.0-android/Bannister.AssemblyInfoInputs.cache' (66)
2026-07-31 05:31:32: Copy Over 'C:/rock/bannister/Bannister/obj/x64/Debug/net8.0-android/Bannister.assets.cache' -> 'goodrive://www.googleapis.com/:personal:/bannister/bannister/obj/x64/Debug/net8.0-android/Bannister.assets.cache' (102,483)
2026-07-31 05:31:32: > Copy New 'C:/rock/bannister/.vs/Bannister/CopilotIndices/18.8.1096.64007/CodeChunks.db' -> 'goodrive://www.googleapis.com/:personal:/bannister/.vs/Bannister/CopilotIndices/18.8.1096.64007/CodeChunks.db' (4,300,800)
2026-07-31 05:31:34: < Copy Over 'C:/rock/bannister/.vs/Bannister/CopilotIndices/18.6.39603.9996/CodeChunks.db' -> 'goodrive://www.googleapis.com/:personal:/bannister/.vs/Bannister/CopilotIndices/18.6.39603.9996/CodeChunks.db' (5,513,216)
2026-07-31 05:31:34: > Copy New 'C:/rock/bannister/.vs/Bannister/CopilotIndices/18.8.1096.64007/CodeChunks.db-wal' -> 'goodrive://www.googleapis.com/:personal:/bannister/.vs/Bannister/CopilotIndices/18.8.1096.64007/CodeChunks.db-wal' (4,169,472)
2026-07-31 05:31:34: Copy New 'C:/rock/bannister/.vs/Bannister/CopilotIndices/18.8.1096.64007/CodeChunks.db-shm' -> 'goodrive://www.googleapis.com/:personal:/bannister/.vs/Bannister/CopilotIndices/18.8.1096.64007/CodeChunks.db-shm' (32,768)
2026-07-31 05:31:34: > Copy New 'C:/rock/bannister/.vs/Bannister/CopilotIndices/18.8.1096.64007/SemanticSymbols.db' -> 'goodrive://www.googleapis.com/:personal:/bannister/.vs/Bannister/CopilotIndices/18.8.1096.64007/SemanticSymbols.db' (1,855,488)
2026-07-31 05:31:35: < Copy New 'C:/rock/bannister/.vs/Bannister/CopilotIndices/18.8.1096.64007/CodeChunks.db' -> 'goodrive://www.googleapis.com/:personal:/bannister/.vs/Bannister/CopilotIndices/18.8.1096.64007/CodeChunks.db' (4,300,800)
2026-07-31 05:31:36: < Copy New 'C:/rock/bannister/.vs/Bannister/CopilotIndices/18.8.1096.64007/CodeChunks.db-wal' -> 'goodrive://www.googleapis.com/:personal:/bannister/.vs/Bannister/CopilotIndices/18.8.1096.64007/CodeChunks.db-wal' (4,169,472)
2026-07-31 05:31:36: > Copy New 'C:/rock/bannister/.vs/Bannister/CopilotIndices/18.8.1096.64007/SemanticSymbols.db-wal' -> 'goodrive://www.googleapis.com/:personal:/bannister/.vs/Bannister/CopilotIndices/18.8.1096.64007/SemanticSymbols.db-wal' (4,243,632)
2026-07-31 05:31:36: < Copy New 'C:/rock/bannister/.vs/Bannister/CopilotIndices/18.8.1096.64007/SemanticSymbols.db' -> 'goodrive://www.googleapis.com/:personal:/bannister/.vs/Bannister/CopilotIndices/18.8.1096.64007/SemanticSymbols.db' (1,855,488)
2026-07-31 05:31:37: Copy New 'C:/rock/bannister/.vs/Bannister/CopilotIndices/18.8.1096.64007/SemanticSymbols.db-shm' -> 'goodrive://www.googleapis.com/:personal:/bannister/.vs/Bannister/CopilotIndices/18.8.1096.64007/SemanticSymbols.db-shm' (32,768)
2026-07-31 05:31:38: Delete File goodrive://www.googleapis.com/:personal:/bannister/.vs/Bannister/CopilotIndices/18.6.39603.9996/CodeChunks.db-shm
2026-07-31 05:31:38: > Copy Over 'C:/rock/bannister/.vs/Bannister/CopilotIndices/18.6.39603.9996/SemanticSymbols.db' -> 'goodrive://www.googleapis.com/:personal:/bannister/.vs/Bannister/CopilotIndices/18.6.39603.9996/SemanticSymbols.db' (5,283,840)
2026-07-31 05:31:39: Delete File goodrive://www.googleapis.com/:personal:/bannister/.vs/Bannister/CopilotIndices/18.6.39603.9996/CodeChunks.db-wal
2026-07-31 05:31:39: < Copy New 'C:/rock/bannister/.vs/Bannister/CopilotIndices/18.8.1096.64007/SemanticSymbols.db-wal' -> 'goodrive://www.googleapis.com/:personal:/bannister/.vs/Bannister/CopilotIndices/18.8.1096.64007/SemanticSymbols.db-wal' (4,243,632)
2026-07-31 05:31:40: Delete File goodrive://www.googleapis.com/:personal:/bannister/.vs/Bannister/CopilotIndices/18.6.39603.9996/SemanticSymbols.db-shm
2026-07-31 05:31:40: Delete File goodrive://www.googleapis.com/:personal:/bannister/.vs/Bannister/CopilotIndices/18.6.39603.9996/SemanticSymbols.db-wal
2026-07-31 05:31:41: Delete File goodrive://www.googleapis.com/:personal:/bannister/.vs/Bannister/FileContentIndex/95fb591a-4dfc-4b2f-949f-6f9f58b051fa.vsidx
2026-07-31 05:31:41: CopyFileSimple: OpenDownload: ERR: Cannot open file C:/rock/bannister/.vs/Bannister/FileContentIndex/c8760230-340a-46b7-ad74-71a003038637.vsidx: cannot open file 'C:/rock/bannister/.vs/Bannister/FileContentIndex/c8760230-340a-46b7-ad74-71a003038637.vsidx': The process cannot access the file because it is being used by another process.  (error 32)
2026-07-31 05:31:41: Creating Snapshot of Volume 'C:' because this file is locked: C:/rock/bannister/.vs/Bannister/FileContentIndex/c8760230-340a-46b7-ad74-71a003038637.vsidx
2026-07-31 05:31:41: Connecting to Elevated Local GoodSync Server to complete operation
2026-07-31 05:31:41: LOCAL C:(127.0.0.1) -> S:127.0.0.1:33333
2026-07-31 05:31:43: Created Snapshot of Volume 'C:' at '/GLOBALROOT/Device/HarddiskVolumeShadowCopy23', Elevated
2026-07-31 05:31:43: Open File Snap GetShadow: AbsPath=/GLOBALROOT/Device/HarddiskVolumeShadowCopy23/rock/bannister/.vs/Bannister/FileContentIndex/c8760230-340a-46b7-ad74-71a003038637.vsidx SnapshotPath=/GLOBALROOT/Device/HarddiskVolumeShadowCopy23 SnapVolume=C:
2026-07-31 05:31:43: Copy Over 'C:/rock/bannister/.vs/Bannister/DesignTimeBuild/.dtbcache.v2' -> 'goodrive://www.googleapis.com/:personal:/bannister/.vs/Bannister/DesignTimeBuild/.dtbcache.v2' (201,707)
2026-07-31 05:31:43: < Copy Over 'C:/rock/bannister/.vs/Bannister/CopilotIndices/18.6.39603.9996/SemanticSymbols.db' -> 'goodrive://www.googleapis.com/:personal:/bannister/.vs/Bannister/CopilotIndices/18.6.39603.9996/SemanticSymbols.db' (5,283,840)
2026-07-31 05:31:45: Copy New 'C:/rock/bannister/.vs/Bannister/FileContentIndex/c8760230-340a-46b7-ad74-71a003038637.vsidx' -> 'goodrive://www.googleapis.com/:personal:/bannister/.vs/Bannister/FileContentIndex/c8760230-340a-46b7-ad74-71a003038637.vsidx' (163,988)
2026-07-31 05:31:46: Copy Over 'C:/rock/bannister/.vs/Bannister/v18/.futdcache.v2' -> 'goodrive://www.googleapis.com/:personal:/bannister/.vs/Bannister/v18/.futdcache.v2' (566)
2026-07-31 05:31:47: Copy Over 'C:/rock/bannister/.vs/Bannister/v18/.suo' -> 'goodrive://www.googleapis.com/:personal:/bannister/.vs/Bannister/v18/.suo' (78,848)
2026-07-31 05:31:48: Copy Over 'C:/rock/bannister/.vs/Bannister/v18/DocumentLayout.backup.json' -> 'goodrive://www.googleapis.com/:personal:/bannister/.vs/Bannister/v18/DocumentLayout.backup.json' (18,001)
2026-07-31 05:31:50: Copy Over 'C:/rock/bannister/.vs/Bannister/v18/DocumentLayout.json' -> 'goodrive://www.googleapis.com/:personal:/bannister/.vs/Bannister/v18/DocumentLayout.json' (18,001)
2026-07-31 05:31:50: Save State File C:/rock/bannister/_gsdata_/_file_state_v4._gs
2026-07-31 05:31:52: Save State File goodrive://www.googleapis.com/:personal:/bannister/_gsdata_/_file_state_v4._gs
2026-07-31 05:31:53: Release Snapshot of Volume C:
2026-07-31 05:31:56: == Sync Complete. Time: 00:01:22, Speed: 769.04 KB/s, OK: 63, Errors: 0
