2026-09-23 05:30:28: -- Analysis Started by On Schedule Min=30 Hour=5 
2026-09-23 05:30:28: L: Reading State File C:/rock/bannister/_gsdata_/_file_state_v4._gs
2026-09-23 05:30:32: R: Reading State File goodrive://www.googleapis.com/:personal:/bannister/_gsdata_/_file_state_v4._gs
2026-09-23 05:30:36: Changes: 99, Conflicts: 0, CopyTime: 0, FixState: 0, Errors: 0, All: 26423
2026-09-23 05:30:36: Left to Right: Copy File: 96 Delete File: 3 
2026-09-23 05:30:36: == Sync Started by On Schedule Min=30 Hour=5 
2026-09-23 05:30:36: ConnectCloned connected to file:///C:/rock/bannister
2026-09-23 05:30:36: ConnectCloned connected to file:///C:/rock/bannister
2026-09-23 05:30:36: ConnectCloned connected to file:///C:/rock/bannister
2026-09-23 05:30:36: GsConnectAndSetRoot1 connected to goodrive://www.googleapis.com/:personal:/bannister
2026-09-23 05:30:36: GsConnectAndSetRoot1 connected to goodrive://www.googleapis.com/:personal:/bannister
2026-09-23 05:30:36: GsConnectAndSetRoot1 connected to goodrive://www.googleapis.com/:personal:/bannister
2026-09-23 05:30:40: Copy Over 'C:/rock/bannister/Bannister/Models/NewHabit.cs' -> 'goodrive://www.googleapis.com/:personal:/bannister/bannister/Models/NewHabit.cs' (4,563)
2026-09-23 05:30:41: Copy Over 'C:/rock/bannister/Bannister/Services/NewHabitService.cs' -> 'goodrive://www.googleapis.com/:personal:/bannister/bannister/Services/NewHabitService.cs' (43,854)
2026-09-23 05:30:41: Copy Over 'C:/rock/bannister/Bannister/bin/x64/Debug/net8.0-windows10.0.19041.0/AppX/AppxManifest.xml' -> 'goodrive://www.googleapis.com/:personal:/bannister/bannister/bin/x64/Debug/net8.0-windows10.0.19041.0/AppX/AppxManifest.xml' (2,821)
2026-09-23 05:30:44: Copy Over 'C:/rock/bannister/Bannister/obj/x64/Debug/net8.0-windows10.0.19041.0/Bannister.AssemblyInfo.cs' -> 'goodrive://www.googleapis.com/:personal:/bannister/bannister/obj/x64/Debug/net8.0-windows10.0.19041.0/Bannister.AssemblyInfo.cs' (1,713)
2026-09-23 05:30:44: Copy Over 'C:/rock/bannister/Bannister/obj/x64/Debug/net8.0-windows10.0.19041.0/apphost.exe' -> 'goodrive://www.googleapis.com/:personal:/bannister/bannister/obj/x64/Debug/net8.0-windows10.0.19041.0/apphost.exe' (153,088)
2026-09-23 05:30:44: Copy Over 'C:/rock/bannister/Bannister/obj/x64/Debug/net8.0-windows10.0.19041.0/Bannister.AssemblyInfoInputs.cache' -> 'goodrive://www.googleapis.com/:personal:/bannister/bannister/obj/x64/Debug/net8.0-windows10.0.19041.0/Bannister.AssemblyInfoInputs.cache' (66)
2026-09-23 05:30:48: Copy Over 'C:/rock/bannister/Bannister/obj/x64/Debug/net8.0-windows10.0.19041.0/Bannister.csproj.BuildWithSkipAnalyzers' -> 'goodrive://www.googleapis.com/:personal:/bannister/bannister/obj/x64/Debug/net8.0-windows10.0.19041.0/Bannister.csproj.BuildWithSkipAnalyzers' (0)
2026-09-23 05:30:48: > Copy Over 'C:/rock/bannister/Bannister/obj/x64/Debug/net8.0-windows10.0.19041.0/Bannister.dll' -> 'goodrive://www.googleapis.com/:personal:/bannister/bannister/obj/x64/Debug/net8.0-windows10.0.19041.0/Bannister.dll' (8,411,648)
2026-09-23 05:30:48: Copy Over 'C:/rock/bannister/Bannister/obj/x64/Debug/net8.0-windows10.0.19041.0/Bannister.assets.cache' -> 'goodrive://www.googleapis.com/:personal:/bannister/bannister/obj/x64/Debug/net8.0-windows10.0.19041.0/Bannister.assets.cache' (73,605)
2026-09-23 05:30:48: > Copy Over 'C:/rock/bannister/Bannister/obj/x64/Debug/net8.0-windows10.0.19041.0/Bannister.pdb' -> 'goodrive://www.googleapis.com/:personal:/bannister/bannister/obj/x64/Debug/net8.0-windows10.0.19041.0/Bannister.pdb' (1,778,376)
2026-09-23 05:30:48: Copy Over 'C:/rock/bannister/Bannister/obj/x64/Debug/net8.0-windows10.0.19041.0/Bannister.csproj.CoreCompileInputs.cache' -> 'goodrive://www.googleapis.com/:personal:/bannister/bannister/obj/x64/Debug/net8.0-windows10.0.19041.0/Bannister.csproj.CoreCompileInputs.cache' (66)
2026-09-23 05:30:51: Copy Over 'C:/rock/bannister/Bannister/obj/x64/Debug/net8.0-windows10.0.19041.0/Bannister.sourcelink.json' -> 'goodrive://www.googleapis.com/:personal:/bannister/bannister/obj/x64/Debug/net8.0-windows10.0.19041.0/Bannister.sourcelink.json' (141)
2026-09-23 05:30:52: < Copy Over 'C:/rock/bannister/Bannister/obj/x64/Debug/net8.0-windows10.0.19041.0/Bannister.pdb' -> 'goodrive://www.googleapis.com/:personal:/bannister/bannister/obj/x64/Debug/net8.0-windows10.0.19041.0/Bannister.pdb' (1,778,376)
2026-09-23 05:30:52: < Copy Over 'C:/rock/bannister/Bannister/obj/x64/Debug/net8.0-windows10.0.19041.0/Bannister.dll' -> 'goodrive://www.googleapis.com/:personal:/bannister/bannister/obj/x64/Debug/net8.0-windows10.0.19041.0/Bannister.dll' (8,411,648)
2026-09-23 05:30:55: Copy Over 'C:/rock/bannister/Bannister/obj/x64/Debug/net8.0-windows10.0.19041.0/excluded.layout.resfiles.intermediate' -> 'goodrive://www.googleapis.com/:personal:/bannister/bannister/obj/x64/Debug/net8.0-windows10.0.19041.0/excluded.layout.resfiles.intermediate' (0)
2026-09-23 05:30:55: Copy Over 'C:/rock/bannister/Bannister/obj/x64/Debug/net8.0-windows10.0.19041.0/embed/embed.resfiles.intermediate' -> 'goodrive://www.googleapis.com/:personal:/bannister/bannister/obj/x64/Debug/net8.0-windows10.0.19041.0/embed/embed.resfiles.intermediate' (27)
2026-09-23 05:30:55: Copy Over 'C:/rock/bannister/Bannister/obj/x64/Debug/net8.0-windows10.0.19041.0/filtered.layout.resfiles.intermediate' -> 'goodrive://www.googleapis.com/:personal:/bannister/bannister/obj/x64/Debug/net8.0-windows10.0.19041.0/filtered.layout.resfiles.intermediate' (2,329)
2026-09-23 05:30:55: > Copy Over 'C:/rock/bannister/Bannister/obj/x64/Debug/net8.0-windows10.0.19041.0/intermediatexaml/Bannister.dll' -> 'goodrive://www.googleapis.com/:personal:/bannister/bannister/obj/x64/Debug/net8.0-windows10.0.19041.0/intermediatexaml/Bannister.dll' (8,210,432)
2026-09-23 05:30:58: Copy Over 'C:/rock/bannister/Bannister/obj/x64/Debug/net8.0-windows10.0.19041.0/input.json' -> 'goodrive://www.googleapis.com/:personal:/bannister/bannister/obj/x64/Debug/net8.0-windows10.0.19041.0/input.json' (104,202)
2026-09-23 05:30:58: > Copy Over 'C:/rock/bannister/Bannister/obj/x64/Debug/net8.0-windows10.0.19041.0/intermediatexaml/Bannister.pdb' -> 'goodrive://www.googleapis.com/:personal:/bannister/bannister/obj/x64/Debug/net8.0-windows10.0.19041.0/intermediatexaml/Bannister.pdb' (1,748,684)
2026-09-23 05:30:59: Copy Over 'C:/rock/bannister/Bannister/obj/x64/Debug/net8.0-windows10.0.19041.0/output.json' -> 'goodrive://www.googleapis.com/:personal:/bannister/bannister/obj/x64/Debug/net8.0-windows10.0.19041.0/output.json' (8,845)
2026-09-23 05:31:00: < Copy Over 'C:/rock/bannister/Bannister/obj/x64/Debug/net8.0-windows10.0.19041.0/intermediatexaml/Bannister.dll' -> 'goodrive://www.googleapis.com/:personal:/bannister/bannister/obj/x64/Debug/net8.0-windows10.0.19041.0/intermediatexaml/Bannister.dll' (8,210,432)
2026-09-23 05:31:02: < Copy Over 'C:/rock/bannister/Bannister/obj/x64/Debug/net8.0-windows10.0.19041.0/intermediatexaml/Bannister.pdb' -> 'goodrive://www.googleapis.com/:personal:/bannister/bannister/obj/x64/Debug/net8.0-windows10.0.19041.0/intermediatexaml/Bannister.pdb' (1,748,684)
2026-09-23 05:31:02: Copy Over 'C:/rock/bannister/Bannister/obj/x64/Debug/net8.0-windows10.0.19041.0/pri.resfiles.intermediate' -> 'goodrive://www.googleapis.com/:personal:/bannister/bannister/obj/x64/Debug/net8.0-windows10.0.19041.0/pri.resfiles.intermediate' (386)
2026-09-23 05:31:02: > Copy Over 'C:/rock/bannister/Bannister/obj/x64/Debug/net8.0-windows10.0.19041.0/ref/Bannister.dll' -> 'goodrive://www.googleapis.com/:personal:/bannister/bannister/obj/x64/Debug/net8.0-windows10.0.19041.0/ref/Bannister.dll' (1,760,256)
2026-09-23 05:31:04: Copy Over 'C:/rock/bannister/Bannister/obj/x64/Debug/net8.0-windows10.0.19041.0/priconfig.xml.intermediate' -> 'goodrive://www.googleapis.com/:personal:/bannister/bannister/obj/x64/Debug/net8.0-windows10.0.19041.0/priconfig.xml.intermediate' (3,154)
2026-09-23 05:31:04: > Copy Over 'C:/rock/bannister/Bannister/obj/x64/Debug/net8.0-windows10.0.19041.0/refint/Bannister.dll' -> 'goodrive://www.googleapis.com/:personal:/bannister/bannister/obj/x64/Debug/net8.0-windows10.0.19041.0/refint/Bannister.dll' (1,760,256)
2026-09-23 05:31:05: Copy Over 'C:/rock/bannister/Bannister/obj/x64/Debug/net8.0-windows10.0.19041.0/Platforms/Windows/App.xaml' -> 'goodrive://www.googleapis.com/:personal:/bannister/bannister/obj/x64/Debug/net8.0-windows10.0.19041.0/Platforms/Windows/App.xaml' (304)
2026-09-23 05:31:05: < Copy Over 'C:/rock/bannister/Bannister/obj/x64/Debug/net8.0-windows10.0.19041.0/ref/Bannister.dll' -> 'goodrive://www.googleapis.com/:personal:/bannister/bannister/obj/x64/Debug/net8.0-windows10.0.19041.0/ref/Bannister.dll' (1,760,256)
2026-09-23 05:31:07: < Copy Over 'C:/rock/bannister/Bannister/obj/x64/Debug/net8.0-windows10.0.19041.0/refint/Bannister.dll' -> 'goodrive://www.googleapis.com/:personal:/bannister/bannister/obj/x64/Debug/net8.0-windows10.0.19041.0/refint/Bannister.dll' (1,760,256)
2026-09-23 05:31:09: Copy Over 'C:/rock/bannister/Bannister/obj/x64/Debug/net8.0-windows10.0.19041.0/resources.resfiles.intermediate' -> 'goodrive://www.googleapis.com/:personal:/bannister/bannister/obj/x64/Debug/net8.0-windows10.0.19041.0/resources.resfiles.intermediate' (0)
2026-09-23 05:31:09: Copy Over 'C:/rock/bannister/Bannister/obj/x64/Debug/net8.0-windows10.0.19041.0/unfiltered.layout.resfiles.intermediate' -> 'goodrive://www.googleapis.com/:personal:/bannister/bannister/obj/x64/Debug/net8.0-windows10.0.19041.0/unfiltered.layout.resfiles.intermediate' (2,329)
2026-09-23 05:31:10: Copy Over 'C:/rock/bannister/Bannister/obj/x64/Debug/net8.0-windows10.0.19041.0/XamlC.stamp' -> 'goodrive://www.googleapis.com/:personal:/bannister/bannister/obj/x64/Debug/net8.0-windows10.0.19041.0/XamlC.stamp' (0)
2026-09-23 05:31:10: > Copy Over 'C:/rock/bannister/Bannister/bin/x64/Debug/net8.0-windows10.0.19041.0/AppX/Bannister.dll' -> 'goodrive://www.googleapis.com/:personal:/bannister/bannister/bin/x64/Debug/net8.0-windows10.0.19041.0/AppX/Bannister.dll' (8,411,648)
2026-09-23 05:31:12: Copy Over 'C:/rock/bannister/Bannister/obj/x64/Debug/net8.0-windows10.0.19041.0/XamlSaveStateFile.xml' -> 'goodrive://www.googleapis.com/:personal:/bannister/bannister/obj/x64/Debug/net8.0-windows10.0.19041.0/XamlSaveStateFile.xml' (813)
2026-09-23 05:31:13: Copy Over 'C:/rock/bannister/Bannister/bin/x64/Debug/net8.0-windows10.0.19041.0/AppX/Bannister.deps.json' -> 'goodrive://www.googleapis.com/:personal:/bannister/bannister/bin/x64/Debug/net8.0-windows10.0.19041.0/AppX/Bannister.deps.json' (72,297)
2026-09-23 05:31:15: < Copy Over 'C:/rock/bannister/Bannister/bin/x64/Debug/net8.0-windows10.0.19041.0/AppX/Bannister.dll' -> 'goodrive://www.googleapis.com/:personal:/bannister/bannister/bin/x64/Debug/net8.0-windows10.0.19041.0/AppX/Bannister.dll' (8,411,648)
2026-09-23 05:31:16: Copy Over 'C:/rock/bannister/Bannister/bin/x64/Debug/net8.0-windows10.0.19041.0/AppX/Bannister.exe' -> 'goodrive://www.googleapis.com/:personal:/bannister/bannister/bin/x64/Debug/net8.0-windows10.0.19041.0/AppX/Bannister.exe' (153,088)
2026-09-23 05:31:16: Copy Over 'C:/rock/bannister/Bannister/bin/x64/Debug/net8.0-windows10.0.19041.0/AppX/Bannister.runtimeconfig.json' -> 'goodrive://www.googleapis.com/:personal:/bannister/bannister/bin/x64/Debug/net8.0-windows10.0.19041.0/AppX/Bannister.runtimeconfig.json' (385)
2026-09-23 05:31:19: Copy Over 'C:/rock/bannister/Bannister/bin/x64/Debug/net8.0-windows10.0.19041.0/AppX/vs.appxrecipe' -> 'goodrive://www.googleapis.com/:personal:/bannister/bannister/bin/x64/Debug/net8.0-windows10.0.19041.0/AppX/vs.appxrecipe' (72,682)
2026-09-23 05:31:19: Copy Over 'C:/rock/bannister/Bannister/bin/x64/Debug/net8.0-windows10.0.19041.0/AppxManifest.xml' -> 'goodrive://www.googleapis.com/:personal:/bannister/bannister/bin/x64/Debug/net8.0-windows10.0.19041.0/AppxManifest.xml' (2,821)
2026-09-23 05:31:19: > Copy Over 'C:/rock/bannister/Bannister/bin/x64/Debug/net8.0-windows10.0.19041.0/Bannister.dll' -> 'goodrive://www.googleapis.com/:personal:/bannister/bannister/bin/x64/Debug/net8.0-windows10.0.19041.0/Bannister.dll' (8,411,648)
2026-09-23 05:31:19: Copy Over 'C:/rock/bannister/Bannister/bin/x64/Debug/net8.0-windows10.0.19041.0/Bannister.build.appxrecipe' -> 'goodrive://www.googleapis.com/:personal:/bannister/bannister/bin/x64/Debug/net8.0-windows10.0.19041.0/Bannister.build.appxrecipe' (60,573)
2026-09-23 05:31:22: Copy Over 'C:/rock/bannister/Bannister/bin/x64/Debug/net8.0-windows10.0.19041.0/Bannister.deps.json' -> 'goodrive://www.googleapis.com/:personal:/bannister/bannister/bin/x64/Debug/net8.0-windows10.0.19041.0/Bannister.deps.json' (72,297)
2026-09-23 05:31:23: > Copy Over 'C:/rock/bannister/Bannister/bin/x64/Debug/net8.0-windows10.0.19041.0/Bannister.pdb' -> 'goodrive://www.googleapis.com/:personal:/bannister/bannister/bin/x64/Debug/net8.0-windows10.0.19041.0/Bannister.pdb' (1,778,376)
2026-09-23 05:31:23: Copy Over 'C:/rock/bannister/Bannister/bin/x64/Debug/net8.0-windows10.0.19041.0/Bannister.exe' -> 'goodrive://www.googleapis.com/:personal:/bannister/bannister/bin/x64/Debug/net8.0-windows10.0.19041.0/Bannister.exe' (153,088)
2026-09-23 05:31:23: < Copy Over 'C:/rock/bannister/Bannister/bin/x64/Debug/net8.0-windows10.0.19041.0/Bannister.dll' -> 'goodrive://www.googleapis.com/:personal:/bannister/bannister/bin/x64/Debug/net8.0-windows10.0.19041.0/Bannister.dll' (8,411,648)
2026-09-23 05:31:26: Copy Over 'C:/rock/bannister/Bannister/bin/x64/Debug/net8.0-windows10.0.19041.0/Bannister.runtimeconfig.json' -> 'goodrive://www.googleapis.com/:personal:/bannister/bannister/bin/x64/Debug/net8.0-windows10.0.19041.0/Bannister.runtimeconfig.json' (385)
2026-09-23 05:31:26: < Copy Over 'C:/rock/bannister/Bannister/bin/x64/Debug/net8.0-windows10.0.19041.0/Bannister.pdb' -> 'goodrive://www.googleapis.com/:personal:/bannister/bannister/bin/x64/Debug/net8.0-windows10.0.19041.0/Bannister.pdb' (1,778,376)
2026-09-23 05:31:26: CopyFileSimple: OpenDownload: ERR: Cannot open file C:/rock/bannister/.vs/Bannister/FileContentIndex/0784b276-a470-404b-877f-fd842d66d0b0.vsidx: cannot open file 'C:/rock/bannister/.vs/Bannister/FileContentIndex/0784b276-a470-404b-877f-fd842d66d0b0.vsidx': The process cannot access the file because it is being used by another process.  (error 32)
2026-09-23 05:31:26: Creating Snapshot of Volume 'C:' because this file is locked: C:/rock/bannister/.vs/Bannister/FileContentIndex/0784b276-a470-404b-877f-fd842d66d0b0.vsidx
2026-09-23 05:31:26: Connecting to Elevated Local GoodSync Server to complete operation
2026-09-23 05:31:26: LOCAL C:(127.0.0.1) -> S:127.0.0.1:33333
2026-09-23 05:31:27: Copy Over 'C:/rock/bannister/Bannister/Services/WeeklyChallengeService.cs' -> 'goodrive://www.googleapis.com/:personal:/bannister/bannister/Services/WeeklyChallengeService.cs' (18,177)
2026-09-23 05:31:27: > Copy Over 'C:/rock/bannister/.vs/Bannister/CopilotIndices/18.8.1106.51376/CodeChunks.db' -> 'goodrive://www.googleapis.com/:personal:/bannister/.vs/Bannister/CopilotIndices/18.8.1106.51376/CodeChunks.db' (6,635,520)
2026-09-23 05:31:29: Created Snapshot of Volume 'C:' at '/GLOBALROOT/Device/HarddiskVolumeShadowCopy21', Elevated
2026-09-23 05:31:29: Open File Snap GetShadow: AbsPath=/GLOBALROOT/Device/HarddiskVolumeShadowCopy21/rock/bannister/.vs/Bannister/FileContentIndex/0784b276-a470-404b-877f-fd842d66d0b0.vsidx SnapshotPath=/GLOBALROOT/Device/HarddiskVolumeShadowCopy21 SnapVolume=C:
2026-09-23 05:31:29: Copy Over 'C:/rock/bannister/Bannister/Views/ChallengeTasksPage.cs' -> 'goodrive://www.googleapis.com/:personal:/bannister/bannister/Views/ChallengeTasksPage.cs' (29,664)
2026-09-23 05:31:29: > Copy Over 'C:/rock/bannister/.vs/Bannister/CopilotIndices/18.8.1106.51376/CodeChunks.db-wal' -> 'goodrive://www.googleapis.com/:personal:/bannister/.vs/Bannister/CopilotIndices/18.8.1106.51376/CodeChunks.db-wal' (4,276,592)
2026-09-23 05:31:31: Copy New 'C:/rock/bannister/.vs/Bannister/FileContentIndex/0784b276-a470-404b-877f-fd842d66d0b0.vsidx' -> 'goodrive://www.googleapis.com/:personal:/bannister/.vs/Bannister/FileContentIndex/0784b276-a470-404b-877f-fd842d66d0b0.vsidx' (247,974)
2026-09-23 05:31:31: > Copy Over 'C:/rock/bannister/.vs/Bannister/CopilotIndices/18.8.1106.51376/SemanticSymbols.db' -> 'goodrive://www.googleapis.com/:personal:/bannister/.vs/Bannister/CopilotIndices/18.8.1106.51376/SemanticSymbols.db' (3,489,792)
2026-09-23 05:31:31: < Copy Over 'C:/rock/bannister/.vs/Bannister/CopilotIndices/18.8.1106.51376/CodeChunks.db' -> 'goodrive://www.googleapis.com/:personal:/bannister/.vs/Bannister/CopilotIndices/18.8.1106.51376/CodeChunks.db' (6,635,520)
2026-09-23 05:31:31: > Copy Over 'C:/rock/bannister/.vs/Bannister/CopilotIndices/18.8.1106.51376/SemanticSymbols.db-wal' -> 'goodrive://www.googleapis.com/:personal:/bannister/.vs/Bannister/CopilotIndices/18.8.1106.51376/SemanticSymbols.db-wal' (4,358,992)
2026-09-23 05:31:33: C:/rock/bannister/.vs/Bannister/CopilotIndices/18.8.1106.51376/CodeChunks.db-wal: Source file has changed between Analyze and Sync from '[file] size=4,276,592 accu-time=2026-09-22 21:25:40 attr=Archive,WArchive cktype=0' to 'size=4,276,592 time=2026-09-22 21:38:09', noted in source file state
2026-09-23 05:31:33: < Copy Over 'C:/rock/bannister/.vs/Bannister/CopilotIndices/18.8.1106.51376/CodeChunks.db-wal' -> 'goodrive://www.googleapis.com/:personal:/bannister/.vs/Bannister/CopilotIndices/18.8.1106.51376/CodeChunks.db-wal' (4,276,592)
2026-09-23 05:31:34: Delete File goodrive://www.googleapis.com/:personal:/bannister/.vs/Bannister/FileContentIndex/2bec41b1-535d-4dc6-a8e4-4ec8229d47c3.vsidx
2026-09-23 05:31:34: < Copy Over 'C:/rock/bannister/.vs/Bannister/CopilotIndices/18.8.1106.51376/SemanticSymbols.db' -> 'goodrive://www.googleapis.com/:personal:/bannister/.vs/Bannister/CopilotIndices/18.8.1106.51376/SemanticSymbols.db' (3,489,792)
2026-09-23 05:31:34: CopyFileSimple: OpenDownload: ERR: Cannot open file C:/rock/bannister/.vs/Bannister/FileContentIndex/4e51ba4f-76b2-4f00-90df-dc844d2954ae.vsidx: cannot open file 'C:/rock/bannister/.vs/Bannister/FileContentIndex/4e51ba4f-76b2-4f00-90df-dc844d2954ae.vsidx': The process cannot access the file because it is being used by another process.  (error 32)
2026-09-23 05:31:34: Open File Snap GetShadow: AbsPath=/GLOBALROOT/Device/HarddiskVolumeShadowCopy21/rock/bannister/.vs/Bannister/FileContentIndex/4e51ba4f-76b2-4f00-90df-dc844d2954ae.vsidx SnapshotPath=/GLOBALROOT/Device/HarddiskVolumeShadowCopy21 SnapVolume=C:
2026-09-23 05:31:35: Delete File goodrive://www.googleapis.com/:personal:/bannister/.vs/Bannister/FileContentIndex/4b45de38-06f0-48a7-90bd-ca3507ab0d0a.vsidx
2026-09-23 05:31:36: Delete File goodrive://www.googleapis.com/:personal:/bannister/.vs/Bannister/FileContentIndex/ccb5b1a6-f7f2-4503-880d-cda95c26ecd2.vsidx
2026-09-23 05:31:36: CopyFileSimple: OpenDownload: ERR: Cannot open file C:/rock/bannister/.vs/Bannister/FileContentIndex/fe8eb8a6-09ee-46e8-9325-7ca101989537.vsidx: cannot open file 'C:/rock/bannister/.vs/Bannister/FileContentIndex/fe8eb8a6-09ee-46e8-9325-7ca101989537.vsidx': The process cannot access the file because it is being used by another process.  (error 32)
2026-09-23 05:31:36: Open File Snap GetShadow: AbsPath=/GLOBALROOT/Device/HarddiskVolumeShadowCopy21/rock/bannister/.vs/Bannister/FileContentIndex/fe8eb8a6-09ee-46e8-9325-7ca101989537.vsidx SnapshotPath=/GLOBALROOT/Device/HarddiskVolumeShadowCopy21 SnapVolume=C:
2026-09-23 05:31:36: C:/rock/bannister/.vs/Bannister/CopilotIndices/18.8.1106.51376/SemanticSymbols.db-wal: Source file has changed between Analyze and Sync from '[file] size=4,358,992 accu-time=2026-09-22 21:25:40 attr=Archive,WArchive cktype=0' to 'size=4,358,992 time=2026-09-22 21:38:09', noted in source file state
2026-09-23 05:31:36: < Copy Over 'C:/rock/bannister/.vs/Bannister/CopilotIndices/18.8.1106.51376/SemanticSymbols.db-wal' -> 'goodrive://www.googleapis.com/:personal:/bannister/.vs/Bannister/CopilotIndices/18.8.1106.51376/SemanticSymbols.db-wal' (4,358,992)
2026-09-23 05:31:37: Copy New 'C:/rock/bannister/.vs/Bannister/FileContentIndex/4e51ba4f-76b2-4f00-90df-dc844d2954ae.vsidx' -> 'goodrive://www.googleapis.com/:personal:/bannister/.vs/Bannister/FileContentIndex/4e51ba4f-76b2-4f00-90df-dc844d2954ae.vsidx' (723,488)
2026-09-23 05:31:38: Copy New 'C:/rock/bannister/.vs/Bannister/FileContentIndex/fe8eb8a6-09ee-46e8-9325-7ca101989537.vsidx' -> 'goodrive://www.googleapis.com/:personal:/bannister/.vs/Bannister/FileContentIndex/fe8eb8a6-09ee-46e8-9325-7ca101989537.vsidx' (241,045)
2026-09-23 05:31:40: Copy Over 'C:/rock/bannister/Bannister/Views/HomePage.cs' -> 'goodrive://www.googleapis.com/:personal:/bannister/bannister/Views/HomePage.cs' (155,340)
2026-09-23 05:31:40: Copy Over 'C:/rock/bannister/.vs/Bannister/v18/.suo' -> 'goodrive://www.googleapis.com/:personal:/bannister/.vs/Bannister/v18/.suo' (96,768)
2026-09-23 05:31:41: Copy Over 'C:/rock/bannister/.vs/Bannister/v18/DocumentLayout.backup.json' -> 'goodrive://www.googleapis.com/:personal:/bannister/.vs/Bannister/v18/DocumentLayout.backup.json' (19,550)
2026-09-23 05:31:43: Copy Over 'C:/rock/bannister/Bannister/Views/NewHabitsPage.cs' -> 'goodrive://www.googleapis.com/:personal:/bannister/bannister/Views/NewHabitsPage.cs' (69,034)
2026-09-23 05:31:43: Copy Over 'C:/rock/bannister/.vs/Bannister/v18/DocumentLayout.json' -> 'goodrive://www.googleapis.com/:personal:/bannister/.vs/Bannister/v18/DocumentLayout.json' (19,550)
2026-09-23 05:31:46: Copy Over 'C:/rock/bannister/Bannister/Views/SettingsPage.cs' -> 'goodrive://www.googleapis.com/:personal:/bannister/bannister/Views/SettingsPage.cs' (34,554)
2026-09-23 05:31:47: Copy Over 'C:/rock/bannister/.git/COMMIT_EDITMSG' -> 'goodrive://www.googleapis.com/:personal:/bannister/.git/COMMIT_EDITMSG' (393)
2026-09-23 05:31:47: Copy Over 'C:/rock/bannister/Bannister/Views/TasksPage.cs' -> 'goodrive://www.googleapis.com/:personal:/bannister/bannister/Views/TasksPage.cs' (90,907)
2026-09-23 05:31:49: Copy New 'C:/rock/bannister/.git/objects/04/5cd3185cb6006d42696056ed906160519c80aa' -> 'goodrive://www.googleapis.com/:personal:/bannister/.git/objects/04/5cd3185cb6006d42696056ed906160519c80aa' (6,870)
2026-09-23 05:31:49: Copy Over 'C:/rock/bannister/.git/index' -> 'goodrive://www.googleapis.com/:personal:/bannister/.git/index' (53,307)
2026-09-23 05:31:51: Copy New 'C:/rock/bannister/.git/objects/07/adafef44059aa1cc5546078c97b57767982e4a' -> 'goodrive://www.googleapis.com/:personal:/bannister/.git/objects/07/adafef44059aa1cc5546078c97b57767982e4a' (488)
2026-09-23 05:31:52: Copy New 'C:/rock/bannister/.git/objects/0a/d7f59970f3211203354fa9511a3f171048a892' -> 'goodrive://www.googleapis.com/:personal:/bannister/.git/objects/0a/d7f59970f3211203354fa9511a3f171048a892' (358)
2026-09-23 05:31:52: Copy Over 'C:/rock/bannister/.git/logs/HEAD' -> 'goodrive://www.googleapis.com/:personal:/bannister/.git/logs/HEAD' (860,221)
2026-09-23 05:31:53: Copy New 'C:/rock/bannister/.git/objects/12/c4b9f0da7d5359c37f920170b9f5ad7e632b11' -> 'goodrive://www.googleapis.com/:personal:/bannister/.git/objects/12/c4b9f0da7d5359c37f920170b9f5ad7e632b11' (393)
2026-09-23 05:31:53: Copy New 'C:/rock/bannister/.git/objects/12/f212c71fadda33d84c9dec48222e6988b13bed' -> 'goodrive://www.googleapis.com/:personal:/bannister/.git/objects/12/f212c71fadda33d84c9dec48222e6988b13bed' (112)
2026-09-23 05:31:54: Copy New 'C:/rock/bannister/.git/objects/17/bdbfee101f42c49a6361fe7a488971bbf34c2c' -> 'goodrive://www.googleapis.com/:personal:/bannister/.git/objects/17/bdbfee101f42c49a6361fe7a488971bbf34c2c' (2,855)
2026-09-23 05:31:56: Copy New 'C:/rock/bannister/.git/objects/18/2cbfaaea45e3413fc3c2601516b7be2cb1984f' -> 'goodrive://www.googleapis.com/:personal:/bannister/.git/objects/18/2cbfaaea45e3413fc3c2601516b7be2cb1984f' (510,597)
2026-09-23 05:31:56: Copy New 'C:/rock/bannister/.git/objects/1c/aff0cdc5b375ffb2c88693230067d3bd2810aa' -> 'goodrive://www.googleapis.com/:personal:/bannister/.git/objects/1c/aff0cdc5b375ffb2c88693230067d3bd2810aa' (696)
2026-09-23 05:31:56: Copy New 'C:/rock/bannister/.git/objects/20/29654eb0c8166d5971dd53705acc57fe33d84a' -> 'goodrive://www.googleapis.com/:personal:/bannister/.git/objects/20/29654eb0c8166d5971dd53705acc57fe33d84a' (15,376)
2026-09-23 05:31:58: Copy New 'C:/rock/bannister/.git/objects/23/06f8e5873d32da2f6ecbae76fdafe862c103ac' -> 'goodrive://www.googleapis.com/:personal:/bannister/.git/objects/23/06f8e5873d32da2f6ecbae76fdafe862c103ac' (645)
2026-09-23 05:31:58: Copy New 'C:/rock/bannister/.git/objects/46/cc7ce4fe88929e7480889bf93912f92c6e2469' -> 'goodrive://www.googleapis.com/:personal:/bannister/.git/objects/46/cc7ce4fe88929e7480889bf93912f92c6e2469' (32,470)
2026-09-23 05:31:58: Copy New 'C:/rock/bannister/.git/objects/44/91340954901a6e6f19131312a0415aea74d18a' -> 'goodrive://www.googleapis.com/:personal:/bannister/.git/objects/44/91340954901a6e6f19131312a0415aea74d18a' (488)
2026-09-23 05:32:00: Copy New 'C:/rock/bannister/.git/objects/70/049ef73465ad75c4e3a57f93c12100a85a5a67' -> 'goodrive://www.googleapis.com/:personal:/bannister/.git/objects/70/049ef73465ad75c4e3a57f93c12100a85a5a67' (392)
2026-09-23 05:32:00: Copy New 'C:/rock/bannister/.git/objects/54/1dafb0516097a093b877db75d27c16e09953b0' -> 'goodrive://www.googleapis.com/:personal:/bannister/.git/objects/54/1dafb0516097a093b877db75d27c16e09953b0' (2,883)
2026-09-23 05:32:00: Copy New 'C:/rock/bannister/.git/objects/6e/2dbb5366ee079ae9146c4093f31bb9d8db2c66' -> 'goodrive://www.googleapis.com/:personal:/bannister/.git/objects/6e/2dbb5366ee079ae9146c4093f31bb9d8db2c66' (5,092)
2026-09-23 05:32:02: Copy New 'C:/rock/bannister/.git/objects/79/01d24946e00bb4afbd159e2aaa26c020313838' -> 'goodrive://www.googleapis.com/:personal:/bannister/.git/objects/79/01d24946e00bb4afbd159e2aaa26c020313838' (645)
2026-09-23 05:32:02: Copy New 'C:/rock/bannister/.git/objects/83/23574e733484bf1ea85637506a383561a3f50c' -> 'goodrive://www.googleapis.com/:personal:/bannister/.git/objects/83/23574e733484bf1ea85637506a383561a3f50c' (488)
2026-09-23 05:32:03: Copy New 'C:/rock/bannister/.git/objects/8a/8275a79169ab5983e2c3a33afd0da10c63cd04' -> 'goodrive://www.googleapis.com/:personal:/bannister/.git/objects/8a/8275a79169ab5983e2c3a33afd0da10c63cd04' (32,950)
2026-09-23 05:32:04: Copy New 'C:/rock/bannister/.git/objects/92/eafdeb3c95064a05f25c4fd5a6dd951730d54f' -> 'goodrive://www.googleapis.com/:personal:/bannister/.git/objects/92/eafdeb3c95064a05f25c4fd5a6dd951730d54f' (6,998)
2026-09-23 05:32:04: Copy New 'C:/rock/bannister/.git/objects/9d/7f8260899c09d7f9ab510be8f9e79216949b6d' -> 'goodrive://www.googleapis.com/:personal:/bannister/.git/objects/9d/7f8260899c09d7f9ab510be8f9e79216949b6d' (5,091)
2026-09-23 05:32:05: Copy New 'C:/rock/bannister/.git/objects/9e/3a33cd1918e74b3b8eb1f52bfe977bafab0cd2' -> 'goodrive://www.googleapis.com/:personal:/bannister/.git/objects/9e/3a33cd1918e74b3b8eb1f52bfe977bafab0cd2' (42,553)
2026-09-23 05:32:06: Copy New 'C:/rock/bannister/.git/objects/a8/357fa514fb97054e603121031bd63a91421fc7' -> 'goodrive://www.googleapis.com/:personal:/bannister/.git/objects/a8/357fa514fb97054e603121031bd63a91421fc7' (644)
2026-09-23 05:32:06: Copy New 'C:/rock/bannister/.git/objects/b9/0738d783f3e8a1e9865ef5fdc456dfe69bf395' -> 'goodrive://www.googleapis.com/:personal:/bannister/.git/objects/b9/0738d783f3e8a1e9865ef5fdc456dfe69bf395' (2,855)
2026-09-23 05:32:07: Copy New 'C:/rock/bannister/.git/objects/c4/d23f8acc8764d8ecc89ea31d00cc440be58c9a' -> 'goodrive://www.googleapis.com/:personal:/bannister/.git/objects/c4/d23f8acc8764d8ecc89ea31d00cc440be58c9a' (5,091)
2026-09-23 05:32:08: Copy New 'C:/rock/bannister/.git/objects/c9/1b5911c076998773a7fd0a5da25424577e1a75' -> 'goodrive://www.googleapis.com/:personal:/bannister/.git/objects/c9/1b5911c076998773a7fd0a5da25424577e1a75' (20,458)
2026-09-23 05:32:08: Copy New 'C:/rock/bannister/.git/objects/d2/6aace5f7c027399ea17d637dfb13ec5aabfc87' -> 'goodrive://www.googleapis.com/:personal:/bannister/.git/objects/d2/6aace5f7c027399ea17d637dfb13ec5aabfc87' (488)
2026-09-23 05:32:09: Copy New 'C:/rock/bannister/.git/objects/d4/0eadfab24de3a511002b3295ed202bffd5ac18' -> 'goodrive://www.googleapis.com/:personal:/bannister/.git/objects/d4/0eadfab24de3a511002b3295ed202bffd5ac18' (257)
2026-09-23 05:32:10: Copy New 'C:/rock/bannister/.git/objects/e6/e26d1f5e9bf8574dc6d4cdaecfb4257049e787' -> 'goodrive://www.googleapis.com/:personal:/bannister/.git/objects/e6/e26d1f5e9bf8574dc6d4cdaecfb4257049e787' (645)
2026-09-23 05:32:10: Copy New 'C:/rock/bannister/.git/objects/f2/028a638f44ca03e14f2836cbaf1a11ba51f9bc' -> 'goodrive://www.googleapis.com/:personal:/bannister/.git/objects/f2/028a638f44ca03e14f2836cbaf1a11ba51f9bc' (4,153)
2026-09-23 05:32:11: Copy New 'C:/rock/bannister/.git/objects/f2/8bc1aa2f84ac9cc2feba02577f60e9a4fb07b1' -> 'goodrive://www.googleapis.com/:personal:/bannister/.git/objects/f2/8bc1aa2f84ac9cc2feba02577f60e9a4fb07b1' (1,568)
2026-09-23 05:32:12: Copy New 'C:/rock/bannister/.git/objects/f3/230d941db39d5f29e4b82cc9ccec545526e97f' -> 'goodrive://www.googleapis.com/:personal:/bannister/.git/objects/f3/230d941db39d5f29e4b82cc9ccec545526e97f' (7,147)
2026-09-23 05:32:12: Copy New 'C:/rock/bannister/.git/objects/f8/6e8650be7de0bec9f35345211e9790f162a42e' -> 'goodrive://www.googleapis.com/:personal:/bannister/.git/objects/f8/6e8650be7de0bec9f35345211e9790f162a42e' (9,770)
2026-09-23 05:32:13: Copy New 'C:/rock/bannister/.git/objects/fe/aea8a293d9809d8967e27fb5cb1a356fa8cb01' -> 'goodrive://www.googleapis.com/:personal:/bannister/.git/objects/fe/aea8a293d9809d8967e27fb5cb1a356fa8cb01' (5,093)
2026-09-23 05:32:16: Copy Over 'C:/rock/bannister/.git/logs/refs/remotes/origin/main' -> 'goodrive://www.googleapis.com/:personal:/bannister/.git/logs/refs/remotes/origin/main' (91,959)
2026-09-23 05:32:17: Copy Over 'C:/rock/bannister/.git/refs/heads/main' -> 'goodrive://www.googleapis.com/:personal:/bannister/.git/refs/heads/main' (41)
2026-09-23 05:32:17: Copy Over 'C:/rock/bannister/.git/logs/refs/heads/main' -> 'goodrive://www.googleapis.com/:personal:/bannister/.git/logs/refs/heads/main' (860,221)
2026-09-23 05:32:19: Copy Over 'C:/rock/bannister/.git/refs/remotes/origin/main' -> 'goodrive://www.googleapis.com/:personal:/bannister/.git/refs/remotes/origin/main' (41)
2026-09-23 05:32:20: Save State File C:/rock/bannister/_gsdata_/_file_state_v4._gs
2026-09-23 05:32:22: Save State File goodrive://www.googleapis.com/:personal:/bannister/_gsdata_/_file_state_v4._gs
2026-09-23 05:32:23: Release Snapshot of Volume C:
2026-09-23 05:32:24: Deleted Recycled: goodrive://www.googleapis.com/:personal:/bannister/_gsdata_/_saved_/bannister/Views/SubActivityDailyPromptPage.cs
2026-09-23 05:32:27: == Sync Complete. Time: 00:01:51, Speed: 621.86 KB/s, OK: 99, Errors: 0
