2026-08-28 05:30:34: -- Analysis Started by On Schedule Min=30 Hour=5 
2026-08-28 05:30:34: L: Reading State File C:/rock/bannister/_gsdata_/_file_state_v4._gs
2026-08-28 05:30:38: R: Reading State File goodrive://www.googleapis.com/:personal:/bannister/_gsdata_/_file_state_v4._gs
2026-08-28 05:30:40: Changes: 5, Conflicts: 0, CopyTime: 0, FixState: 0, Errors: 0, All: 23280
2026-08-28 05:30:40: Left to Right: Copy File: 5 
2026-08-28 05:30:40: == Sync Started by On Schedule Min=30 Hour=5 
2026-08-28 05:30:40: ConnectCloned connected to file:///C:/rock/bannister
2026-08-28 05:30:40: ConnectCloned connected to file:///C:/rock/bannister
2026-08-28 05:30:40: ConnectCloned connected to file:///C:/rock/bannister
2026-08-28 05:30:40: GsConnectAndSetRoot1 connected to goodrive://www.googleapis.com/:personal:/bannister
2026-08-28 05:30:40: GsConnectAndSetRoot1 connected to goodrive://www.googleapis.com/:personal:/bannister
2026-08-28 05:30:40: GsConnectAndSetRoot1 connected to goodrive://www.googleapis.com/:personal:/bannister
2026-08-28 05:30:46: Copy Over 'C:/rock/bannister/.vs/Bannister/DesignTimeBuild/.dtbcache.v2' -> 'goodrive://www.googleapis.com/:personal:/bannister/.vs/Bannister/DesignTimeBuild/.dtbcache.v2' (202,599)
2026-08-28 05:30:46: Copy Over 'C:/rock/bannister/.vs/Bannister/v18/.suo' -> 'goodrive://www.googleapis.com/:personal:/bannister/.vs/Bannister/v18/.suo' (86,016)
2026-08-28 05:30:46: Copy Over 'C:/rock/bannister/.vs/Bannister/v18/DocumentLayout.backup.json' -> 'goodrive://www.googleapis.com/:personal:/bannister/.vs/Bannister/v18/DocumentLayout.backup.json' (17,863)
2026-08-28 05:30:50: Copy Over 'C:/rock/bannister/.vs/Bannister/v18/DocumentLayout.json' -> 'goodrive://www.googleapis.com/:personal:/bannister/.vs/Bannister/v18/DocumentLayout.json' (17,863)
2026-08-28 05:30:51: Copy Over 'C:/rock/bannister/Bannister/bin/x64/Debug/net8.0-windows10.0.19041.0/AppX/vs.appxrecipe' -> 'goodrive://www.googleapis.com/:personal:/bannister/bannister/bin/x64/Debug/net8.0-windows10.0.19041.0/AppX/vs.appxrecipe' (72,682)
2026-08-28 05:30:51: Save State File C:/rock/bannister/_gsdata_/_file_state_v4._gs
2026-08-28 05:30:54: Save State File goodrive://www.googleapis.com/:personal:/bannister/_gsdata_/_file_state_v4._gs
2026-08-28 05:30:57: == Sync Complete. Time: 00:00:17, Speed: 28.36 KB/s, OK: 5, Errors: 0
