2026-09-24 05:30:29: -- Analysis Started by On Schedule Min=30 Hour=5 
2026-09-24 05:30:29: L: Reading State File C:/rock/bannister/_gsdata_/_file_state_v4._gs
2026-09-24 05:30:33: R: Reading State File goodrive://www.googleapis.com/:personal:/bannister/_gsdata_/_file_state_v4._gs
2026-09-24 05:30:36: Changes: 163, Conflicts: 0, CopyTime: 0, FixState: 0, Errors: 0, All: 26445
2026-09-24 05:30:36: Left to Right: Copy File: 162 Delete File: 1 
2026-09-24 05:30:36: == Sync Started by On Schedule Min=30 Hour=5 
2026-09-24 05:30:36: ConnectCloned connected to file:///C:/rock/bannister
2026-09-24 05:30:36: ConnectCloned connected to file:///C:/rock/bannister
2026-09-24 05:30:36: ConnectCloned connected to file:///C:/rock/bannister
2026-09-24 05:30:36: GsConnectAndSetRoot1 connected to goodrive://www.googleapis.com/:personal:/bannister
2026-09-24 05:30:36: GsConnectAndSetRoot1 connected to goodrive://www.googleapis.com/:personal:/bannister
2026-09-24 05:30:36: GsConnectAndSetRoot1 connected to goodrive://www.googleapis.com/:personal:/bannister
2026-09-24 05:30:41: Copy Over 'C:/rock/bannister/Bannister/Services/ExpEngine.cs' -> 'goodrive://www.googleapis.com/:personal:/bannister/bannister/Services/ExpEngine.cs' (4,532)
2026-09-24 05:30:41: Copy Over 'C:/rock/bannister/Bannister/obj/Bannister.csproj.nuget.dgspec.json' -> 'goodrive://www.googleapis.com/:personal:/bannister/bannister/obj/Bannister.csproj.nuget.dgspec.json' (7,559)
2026-09-24 05:30:41: Copy Over 'C:/rock/bannister/Bannister/bin/x64/Debug/net8.0-windows10.0.19041.0/AppX/AppxManifest.xml' -> 'goodrive://www.googleapis.com/:personal:/bannister/bannister/bin/x64/Debug/net8.0-windows10.0.19041.0/AppX/AppxManifest.xml' (2,821)
2026-09-24 05:30:41: > Copy Over 'C:/rock/bannister/Bannister/bin/x64/Release/net8.0-windows10.0.19041.0/win-x64/Bannister.dll' -> 'goodrive://www.googleapis.com/:personal:/bannister/bannister/bin/x64/Release/net8.0-windows10.0.19041.0/win-x64/Bannister.dll' (7,441,408)
2026-09-24 05:30:45: < Copy Over 'C:/rock/bannister/Bannister/bin/x64/Release/net8.0-windows10.0.19041.0/win-x64/Bannister.dll' -> 'goodrive://www.googleapis.com/:personal:/bannister/bannister/bin/x64/Release/net8.0-windows10.0.19041.0/win-x64/Bannister.dll' (7,441,408)
2026-09-24 05:30:45: > Copy Over 'C:/rock/bannister/Bannister/bin/x64/Release/net8.0-windows10.0.19041.0/win-x64/Bannister.pdb' -> 'goodrive://www.googleapis.com/:personal:/bannister/bannister/bin/x64/Release/net8.0-windows10.0.19041.0/win-x64/Bannister.pdb' (1,353,408)
2026-09-24 05:30:45: Copy Over 'C:/rock/bannister/Bannister/bin/x64/Release/net8.0-windows10.0.19041.0/win-x64/Bannister.exe' -> 'goodrive://www.googleapis.com/:personal:/bannister/bannister/bin/x64/Release/net8.0-windows10.0.19041.0/win-x64/Bannister.exe' (271,872)
2026-09-24 05:30:45: Copy Over 'C:/rock/bannister/Bannister/bin/x64/Release/net8.0-windows10.0.19041.0/win-x64/Bannister.deps.json' -> 'goodrive://www.googleapis.com/:personal:/bannister/bannister/bin/x64/Release/net8.0-windows10.0.19041.0/win-x64/Bannister.deps.json' (100,548)
2026-09-24 05:30:45: > Copy Over 'C:/rock/bannister/Bannister/bin/x64/Release/net8.0-windows10.0.19041.0/win-x64/resources.pri' -> 'goodrive://www.googleapis.com/:personal:/bannister/bannister/bin/x64/Release/net8.0-windows10.0.19041.0/win-x64/resources.pri' (1,369,768)
2026-09-24 05:30:49: < Copy Over 'C:/rock/bannister/Bannister/bin/x64/Release/net8.0-windows10.0.19041.0/win-x64/Bannister.pdb' -> 'goodrive://www.googleapis.com/:personal:/bannister/bannister/bin/x64/Release/net8.0-windows10.0.19041.0/win-x64/Bannister.pdb' (1,353,408)
2026-09-24 05:30:49: < Copy Over 'C:/rock/bannister/Bannister/bin/x64/Release/net8.0-windows10.0.19041.0/win-x64/resources.pri' -> 'goodrive://www.googleapis.com/:personal:/bannister/bannister/bin/x64/Release/net8.0-windows10.0.19041.0/win-x64/resources.pri' (1,369,768)
2026-09-24 05:30:49: > Copy Over 'C:/rock/bannister/Bannister/bin/x64/Debug/net8.0-windows10.0.19041.0/AppX/Bannister.dll' -> 'goodrive://www.googleapis.com/:personal:/bannister/bannister/bin/x64/Debug/net8.0-windows10.0.19041.0/AppX/Bannister.dll' (8,412,160)
2026-09-24 05:30:49: Copy Over 'C:/rock/bannister/Bannister/bin/x64/Release/net8.0-windows10.0.19041.0/win-x64/Bannister.runtimeconfig.json' -> 'goodrive://www.googleapis.com/:personal:/bannister/bannister/bin/x64/Release/net8.0-windows10.0.19041.0/win-x64/Bannister.runtimeconfig.json' (489)
2026-09-24 05:30:53: Copy Over 'C:/rock/bannister/Bannister/bin/x64/Debug/net8.0-windows10.0.19041.0/AppX/Bannister.deps.json' -> 'goodrive://www.googleapis.com/:personal:/bannister/bannister/bin/x64/Debug/net8.0-windows10.0.19041.0/AppX/Bannister.deps.json' (72,297)
2026-09-24 05:30:53: Copy Over 'C:/rock/bannister/Bannister/bin/x64/Debug/net8.0-windows10.0.19041.0/AppX/Bannister.exe' -> 'goodrive://www.googleapis.com/:personal:/bannister/bannister/bin/x64/Debug/net8.0-windows10.0.19041.0/AppX/Bannister.exe' (153,088)
2026-09-24 05:30:54: < Copy Over 'C:/rock/bannister/Bannister/bin/x64/Debug/net8.0-windows10.0.19041.0/AppX/Bannister.dll' -> 'goodrive://www.googleapis.com/:personal:/bannister/bannister/bin/x64/Debug/net8.0-windows10.0.19041.0/AppX/Bannister.dll' (8,412,160)
2026-09-24 05:30:56: Copy Over 'C:/rock/bannister/Bannister/bin/x64/Debug/net8.0-windows10.0.19041.0/AppX/Bannister.runtimeconfig.json' -> 'goodrive://www.googleapis.com/:personal:/bannister/bannister/bin/x64/Debug/net8.0-windows10.0.19041.0/AppX/Bannister.runtimeconfig.json' (385)
2026-09-24 05:30:57: Copy Over 'C:/rock/bannister/Bannister/bin/x64/Debug/net8.0-windows10.0.19041.0/AppX/resources.pri' -> 'goodrive://www.googleapis.com/:personal:/bannister/bannister/bin/x64/Debug/net8.0-windows10.0.19041.0/AppX/resources.pri' (140,744)
2026-09-24 05:30:58: Copy Over 'C:/rock/bannister/Bannister/bin/x64/Debug/net8.0-windows10.0.19041.0/AppX/vs.appxrecipe' -> 'goodrive://www.googleapis.com/:personal:/bannister/bannister/bin/x64/Debug/net8.0-windows10.0.19041.0/AppX/vs.appxrecipe' (72,682)
2026-09-24 05:31:00: Copy Over 'C:/rock/bannister/Bannister/bin/x64/Debug/net8.0-windows10.0.19041.0/AppxManifest.xml' -> 'goodrive://www.googleapis.com/:personal:/bannister/bannister/bin/x64/Debug/net8.0-windows10.0.19041.0/AppxManifest.xml' (2,821)
2026-09-24 05:31:00: > Copy Over 'C:/rock/bannister/Bannister/bin/x64/Debug/net8.0-windows10.0.19041.0/Bannister.dll' -> 'goodrive://www.googleapis.com/:personal:/bannister/bannister/bin/x64/Debug/net8.0-windows10.0.19041.0/Bannister.dll' (8,412,160)
2026-09-24 05:31:00: Copy Over 'C:/rock/bannister/Bannister/bin/x64/Debug/net8.0-windows10.0.19041.0/Bannister.build.appxrecipe' -> 'goodrive://www.googleapis.com/:personal:/bannister/bannister/bin/x64/Debug/net8.0-windows10.0.19041.0/Bannister.build.appxrecipe' (60,573)
2026-09-24 05:31:01: Copy Over 'C:/rock/bannister/Bannister/bin/x64/Debug/net8.0-windows10.0.19041.0/Bannister.deps.json' -> 'goodrive://www.googleapis.com/:personal:/bannister/bannister/bin/x64/Debug/net8.0-windows10.0.19041.0/Bannister.deps.json' (72,297)
2026-09-24 05:31:01: > Copy Over 'C:/rock/bannister/Bannister/bin/x64/Debug/net8.0-windows10.0.19041.0/Bannister.pdb' -> 'goodrive://www.googleapis.com/:personal:/bannister/bannister/bin/x64/Debug/net8.0-windows10.0.19041.0/Bannister.pdb' (1,778,412)
2026-09-24 05:31:04: Copy Over 'C:/rock/bannister/Bannister/bin/x64/Debug/net8.0-windows10.0.19041.0/Bannister.exe' -> 'goodrive://www.googleapis.com/:personal:/bannister/bannister/bin/x64/Debug/net8.0-windows10.0.19041.0/Bannister.exe' (153,088)
2026-09-24 05:31:04: < Copy Over 'C:/rock/bannister/Bannister/bin/x64/Debug/net8.0-windows10.0.19041.0/Bannister.dll' -> 'goodrive://www.googleapis.com/:personal:/bannister/bannister/bin/x64/Debug/net8.0-windows10.0.19041.0/Bannister.dll' (8,412,160)
2026-09-24 05:31:04: < Copy Over 'C:/rock/bannister/Bannister/bin/x64/Debug/net8.0-windows10.0.19041.0/Bannister.pdb' -> 'goodrive://www.googleapis.com/:personal:/bannister/bannister/bin/x64/Debug/net8.0-windows10.0.19041.0/Bannister.pdb' (1,778,412)
2026-09-24 05:31:07: Copy Over 'C:/rock/bannister/Bannister/bin/x64/Debug/net8.0-windows10.0.19041.0/Bannister.runtimeconfig.json' -> 'goodrive://www.googleapis.com/:personal:/bannister/bannister/bin/x64/Debug/net8.0-windows10.0.19041.0/Bannister.runtimeconfig.json' (385)
2026-09-24 05:31:08: Copy Over 'C:/rock/bannister/Bannister/bin/x64/Debug/net8.0-windows10.0.19041.0/resources.pri' -> 'goodrive://www.googleapis.com/:personal:/bannister/bannister/bin/x64/Debug/net8.0-windows10.0.19041.0/resources.pri' (140,744)
2026-09-24 05:31:08: > Copy Over 'C:/rock/bannister/Bannister/obj/project.assets.json' -> 'goodrive://www.googleapis.com/:personal:/bannister/bannister/obj/project.assets.json' (1,266,805)
2026-09-24 05:31:09: Copy Over 'C:/rock/bannister/Bannister/Views/ActivityGamePage/ActivityGamePage_StreakUI.cs' -> 'goodrive://www.googleapis.com/:personal:/bannister/bannister/Views/ActivityGamePage/ActivityGamePage_StreakUI.cs' (48,257)
2026-09-24 05:31:11: Copy Over 'C:/rock/bannister/Bannister/obj/Bannister.csproj.nuget.g.props' -> 'goodrive://www.googleapis.com/:personal:/bannister/bannister/obj/Bannister.csproj.nuget.g.props' (5,005)
2026-09-24 05:31:12: Copy Over 'C:/rock/bannister/Bannister/obj/project.nuget.cache' -> 'goodrive://www.googleapis.com/:personal:/bannister/bannister/obj/project.nuget.cache' (27,012)
2026-09-24 05:31:12: < Copy Over 'C:/rock/bannister/Bannister/obj/project.assets.json' -> 'goodrive://www.googleapis.com/:personal:/bannister/bannister/obj/project.assets.json' (1,266,805)
2026-09-24 05:31:15: Copy Over 'C:/rock/bannister/.vs/Bannister/DesignTimeBuild/.dtbcache.v2' -> 'goodrive://www.googleapis.com/:personal:/bannister/.vs/Bannister/DesignTimeBuild/.dtbcache.v2' (208,846)
2026-09-24 05:31:15: Copy Over 'C:/rock/bannister/Bannister/obj/x64/Debug/net8.0-android/Bannister.AssemblyInfo.cs' -> 'goodrive://www.googleapis.com/:personal:/bannister/bannister/obj/x64/Debug/net8.0-android/Bannister.AssemblyInfo.cs' (1,200)
2026-09-24 05:31:16: Copy Over 'C:/rock/bannister/Bannister/obj/x64/Debug/net8.0-android/Bannister.AssemblyInfoInputs.cache' -> 'goodrive://www.googleapis.com/:personal:/bannister/bannister/obj/x64/Debug/net8.0-android/Bannister.AssemblyInfoInputs.cache' (66)
2026-09-24 05:31:18: Copy Over 'C:/rock/bannister/Bannister/obj/x64/Debug/net8.0-android/designtime/build.props' -> 'goodrive://www.googleapis.com/:personal:/bannister/bannister/obj/x64/Debug/net8.0-android/designtime/build.props' (999)
2026-09-24 05:31:19: Copy Over 'C:/rock/bannister/Bannister/obj/x64/Debug/net8.0-android/Bannister.assets.cache' -> 'goodrive://www.googleapis.com/:personal:/bannister/bannister/obj/x64/Debug/net8.0-android/Bannister.assets.cache' (102,483)
2026-09-24 05:31:19: Copy Over 'C:/rock/bannister/Bannister/obj/x64/Debug/net8.0-android/lp/map.cache' -> 'goodrive://www.googleapis.com/:personal:/bannister/bannister/obj/x64/Debug/net8.0-android/lp/map.cache' (6,351)
2026-09-24 05:31:21: Copy Over 'C:/rock/bannister/Bannister/obj/x64/Debug/net8.0-android/designtime/stamp/_ResolveLibraryProjectImports.stamp' -> 'goodrive://www.googleapis.com/:personal:/bannister/bannister/obj/x64/Debug/net8.0-android/designtime/stamp/_ResolveLibraryProjectImports.stamp' (0)
2026-09-24 05:31:22: Copy Over 'C:/rock/bannister/Bannister/obj/x64/Debug/net8.0-windows10.0.19041.0/apphost.exe' -> 'goodrive://www.googleapis.com/:personal:/bannister/bannister/obj/x64/Debug/net8.0-windows10.0.19041.0/apphost.exe' (153,088)
2026-09-24 05:31:23: Copy Over 'C:/rock/bannister/Bannister/obj/x64/Debug/net8.0-windows10.0.19041.0/Bannister.AssemblyInfo.cs' -> 'goodrive://www.googleapis.com/:personal:/bannister/bannister/obj/x64/Debug/net8.0-windows10.0.19041.0/Bannister.AssemblyInfo.cs' (1,713)
2026-09-24 05:31:24: Copy Over 'C:/rock/bannister/Bannister/obj/x64/Debug/net8.0-windows10.0.19041.0/Bannister.AssemblyInfoInputs.cache' -> 'goodrive://www.googleapis.com/:personal:/bannister/bannister/obj/x64/Debug/net8.0-windows10.0.19041.0/Bannister.AssemblyInfoInputs.cache' (66)
2026-09-24 05:31:24: > Copy Over 'C:/rock/bannister/Bannister/obj/x64/Debug/net8.0-windows10.0.19041.0/Bannister.dll' -> 'goodrive://www.googleapis.com/:personal:/bannister/bannister/obj/x64/Debug/net8.0-windows10.0.19041.0/Bannister.dll' (8,412,160)
2026-09-24 05:31:26: Copy Over 'C:/rock/bannister/Bannister/obj/x64/Debug/net8.0-windows10.0.19041.0/Bannister.assets.cache' -> 'goodrive://www.googleapis.com/:personal:/bannister/bannister/obj/x64/Debug/net8.0-windows10.0.19041.0/Bannister.assets.cache' (73,605)
2026-09-24 05:31:26: > Copy Over 'C:/rock/bannister/Bannister/obj/x64/Debug/net8.0-windows10.0.19041.0/Bannister.pdb' -> 'goodrive://www.googleapis.com/:personal:/bannister/bannister/obj/x64/Debug/net8.0-windows10.0.19041.0/Bannister.pdb' (1,778,412)
2026-09-24 05:31:26: Copy Over 'C:/rock/bannister/Bannister/obj/x64/Debug/net8.0-windows10.0.19041.0/Bannister.csproj.BuildWithSkipAnalyzers' -> 'goodrive://www.googleapis.com/:personal:/bannister/bannister/obj/x64/Debug/net8.0-windows10.0.19041.0/Bannister.csproj.BuildWithSkipAnalyzers' (0)
2026-09-24 05:31:29: < Copy Over 'C:/rock/bannister/Bannister/obj/x64/Debug/net8.0-windows10.0.19041.0/Bannister.dll' -> 'goodrive://www.googleapis.com/:personal:/bannister/bannister/obj/x64/Debug/net8.0-windows10.0.19041.0/Bannister.dll' (8,412,160)
2026-09-24 05:31:30: < Copy Over 'C:/rock/bannister/Bannister/obj/x64/Debug/net8.0-windows10.0.19041.0/Bannister.pdb' -> 'goodrive://www.googleapis.com/:personal:/bannister/bannister/obj/x64/Debug/net8.0-windows10.0.19041.0/Bannister.pdb' (1,778,412)
2026-09-24 05:31:30: Copy Over 'C:/rock/bannister/Bannister/obj/x64/Debug/net8.0-windows10.0.19041.0/Bannister.sourcelink.json' -> 'goodrive://www.googleapis.com/:personal:/bannister/bannister/obj/x64/Debug/net8.0-windows10.0.19041.0/Bannister.sourcelink.json' (141)
2026-09-24 05:31:33: Copy Over 'C:/rock/bannister/Bannister/obj/x64/Debug/net8.0-windows10.0.19041.0/excluded.layout.resfiles.intermediate' -> 'goodrive://www.googleapis.com/:personal:/bannister/bannister/obj/x64/Debug/net8.0-windows10.0.19041.0/excluded.layout.resfiles.intermediate' (0)
2026-09-24 05:31:33: > Copy Over 'C:/rock/bannister/Bannister/obj/x64/Debug/net8.0-windows10.0.19041.0/intermediatexaml/Bannister.dll' -> 'goodrive://www.googleapis.com/:personal:/bannister/bannister/obj/x64/Debug/net8.0-windows10.0.19041.0/intermediatexaml/Bannister.dll' (8,269,824)
2026-09-24 05:31:33: Copy Over 'C:/rock/bannister/Bannister/obj/x64/Debug/net8.0-windows10.0.19041.0/embed/embed.resfiles.intermediate' -> 'goodrive://www.googleapis.com/:personal:/bannister/bannister/obj/x64/Debug/net8.0-windows10.0.19041.0/embed/embed.resfiles.intermediate' (27)
2026-09-24 05:31:33: Copy Over 'C:/rock/bannister/Bannister/obj/x64/Debug/net8.0-windows10.0.19041.0/filtered.layout.resfiles.intermediate' -> 'goodrive://www.googleapis.com/:personal:/bannister/bannister/obj/x64/Debug/net8.0-windows10.0.19041.0/filtered.layout.resfiles.intermediate' (2,329)
2026-09-24 05:31:36: Copy Over 'C:/rock/bannister/Bannister/obj/x64/Debug/net8.0-windows10.0.19041.0/Platforms/Windows/App.xaml' -> 'goodrive://www.googleapis.com/:personal:/bannister/bannister/obj/x64/Debug/net8.0-windows10.0.19041.0/Platforms/Windows/App.xaml' (304)
2026-09-24 05:31:37: < Copy Over 'C:/rock/bannister/Bannister/obj/x64/Debug/net8.0-windows10.0.19041.0/intermediatexaml/Bannister.dll' -> 'goodrive://www.googleapis.com/:personal:/bannister/bannister/obj/x64/Debug/net8.0-windows10.0.19041.0/intermediatexaml/Bannister.dll' (8,269,824)
2026-09-24 05:31:37: Copy Over 'C:/rock/bannister/Bannister/obj/x64/Debug/net8.0-windows10.0.19041.0/pri.resfiles.intermediate' -> 'goodrive://www.googleapis.com/:personal:/bannister/bannister/obj/x64/Debug/net8.0-windows10.0.19041.0/pri.resfiles.intermediate' (386)
2026-09-24 05:31:37: > Copy Over 'C:/rock/bannister/Bannister/obj/x64/Debug/net8.0-windows10.0.19041.0/ref/Bannister.dll' -> 'goodrive://www.googleapis.com/:personal:/bannister/bannister/obj/x64/Debug/net8.0-windows10.0.19041.0/ref/Bannister.dll' (1,760,256)
2026-09-24 05:31:40: Copy Over 'C:/rock/bannister/Bannister/obj/x64/Debug/net8.0-windows10.0.19041.0/priconfig.xml.intermediate' -> 'goodrive://www.googleapis.com/:personal:/bannister/bannister/obj/x64/Debug/net8.0-windows10.0.19041.0/priconfig.xml.intermediate' (3,154)
2026-09-24 05:31:40: > Copy Over 'C:/rock/bannister/Bannister/obj/x64/Debug/net8.0-windows10.0.19041.0/refint/Bannister.dll' -> 'goodrive://www.googleapis.com/:personal:/bannister/bannister/obj/x64/Debug/net8.0-windows10.0.19041.0/refint/Bannister.dll' (1,760,256)
2026-09-24 05:31:40: < Copy Over 'C:/rock/bannister/Bannister/obj/x64/Debug/net8.0-windows10.0.19041.0/ref/Bannister.dll' -> 'goodrive://www.googleapis.com/:personal:/bannister/bannister/obj/x64/Debug/net8.0-windows10.0.19041.0/ref/Bannister.dll' (1,760,256)
2026-09-24 05:31:40: Copy Over 'C:/rock/bannister/Bannister/obj/x64/Debug/net8.0-windows10.0.19041.0/qualifiers.txt.intermediate' -> 'goodrive://www.googleapis.com/:personal:/bannister/bannister/obj/x64/Debug/net8.0-windows10.0.19041.0/qualifiers.txt.intermediate' (184)
2026-09-24 05:31:43: Copy Over 'C:/rock/bannister/Bannister/obj/x64/Debug/net8.0-windows10.0.19041.0/resources.resfiles.intermediate' -> 'goodrive://www.googleapis.com/:personal:/bannister/bannister/obj/x64/Debug/net8.0-windows10.0.19041.0/resources.resfiles.intermediate' (0)
2026-09-24 05:31:43: < Copy Over 'C:/rock/bannister/Bannister/obj/x64/Debug/net8.0-windows10.0.19041.0/refint/Bannister.dll' -> 'goodrive://www.googleapis.com/:personal:/bannister/bannister/obj/x64/Debug/net8.0-windows10.0.19041.0/refint/Bannister.dll' (1,760,256)
2026-09-24 05:31:44: Copy Over 'C:/rock/bannister/Bannister/obj/x64/Debug/net8.0-windows10.0.19041.0/unfiltered.layout.resfiles.intermediate' -> 'goodrive://www.googleapis.com/:personal:/bannister/bannister/obj/x64/Debug/net8.0-windows10.0.19041.0/unfiltered.layout.resfiles.intermediate' (2,329)
2026-09-24 05:31:44: CopyFileSimple: OpenDownload: ERR: Cannot open file C:/rock/bannister/.vs/Bannister/FileContentIndex/2d7743d9-9950-4f69-8a35-f50035fa4d99.vsidx: cannot open file 'C:/rock/bannister/.vs/Bannister/FileContentIndex/2d7743d9-9950-4f69-8a35-f50035fa4d99.vsidx': The process cannot access the file because it is being used by another process.  (error 32)
2026-09-24 05:31:44: Creating Snapshot of Volume 'C:' because this file is locked: C:/rock/bannister/.vs/Bannister/FileContentIndex/2d7743d9-9950-4f69-8a35-f50035fa4d99.vsidx
2026-09-24 05:31:44: Connecting to Elevated Local GoodSync Server to complete operation
2026-09-24 05:31:44: LOCAL C:(127.0.0.1) -> S:127.0.0.1:33333
2026-09-24 05:31:46: Created Snapshot of Volume 'C:' at '/GLOBALROOT/Device/HarddiskVolumeShadowCopy23', Elevated
2026-09-24 05:31:46: Open File Snap GetShadow: AbsPath=/GLOBALROOT/Device/HarddiskVolumeShadowCopy23/rock/bannister/.vs/Bannister/FileContentIndex/2d7743d9-9950-4f69-8a35-f50035fa4d99.vsidx SnapshotPath=/GLOBALROOT/Device/HarddiskVolumeShadowCopy23 SnapVolume=C:
2026-09-24 05:31:47: Copy Over 'C:/rock/bannister/Bannister/obj/x64/Debug/net8.0-windows10.0.19041.0/XamlSaveStateFile.xml' -> 'goodrive://www.googleapis.com/:personal:/bannister/bannister/obj/x64/Debug/net8.0-windows10.0.19041.0/XamlSaveStateFile.xml' (813)
2026-09-24 05:31:47: Copy Over 'C:/rock/bannister/Bannister/obj/x64/Debug/net8.0-windows10.0.19041.0/XamlC.stamp' -> 'goodrive://www.googleapis.com/:personal:/bannister/bannister/obj/x64/Debug/net8.0-windows10.0.19041.0/XamlC.stamp' (0)
2026-09-24 05:31:48: Copy New 'C:/rock/bannister/.vs/Bannister/FileContentIndex/2d7743d9-9950-4f69-8a35-f50035fa4d99.vsidx' -> 'goodrive://www.googleapis.com/:personal:/bannister/.vs/Bannister/FileContentIndex/2d7743d9-9950-4f69-8a35-f50035fa4d99.vsidx' (723,542)
2026-09-24 05:31:50: Copy Over 'C:/rock/bannister/.vs/Bannister/v18/.suo' -> 'goodrive://www.googleapis.com/:personal:/bannister/.vs/Bannister/v18/.suo' (95,744)
2026-09-24 05:31:50: Copy Over 'C:/rock/bannister/.vs/Bannister/v18/DocumentLayout.backup.json' -> 'goodrive://www.googleapis.com/:personal:/bannister/.vs/Bannister/v18/DocumentLayout.backup.json' (19,550)
2026-09-24 05:31:51: Delete File goodrive://www.googleapis.com/:personal:/bannister/.vs/Bannister/FileContentIndex/4e51ba4f-76b2-4f00-90df-dc844d2954ae.vsidx
2026-09-24 05:31:52: Copy Over 'C:/rock/bannister/.vs/Bannister/v18/DocumentLayout.json' -> 'goodrive://www.googleapis.com/:personal:/bannister/.vs/Bannister/v18/DocumentLayout.json' (19,550)
2026-09-24 05:31:54: Copy Over 'C:/rock/bannister/.git/COMMIT_EDITMSG' -> 'goodrive://www.googleapis.com/:personal:/bannister/.git/COMMIT_EDITMSG' (180)
2026-09-24 05:31:55: Copy Over 'C:/rock/bannister/.git/index' -> 'goodrive://www.googleapis.com/:personal:/bannister/.git/index' (53,307)
2026-09-24 05:31:56: Copy Over 'C:/rock/bannister/Bannister/obj/x64/Release/net8.0-windows10.0.19041.0/win-x64/apphost.exe' -> 'goodrive://www.googleapis.com/:personal:/bannister/bannister/obj/x64/Release/net8.0-windows10.0.19041.0/win-x64/apphost.exe' (271,872)
2026-09-24 05:31:58: Copy Over 'C:/rock/bannister/Bannister/obj/x64/Release/net8.0-windows10.0.19041.0/win-x64/Bannister.AssemblyInfo.cs' -> 'goodrive://www.googleapis.com/:personal:/bannister/bannister/obj/x64/Release/net8.0-windows10.0.19041.0/win-x64/Bannister.AssemblyInfo.cs' (1,675)
2026-09-24 05:31:59: Copy Over 'C:/rock/bannister/.git/logs/HEAD' -> 'goodrive://www.googleapis.com/:personal:/bannister/.git/logs/HEAD' (861,329)
2026-09-24 05:32:00: Copy Over 'C:/rock/bannister/.git/logs/refs/heads/main' -> 'goodrive://www.googleapis.com/:personal:/bannister/.git/logs/refs/heads/main' (861,329)
2026-09-24 05:32:01: Copy Over 'C:/rock/bannister/Bannister/obj/x64/Release/net8.0-windows10.0.19041.0/win-x64/Bannister.AssemblyInfoInputs.cache' -> 'goodrive://www.googleapis.com/:personal:/bannister/bannister/obj/x64/Release/net8.0-windows10.0.19041.0/win-x64/Bannister.AssemblyInfoInputs.cache' (66)
2026-09-24 05:32:02: Copy Over 'C:/rock/bannister/.git/logs/refs/remotes/origin/main' -> 'goodrive://www.googleapis.com/:personal:/bannister/.git/logs/refs/remotes/origin/main' (92,412)
2026-09-24 05:32:02: > Copy Over 'C:/rock/bannister/Bannister/obj/x64/Release/net8.0-windows10.0.19041.0/win-x64/Bannister.dll' -> 'goodrive://www.googleapis.com/:personal:/bannister/bannister/obj/x64/Release/net8.0-windows10.0.19041.0/win-x64/Bannister.dll' (7,441,408)
2026-09-24 05:32:03: Copy Over 'C:/rock/bannister/Bannister/obj/x64/Release/net8.0-windows10.0.19041.0/win-x64/Bannister.assets.cache' -> 'goodrive://www.googleapis.com/:personal:/bannister/bannister/obj/x64/Release/net8.0-windows10.0.19041.0/win-x64/Bannister.assets.cache' (62,951)
2026-09-24 05:32:03: > Copy Over 'C:/rock/bannister/Bannister/obj/x64/Release/net8.0-windows10.0.19041.0/win-x64/Bannister.pdb' -> 'goodrive://www.googleapis.com/:personal:/bannister/bannister/obj/x64/Release/net8.0-windows10.0.19041.0/win-x64/Bannister.pdb' (1,353,408)
2026-09-24 05:32:05: Copy Over 'C:/rock/bannister/Bannister/obj/x64/Release/net8.0-windows10.0.19041.0/win-x64/Bannister.csproj.Up2Date' -> 'goodrive://www.googleapis.com/:personal:/bannister/bannister/obj/x64/Release/net8.0-windows10.0.19041.0/win-x64/Bannister.csproj.Up2Date' (0)
2026-09-24 05:32:06: < Copy Over 'C:/rock/bannister/Bannister/obj/x64/Release/net8.0-windows10.0.19041.0/win-x64/Bannister.dll' -> 'goodrive://www.googleapis.com/:personal:/bannister/bannister/obj/x64/Release/net8.0-windows10.0.19041.0/win-x64/Bannister.dll' (7,441,408)
2026-09-24 05:32:07: < Copy Over 'C:/rock/bannister/Bannister/obj/x64/Release/net8.0-windows10.0.19041.0/win-x64/Bannister.pdb' -> 'goodrive://www.googleapis.com/:personal:/bannister/bannister/obj/x64/Release/net8.0-windows10.0.19041.0/win-x64/Bannister.pdb' (1,353,408)
2026-09-24 05:32:08: Copy Over 'C:/rock/bannister/Bannister/obj/x64/Release/net8.0-windows10.0.19041.0/win-x64/Bannister.sourcelink.json' -> 'goodrive://www.googleapis.com/:personal:/bannister/bannister/obj/x64/Release/net8.0-windows10.0.19041.0/win-x64/Bannister.sourcelink.json' (141)
2026-09-24 05:32:10: Copy Over 'C:/rock/bannister/Bannister/obj/x64/Release/net8.0-windows10.0.19041.0/win-x64/excluded.layout.resfiles.intermediate' -> 'goodrive://www.googleapis.com/:personal:/bannister/bannister/obj/x64/Release/net8.0-windows10.0.19041.0/win-x64/excluded.layout.resfiles.intermediate' (0)
2026-09-24 05:32:11: Copy Over 'C:/rock/bannister/Bannister/obj/x64/Release/net8.0-windows10.0.19041.0/win-x64/embed/embed.resfiles.intermediate' -> 'goodrive://www.googleapis.com/:personal:/bannister/bannister/obj/x64/Release/net8.0-windows10.0.19041.0/win-x64/embed/embed.resfiles.intermediate' (27)
2026-09-24 05:32:11: Copy Over 'C:/rock/bannister/Bannister/obj/x64/Release/net8.0-windows10.0.19041.0/win-x64/filtered.layout.resfiles.intermediate' -> 'goodrive://www.googleapis.com/:personal:/bannister/bannister/obj/x64/Release/net8.0-windows10.0.19041.0/win-x64/filtered.layout.resfiles.intermediate' (2,329)
2026-09-24 05:32:11: > Copy Over 'C:/rock/bannister/Bannister/obj/x64/Release/net8.0-windows10.0.19041.0/win-x64/intermediatexaml/Bannister.dll' -> 'goodrive://www.googleapis.com/:personal:/bannister/bannister/obj/x64/Release/net8.0-windows10.0.19041.0/win-x64/intermediatexaml/Bannister.dll' (7,141,376)
2026-09-24 05:32:14: Copy Over 'C:/rock/bannister/Bannister/obj/x64/Release/net8.0-windows10.0.19041.0/win-x64/input.json' -> 'goodrive://www.googleapis.com/:personal:/bannister/bannister/obj/x64/Release/net8.0-windows10.0.19041.0/win-x64/input.json' (104,283)
2026-09-24 05:32:14: > Copy Over 'C:/rock/bannister/Bannister/obj/x64/Release/net8.0-windows10.0.19041.0/win-x64/intermediatexaml/Bannister.pdb' -> 'goodrive://www.googleapis.com/:personal:/bannister/bannister/obj/x64/Release/net8.0-windows10.0.19041.0/win-x64/intermediatexaml/Bannister.pdb' (1,329,908)
2026-09-24 05:32:14: Copy Over 'C:/rock/bannister/Bannister/obj/x64/Release/net8.0-windows10.0.19041.0/win-x64/output.json' -> 'goodrive://www.googleapis.com/:personal:/bannister/bannister/obj/x64/Release/net8.0-windows10.0.19041.0/win-x64/output.json' (8,889)
2026-09-24 05:32:15: < Copy Over 'C:/rock/bannister/Bannister/obj/x64/Release/net8.0-windows10.0.19041.0/win-x64/intermediatexaml/Bannister.dll' -> 'goodrive://www.googleapis.com/:personal:/bannister/bannister/obj/x64/Release/net8.0-windows10.0.19041.0/win-x64/intermediatexaml/Bannister.dll' (7,141,376)
2026-09-24 05:32:17: < Copy Over 'C:/rock/bannister/Bannister/obj/x64/Release/net8.0-windows10.0.19041.0/win-x64/intermediatexaml/Bannister.pdb' -> 'goodrive://www.googleapis.com/:personal:/bannister/bannister/obj/x64/Release/net8.0-windows10.0.19041.0/win-x64/intermediatexaml/Bannister.pdb' (1,329,908)
2026-09-24 05:32:17: Copy Over 'C:/rock/bannister/Bannister/obj/x64/Release/net8.0-windows10.0.19041.0/win-x64/pri.resfiles.intermediate' -> 'goodrive://www.googleapis.com/:personal:/bannister/bannister/obj/x64/Release/net8.0-windows10.0.19041.0/win-x64/pri.resfiles.intermediate' (509)
2026-09-24 05:32:18: Copy Over 'C:/rock/bannister/Bannister/obj/x64/Release/net8.0-windows10.0.19041.0/win-x64/priconfig.xml.intermediate' -> 'goodrive://www.googleapis.com/:personal:/bannister/bannister/obj/x64/Release/net8.0-windows10.0.19041.0/win-x64/priconfig.xml.intermediate' (3,194)
2026-09-24 05:32:19: Copy New 'C:/rock/bannister/Bannister/obj/x64/Release/net8.0-windows10.0.19041.0/win-x64/PublishOutputs.6fd5a35a41.txt' -> 'goodrive://www.googleapis.com/:personal:/bannister/bannister/obj/x64/Release/net8.0-windows10.0.19041.0/win-x64/PublishOutputs.6fd5a35a41.txt' (39,524)
2026-09-24 05:32:19: > Copy Over 'C:/rock/bannister/Bannister/obj/x64/Release/net8.0-windows10.0.19041.0/win-x64/R2R/Bannister.dll' -> 'goodrive://www.googleapis.com/:personal:/bannister/bannister/obj/x64/Release/net8.0-windows10.0.19041.0/win-x64/R2R/Bannister.dll' (19,296,256)
2026-09-24 05:32:20: Copy Over 'C:/rock/bannister/Bannister/obj/x64/Release/net8.0-windows10.0.19041.0/win-x64/Platforms/Windows/App.xaml' -> 'goodrive://www.googleapis.com/:personal:/bannister/bannister/obj/x64/Release/net8.0-windows10.0.19041.0/win-x64/Platforms/Windows/App.xaml' (304)
2026-09-24 05:32:20: > Copy Over 'C:/rock/bannister/Bannister/obj/x64/Release/net8.0-windows10.0.19041.0/win-x64/ref/Bannister.dll' -> 'goodrive://www.googleapis.com/:personal:/bannister/bannister/obj/x64/Release/net8.0-windows10.0.19041.0/win-x64/ref/Bannister.dll' (1,976,320)
2026-09-24 05:32:22: Copy Over 'C:/rock/bannister/Bannister/obj/x64/Release/net8.0-windows10.0.19041.0/win-x64/qualifiers.txt.intermediate' -> 'goodrive://www.googleapis.com/:personal:/bannister/bannister/obj/x64/Release/net8.0-windows10.0.19041.0/win-x64/qualifiers.txt.intermediate' (184)
2026-09-24 05:32:24: < Copy Over 'C:/rock/bannister/Bannister/obj/x64/Release/net8.0-windows10.0.19041.0/win-x64/ref/Bannister.dll' -> 'goodrive://www.googleapis.com/:personal:/bannister/bannister/obj/x64/Release/net8.0-windows10.0.19041.0/win-x64/ref/Bannister.dll' (1,976,320)
2026-09-24 05:32:25: < Copy Over 'C:/rock/bannister/Bannister/obj/x64/Release/net8.0-windows10.0.19041.0/win-x64/R2R/Bannister.dll' -> 'goodrive://www.googleapis.com/:personal:/bannister/bannister/obj/x64/Release/net8.0-windows10.0.19041.0/win-x64/R2R/Bannister.dll' (19,296,256)
2026-09-24 05:32:26: Copy Over 'C:/rock/bannister/Bannister/obj/x64/Release/net8.0-windows10.0.19041.0/win-x64/R2R/CommunityToolkit.Maui.Core.dll' -> 'goodrive://www.googleapis.com/:personal:/bannister/bannister/obj/x64/Release/net8.0-windows10.0.19041.0/win-x64/R2R/CommunityToolkit.Maui.Core.dll' (241,664)
2026-09-24 05:32:28: Copy Over 'C:/rock/bannister/Bannister/obj/x64/Release/net8.0-windows10.0.19041.0/win-x64/R2R/CommunityToolkit.Maui.dll' -> 'goodrive://www.googleapis.com/:personal:/bannister/bannister/obj/x64/Release/net8.0-windows10.0.19041.0/win-x64/R2R/CommunityToolkit.Maui.dll' (684,032)
2026-09-24 05:32:29: Copy Over 'C:/rock/bannister/Bannister/obj/x64/Release/net8.0-windows10.0.19041.0/win-x64/R2R/CommunityToolkit.Mvvm.dll' -> 'goodrive://www.googleapis.com/:personal:/bannister/bannister/obj/x64/Release/net8.0-windows10.0.19041.0/win-x64/R2R/CommunityToolkit.Mvvm.dll' (344,064)
2026-09-24 05:32:29: Copy Over 'C:/rock/bannister/Bannister/obj/x64/Release/net8.0-windows10.0.19041.0/win-x64/R2R/Microsoft.Extensions.Configuration.Abstractions.dll' -> 'goodrive://www.googleapis.com/:personal:/bannister/bannister/obj/x64/Release/net8.0-windows10.0.19041.0/win-x64/R2R/Microsoft.Extensions.Configuration.Abstractions.dll' (36,864)
2026-09-24 05:32:32: Copy Over 'C:/rock/bannister/Bannister/obj/x64/Release/net8.0-windows10.0.19041.0/win-x64/R2R/Microsoft.Extensions.Configuration.dll' -> 'goodrive://www.googleapis.com/:personal:/bannister/bannister/obj/x64/Release/net8.0-windows10.0.19041.0/win-x64/R2R/Microsoft.Extensions.Configuration.dll' (81,920)
2026-09-24 05:32:32: Copy Over 'C:/rock/bannister/Bannister/obj/x64/Release/net8.0-windows10.0.19041.0/win-x64/R2R/Microsoft.Extensions.DependencyInjection.dll' -> 'goodrive://www.googleapis.com/:personal:/bannister/bannister/obj/x64/Release/net8.0-windows10.0.19041.0/win-x64/R2R/Microsoft.Extensions.DependencyInjection.dll' (204,800)
2026-09-24 05:32:32: Copy Over 'C:/rock/bannister/Bannister/obj/x64/Release/net8.0-windows10.0.19041.0/win-x64/R2R/Microsoft.Extensions.DependencyInjection.Abstractions.dll' -> 'goodrive://www.googleapis.com/:personal:/bannister/bannister/obj/x64/Release/net8.0-windows10.0.19041.0/win-x64/R2R/Microsoft.Extensions.DependencyInjection.Abstractions.dll' (131,072)
2026-09-24 05:32:35: Copy Over 'C:/rock/bannister/Bannister/obj/x64/Release/net8.0-windows10.0.19041.0/win-x64/R2R/Microsoft.Extensions.Logging.Abstractions.dll' -> 'goodrive://www.googleapis.com/:personal:/bannister/bannister/obj/x64/Release/net8.0-windows10.0.19041.0/win-x64/R2R/Microsoft.Extensions.Logging.Abstractions.dll' (135,168)
2026-09-24 05:32:36: Copy Over 'C:/rock/bannister/Bannister/obj/x64/Release/net8.0-windows10.0.19041.0/win-x64/R2R/Microsoft.Extensions.Logging.dll' -> 'goodrive://www.googleapis.com/:personal:/bannister/bannister/obj/x64/Release/net8.0-windows10.0.19041.0/win-x64/R2R/Microsoft.Extensions.Logging.dll' (86,016)
2026-09-24 05:32:36: Copy Over 'C:/rock/bannister/Bannister/obj/x64/Release/net8.0-windows10.0.19041.0/win-x64/R2R/Microsoft.Extensions.Logging.Debug.dll' -> 'goodrive://www.googleapis.com/:personal:/bannister/bannister/obj/x64/Release/net8.0-windows10.0.19041.0/win-x64/R2R/Microsoft.Extensions.Logging.Debug.dll' (24,576)
2026-09-24 05:32:36: > Copy Over 'C:/rock/bannister/Bannister/obj/x64/Release/net8.0-windows10.0.19041.0/win-x64/R2R/Microsoft.Graphics.Canvas.Interop.dll' -> 'goodrive://www.googleapis.com/:personal:/bannister/bannister/obj/x64/Release/net8.0-windows10.0.19041.0/win-x64/R2R/Microsoft.Graphics.Canvas.Interop.dll' (2,269,184)
2026-09-24 05:32:39: Copy Over 'C:/rock/bannister/Bannister/obj/x64/Release/net8.0-windows10.0.19041.0/win-x64/R2R/Microsoft.Extensions.Options.dll' -> 'goodrive://www.googleapis.com/:personal:/bannister/bannister/obj/x64/Release/net8.0-windows10.0.19041.0/win-x64/R2R/Microsoft.Extensions.Options.dll' (126,976)
2026-09-24 05:32:39: Copy Over 'C:/rock/bannister/Bannister/obj/x64/Release/net8.0-windows10.0.19041.0/win-x64/R2R/Microsoft.Extensions.Primitives.dll' -> 'goodrive://www.googleapis.com/:personal:/bannister/bannister/obj/x64/Release/net8.0-windows10.0.19041.0/win-x64/R2R/Microsoft.Extensions.Primitives.dll' (73,728)
2026-09-24 05:32:39: > Copy Over 'C:/rock/bannister/Bannister/obj/x64/Release/net8.0-windows10.0.19041.0/win-x64/R2R/Microsoft.InteractiveExperiences.Projection.dll' -> 'goodrive://www.googleapis.com/:personal:/bannister/bannister/obj/x64/Release/net8.0-windows10.0.19041.0/win-x64/R2R/Microsoft.InteractiveExperiences.Projection.dll' (2,576,384)
2026-09-24 05:32:39: < Copy Over 'C:/rock/bannister/Bannister/obj/x64/Release/net8.0-windows10.0.19041.0/win-x64/R2R/Microsoft.Graphics.Canvas.Interop.dll' -> 'goodrive://www.googleapis.com/:personal:/bannister/bannister/obj/x64/Release/net8.0-windows10.0.19041.0/win-x64/R2R/Microsoft.Graphics.Canvas.Interop.dll' (2,269,184)
2026-09-24 05:32:39: > Copy Over 'C:/rock/bannister/Bannister/obj/x64/Release/net8.0-windows10.0.19041.0/win-x64/R2R/Microsoft.Maui.Controls.Compatibility.dll' -> 'goodrive://www.googleapis.com/:personal:/bannister/bannister/obj/x64/Release/net8.0-windows10.0.19041.0/win-x64/R2R/Microsoft.Maui.Controls.Compatibility.dll' (1,163,264)
2026-09-24 05:32:43: Copy Over 'C:/rock/bannister/Bannister/obj/x64/Release/net8.0-windows10.0.19041.0/win-x64/R2R/Microsoft.IO.RecyclableMemoryStream.dll' -> 'goodrive://www.googleapis.com/:personal:/bannister/bannister/obj/x64/Release/net8.0-windows10.0.19041.0/win-x64/R2R/Microsoft.IO.RecyclableMemoryStream.dll' (118,784)
2026-09-24 05:32:43: > Copy Over 'C:/rock/bannister/Bannister/obj/x64/Release/net8.0-windows10.0.19041.0/win-x64/R2R/Microsoft.Maui.Controls.dll' -> 'goodrive://www.googleapis.com/:personal:/bannister/bannister/obj/x64/Release/net8.0-windows10.0.19041.0/win-x64/R2R/Microsoft.Maui.Controls.dll' (4,317,184)
2026-09-24 05:32:43: < Copy Over 'C:/rock/bannister/Bannister/obj/x64/Release/net8.0-windows10.0.19041.0/win-x64/R2R/Microsoft.InteractiveExperiences.Projection.dll' -> 'goodrive://www.googleapis.com/:personal:/bannister/bannister/obj/x64/Release/net8.0-windows10.0.19041.0/win-x64/R2R/Microsoft.InteractiveExperiences.Projection.dll' (2,576,384)
2026-09-24 05:32:43: < Copy Over 'C:/rock/bannister/Bannister/obj/x64/Release/net8.0-windows10.0.19041.0/win-x64/R2R/Microsoft.Maui.Controls.Compatibility.dll' -> 'goodrive://www.googleapis.com/:personal:/bannister/bannister/obj/x64/Release/net8.0-windows10.0.19041.0/win-x64/R2R/Microsoft.Maui.Controls.Compatibility.dll' (1,163,264)
2026-09-24 05:32:43: > Copy Over 'C:/rock/bannister/Bannister/obj/x64/Release/net8.0-windows10.0.19041.0/win-x64/R2R/Microsoft.Maui.dll' -> 'goodrive://www.googleapis.com/:personal:/bannister/bannister/obj/x64/Release/net8.0-windows10.0.19041.0/win-x64/R2R/Microsoft.Maui.dll' (1,609,728)
2026-09-24 05:32:46: < Copy Over 'C:/rock/bannister/Bannister/obj/x64/Release/net8.0-windows10.0.19041.0/win-x64/R2R/Microsoft.Maui.Controls.dll' -> 'goodrive://www.googleapis.com/:personal:/bannister/bannister/obj/x64/Release/net8.0-windows10.0.19041.0/win-x64/R2R/Microsoft.Maui.Controls.dll' (4,317,184)
2026-09-24 05:32:46: < Copy Over 'C:/rock/bannister/Bannister/obj/x64/Release/net8.0-windows10.0.19041.0/win-x64/R2R/Microsoft.Maui.dll' -> 'goodrive://www.googleapis.com/:personal:/bannister/bannister/obj/x64/Release/net8.0-windows10.0.19041.0/win-x64/R2R/Microsoft.Maui.dll' (1,609,728)
2026-09-24 05:32:47: Copy Over 'C:/rock/bannister/Bannister/obj/x64/Release/net8.0-windows10.0.19041.0/win-x64/R2R/Microsoft.Maui.Controls.Xaml.dll' -> 'goodrive://www.googleapis.com/:personal:/bannister/bannister/obj/x64/Release/net8.0-windows10.0.19041.0/win-x64/R2R/Microsoft.Maui.Controls.Xaml.dll' (294,912)
2026-09-24 05:32:50: Copy Over 'C:/rock/bannister/Bannister/obj/x64/Release/net8.0-windows10.0.19041.0/win-x64/R2R/Microsoft.Maui.Essentials.dll' -> 'goodrive://www.googleapis.com/:personal:/bannister/bannister/obj/x64/Release/net8.0-windows10.0.19041.0/win-x64/R2R/Microsoft.Maui.Essentials.dll' (544,768)
2026-09-24 05:32:50: Copy Over 'C:/rock/bannister/Bannister/obj/x64/Release/net8.0-windows10.0.19041.0/win-x64/R2R/Microsoft.Maui.Graphics.dll' -> 'goodrive://www.googleapis.com/:personal:/bannister/bannister/obj/x64/Release/net8.0-windows10.0.19041.0/win-x64/R2R/Microsoft.Maui.Graphics.dll' (536,576)
2026-09-24 05:32:50: Copy Over 'C:/rock/bannister/Bannister/obj/x64/Release/net8.0-windows10.0.19041.0/win-x64/R2R/Microsoft.Maui.Graphics.Win2D.WinUI.Desktop.dll' -> 'goodrive://www.googleapis.com/:personal:/bannister/bannister/obj/x64/Release/net8.0-windows10.0.19041.0/win-x64/R2R/Microsoft.Maui.Graphics.Win2D.WinUI.Desktop.dll' (126,976)
2026-09-24 05:32:54: Copy Over 'C:/rock/bannister/Bannister/obj/x64/Release/net8.0-windows10.0.19041.0/win-x64/R2R/Microsoft.Windows.ApplicationModel.Resources.Projection.dll' -> 'goodrive://www.googleapis.com/:personal:/bannister/bannister/obj/x64/Release/net8.0-windows10.0.19041.0/win-x64/R2R/Microsoft.Windows.ApplicationModel.Resources.Projection.dll' (135,168)
2026-09-24 05:32:54: Copy Over 'C:/rock/bannister/Bannister/obj/x64/Release/net8.0-windows10.0.19041.0/win-x64/R2R/Microsoft.Windows.ApplicationModel.DynamicDependency.Projection.dll' -> 'goodrive://www.googleapis.com/:personal:/bannister/bannister/obj/x64/Release/net8.0-windows10.0.19041.0/win-x64/R2R/Microsoft.Windows.ApplicationModel.DynamicDependency.Projection.dll' (102,400)
2026-09-24 05:32:54: Copy Over 'C:/rock/bannister/Bannister/obj/x64/Release/net8.0-windows10.0.19041.0/win-x64/R2R/Microsoft.Windows.ApplicationModel.WindowsAppRuntime.Projection.dll' -> 'goodrive://www.googleapis.com/:personal:/bannister/bannister/obj/x64/Release/net8.0-windows10.0.19041.0/win-x64/R2R/Microsoft.Windows.ApplicationModel.WindowsAppRuntime.Projection.dll' (81,920)
2026-09-24 05:32:57: Copy Over 'C:/rock/bannister/Bannister/obj/x64/Release/net8.0-windows10.0.19041.0/win-x64/R2R/Microsoft.Windows.AppLifecycle.Projection.dll' -> 'goodrive://www.googleapis.com/:personal:/bannister/bannister/obj/x64/Release/net8.0-windows10.0.19041.0/win-x64/R2R/Microsoft.Windows.AppLifecycle.Projection.dll' (90,112)
2026-09-24 05:32:57: Copy Over 'C:/rock/bannister/Bannister/obj/x64/Release/net8.0-windows10.0.19041.0/win-x64/R2R/Microsoft.Windows.AppNotifications.Builder.Projection.dll' -> 'goodrive://www.googleapis.com/:personal:/bannister/bannister/obj/x64/Release/net8.0-windows10.0.19041.0/win-x64/R2R/Microsoft.Windows.AppNotifications.Builder.Projection.dll' (131,072)
2026-09-24 05:32:57: Copy Over 'C:/rock/bannister/Bannister/obj/x64/Release/net8.0-windows10.0.19041.0/win-x64/R2R/Microsoft.Windows.AppNotifications.Projection.dll' -> 'goodrive://www.googleapis.com/:personal:/bannister/bannister/obj/x64/Release/net8.0-windows10.0.19041.0/win-x64/R2R/Microsoft.Windows.AppNotifications.Projection.dll' (118,784)
2026-09-24 05:32:57: > Copy Over 'C:/rock/bannister/Bannister/obj/x64/Release/net8.0-windows10.0.19041.0/win-x64/R2R/Microsoft.Windows.SDK.NET.dll' -> 'goodrive://www.googleapis.com/:personal:/bannister/bannister/obj/x64/Release/net8.0-windows10.0.19041.0/win-x64/R2R/Microsoft.Windows.SDK.NET.dll' (56,717,312)
2026-09-24 05:33:00: Copy Over 'C:/rock/bannister/Bannister/obj/x64/Release/net8.0-windows10.0.19041.0/win-x64/R2R/Microsoft.Windows.Management.Deployment.Projection.dll' -> 'goodrive://www.googleapis.com/:personal:/bannister/bannister/obj/x64/Release/net8.0-windows10.0.19041.0/win-x64/R2R/Microsoft.Windows.Management.Deployment.Projection.dll' (217,088)
2026-09-24 05:33:01: Copy Over 'C:/rock/bannister/Bannister/obj/x64/Release/net8.0-windows10.0.19041.0/win-x64/R2R/Microsoft.Windows.PushNotifications.Projection.dll' -> 'goodrive://www.googleapis.com/:personal:/bannister/bannister/obj/x64/Release/net8.0-windows10.0.19041.0/win-x64/R2R/Microsoft.Windows.PushNotifications.Projection.dll' (102,400)
2026-09-24 05:33:04: Copy Over 'C:/rock/bannister/Bannister/obj/x64/Release/net8.0-windows10.0.19041.0/win-x64/R2R/Microsoft.Windows.Security.AccessControl.Projection.dll' -> 'goodrive://www.googleapis.com/:personal:/bannister/bannister/obj/x64/Release/net8.0-windows10.0.19041.0/win-x64/R2R/Microsoft.Windows.Security.AccessControl.Projection.dll' (61,440)
2026-09-24 05:33:04: Copy Over 'C:/rock/bannister/Bannister/obj/x64/Release/net8.0-windows10.0.19041.0/win-x64/R2R/Microsoft.Windows.System.Power.Projection.dll' -> 'goodrive://www.googleapis.com/:personal:/bannister/bannister/obj/x64/Release/net8.0-windows10.0.19041.0/win-x64/R2R/Microsoft.Windows.System.Power.Projection.dll' (81,920)
2026-09-24 05:33:07: < Copy Over 'C:/rock/bannister/Bannister/obj/x64/Release/net8.0-windows10.0.19041.0/win-x64/R2R/Microsoft.Windows.SDK.NET.dll' -> 'goodrive://www.googleapis.com/:personal:/bannister/bannister/obj/x64/Release/net8.0-windows10.0.19041.0/win-x64/R2R/Microsoft.Windows.SDK.NET.dll' (56,717,312)
2026-09-24 05:33:07: Copy Over 'C:/rock/bannister/Bannister/obj/x64/Release/net8.0-windows10.0.19041.0/win-x64/R2R/Microsoft.Windows.System.Projection.dll' -> 'goodrive://www.googleapis.com/:personal:/bannister/bannister/obj/x64/Release/net8.0-windows10.0.19041.0/win-x64/R2R/Microsoft.Windows.System.Projection.dll' (69,632)
2026-09-24 05:33:07: > Copy Over 'C:/rock/bannister/Bannister/obj/x64/Release/net8.0-windows10.0.19041.0/win-x64/R2R/Microsoft.WinUI.dll' -> 'goodrive://www.googleapis.com/:personal:/bannister/bannister/obj/x64/Release/net8.0-windows10.0.19041.0/win-x64/R2R/Microsoft.WinUI.dll' (14,249,984)
2026-09-24 05:33:08: Copy Over 'C:/rock/bannister/Bannister/obj/x64/Release/net8.0-windows10.0.19041.0/win-x64/R2R/Microsoft.Windows.Widgets.Projection.dll' -> 'goodrive://www.googleapis.com/:personal:/bannister/bannister/obj/x64/Release/net8.0-windows10.0.19041.0/win-x64/R2R/Microsoft.Windows.Widgets.Projection.dll' (315,392)
2026-09-24 05:33:08: > Copy Over 'C:/rock/bannister/Bannister/obj/x64/Release/net8.0-windows10.0.19041.0/win-x64/R2R/Newtonsoft.Json.dll' -> 'goodrive://www.googleapis.com/:personal:/bannister/bannister/obj/x64/Release/net8.0-windows10.0.19041.0/win-x64/R2R/Newtonsoft.Json.dll' (1,294,336)
2026-09-24 05:33:10: Copy Over 'C:/rock/bannister/Bannister/obj/x64/Release/net8.0-windows10.0.19041.0/win-x64/R2R/Microsoft.WindowsAppRuntime.Bootstrap.Net.dll' -> 'goodrive://www.googleapis.com/:personal:/bannister/bannister/obj/x64/Release/net8.0-windows10.0.19041.0/win-x64/R2R/Microsoft.WindowsAppRuntime.Bootstrap.Net.dll' (20,480)
2026-09-24 05:33:10: > Copy Over 'C:/rock/bannister/Bannister/obj/x64/Release/net8.0-windows10.0.19041.0/win-x64/R2R/SkiaSharp.dll' -> 'goodrive://www.googleapis.com/:personal:/bannister/bannister/obj/x64/Release/net8.0-windows10.0.19041.0/win-x64/R2R/SkiaSharp.dll' (1,277,952)
2026-09-24 05:33:12: < Copy Over 'C:/rock/bannister/Bannister/obj/x64/Release/net8.0-windows10.0.19041.0/win-x64/R2R/Newtonsoft.Json.dll' -> 'goodrive://www.googleapis.com/:personal:/bannister/bannister/obj/x64/Release/net8.0-windows10.0.19041.0/win-x64/R2R/Newtonsoft.Json.dll' (1,294,336)
2026-09-24 05:33:12: < Copy Over 'C:/rock/bannister/Bannister/obj/x64/Release/net8.0-windows10.0.19041.0/win-x64/R2R/Microsoft.WinUI.dll' -> 'goodrive://www.googleapis.com/:personal:/bannister/bannister/obj/x64/Release/net8.0-windows10.0.19041.0/win-x64/R2R/Microsoft.WinUI.dll' (14,249,984)
2026-09-24 05:33:14: < Copy Over 'C:/rock/bannister/Bannister/obj/x64/Release/net8.0-windows10.0.19041.0/win-x64/R2R/SkiaSharp.dll' -> 'goodrive://www.googleapis.com/:personal:/bannister/bannister/obj/x64/Release/net8.0-windows10.0.19041.0/win-x64/R2R/SkiaSharp.dll' (1,277,952)
2026-09-24 05:33:15: Copy Over 'C:/rock/bannister/Bannister/obj/x64/Release/net8.0-windows10.0.19041.0/win-x64/R2R/SQLite-net.dll' -> 'goodrive://www.googleapis.com/:personal:/bannister/bannister/obj/x64/Release/net8.0-windows10.0.19041.0/win-x64/R2R/SQLite-net.dll' (290,816)
2026-09-24 05:33:16: Copy Over 'C:/rock/bannister/Bannister/obj/x64/Release/net8.0-windows10.0.19041.0/win-x64/R2R/SQLitePCLRaw.batteries_v2.dll' -> 'goodrive://www.googleapis.com/:personal:/bannister/bannister/obj/x64/Release/net8.0-windows10.0.19041.0/win-x64/R2R/SQLitePCLRaw.batteries_v2.dll' (20,480)
2026-09-24 05:33:17: Copy Over 'C:/rock/bannister/Bannister/obj/x64/Release/net8.0-windows10.0.19041.0/win-x64/R2R/SQLitePCLRaw.core.dll' -> 'goodrive://www.googleapis.com/:personal:/bannister/bannister/obj/x64/Release/net8.0-windows10.0.19041.0/win-x64/R2R/SQLitePCLRaw.core.dll' (110,592)
2026-09-24 05:33:17: > Copy Over 'C:/rock/bannister/Bannister/obj/x64/Release/net8.0-windows10.0.19041.0/win-x64/R2R/System.Speech.dll' -> 'goodrive://www.googleapis.com/:personal:/bannister/bannister/obj/x64/Release/net8.0-windows10.0.19041.0/win-x64/R2R/System.Speech.dll' (1,425,408)
2026-09-24 05:33:18: Copy Over 'C:/rock/bannister/Bannister/obj/x64/Release/net8.0-windows10.0.19041.0/win-x64/R2R/SQLitePCLRaw.provider.e_sqlcipher.dll' -> 'goodrive://www.googleapis.com/:personal:/bannister/bannister/obj/x64/Release/net8.0-windows10.0.19041.0/win-x64/R2R/SQLitePCLRaw.provider.e_sqlcipher.dll' (90,112)
2026-09-24 05:33:18: > Copy Over 'C:/rock/bannister/Bannister/obj/x64/Release/net8.0-windows10.0.19041.0/win-x64/R2R/WinRT.Runtime.dll' -> 'goodrive://www.googleapis.com/:personal:/bannister/bannister/obj/x64/Release/net8.0-windows10.0.19041.0/win-x64/R2R/WinRT.Runtime.dll' (1,392,640)
2026-09-24 05:33:19: Copy Over 'C:/rock/bannister/Bannister/obj/x64/Release/net8.0-windows10.0.19041.0/win-x64/R2R/SQLitePCLRaw.provider.e_sqlite3.dll' -> 'goodrive://www.googleapis.com/:personal:/bannister/bannister/obj/x64/Release/net8.0-windows10.0.19041.0/win-x64/R2R/SQLitePCLRaw.provider.e_sqlite3.dll' (86,016)
2026-09-24 05:33:21: < Copy Over 'C:/rock/bannister/Bannister/obj/x64/Release/net8.0-windows10.0.19041.0/win-x64/R2R/System.Speech.dll' -> 'goodrive://www.googleapis.com/:personal:/bannister/bannister/obj/x64/Release/net8.0-windows10.0.19041.0/win-x64/R2R/System.Speech.dll' (1,425,408)
2026-09-24 05:33:22: < Copy Over 'C:/rock/bannister/Bannister/obj/x64/Release/net8.0-windows10.0.19041.0/win-x64/R2R/WinRT.Runtime.dll' -> 'goodrive://www.googleapis.com/:personal:/bannister/bannister/obj/x64/Release/net8.0-windows10.0.19041.0/win-x64/R2R/WinRT.Runtime.dll' (1,392,640)
2026-09-24 05:33:23: Copy Over 'C:/rock/bannister/Bannister/obj/x64/Release/net8.0-windows10.0.19041.0/win-x64/R2R/Xabe.FFmpeg.dll' -> 'goodrive://www.googleapis.com/:personal:/bannister/bannister/obj/x64/Release/net8.0-windows10.0.19041.0/win-x64/R2R/Xabe.FFmpeg.dll' (331,776)
2026-09-24 05:33:23: > Copy Over 'C:/rock/bannister/Bannister/obj/x64/Release/net8.0-windows10.0.19041.0/win-x64/refint/Bannister.dll' -> 'goodrive://www.googleapis.com/:personal:/bannister/bannister/obj/x64/Release/net8.0-windows10.0.19041.0/win-x64/refint/Bannister.dll' (1,976,320)
2026-09-24 05:33:24: Copy Over 'C:/rock/bannister/Bannister/obj/x64/Release/net8.0-windows10.0.19041.0/win-x64/R2R/Xabe.FFmpeg.Downloader.dll' -> 'goodrive://www.googleapis.com/:personal:/bannister/bannister/obj/x64/Release/net8.0-windows10.0.19041.0/win-x64/R2R/Xabe.FFmpeg.Downloader.dll' (65,536)
2026-09-24 05:33:25: Copy Over 'C:/rock/bannister/Bannister/obj/x64/Release/net8.0-windows10.0.19041.0/win-x64/resources.resfiles.intermediate' -> 'goodrive://www.googleapis.com/:personal:/bannister/bannister/obj/x64/Release/net8.0-windows10.0.19041.0/win-x64/resources.resfiles.intermediate' (0)
2026-09-24 05:33:27: < Copy Over 'C:/rock/bannister/Bannister/obj/x64/Release/net8.0-windows10.0.19041.0/win-x64/refint/Bannister.dll' -> 'goodrive://www.googleapis.com/:personal:/bannister/bannister/obj/x64/Release/net8.0-windows10.0.19041.0/win-x64/refint/Bannister.dll' (1,976,320)
2026-09-24 05:33:27: Copy Over 'C:/rock/bannister/Bannister/obj/x64/Release/net8.0-windows10.0.19041.0/win-x64/unfiltered.layout.resfiles.intermediate' -> 'goodrive://www.googleapis.com/:personal:/bannister/bannister/obj/x64/Release/net8.0-windows10.0.19041.0/win-x64/unfiltered.layout.resfiles.intermediate' (2,329)
2026-09-24 05:33:29: Copy Over 'C:/rock/bannister/Bannister/obj/x64/Release/net8.0-windows10.0.19041.0/win-x64/XamlC.stamp' -> 'goodrive://www.googleapis.com/:personal:/bannister/bannister/obj/x64/Release/net8.0-windows10.0.19041.0/win-x64/XamlC.stamp' (0)
2026-09-24 05:33:29: Copy New 'C:/rock/bannister/.git/objects/08/78d196d8c78139c4d0da1aecb5c88d5fd8cd74' -> 'goodrive://www.googleapis.com/:personal:/bannister/.git/objects/08/78d196d8c78139c4d0da1aecb5c88d5fd8cd74' (488)
2026-09-24 05:33:30: Copy Over 'C:/rock/bannister/Bannister/obj/x64/Release/net8.0-windows10.0.19041.0/win-x64/XamlSaveStateFile.xml' -> 'goodrive://www.googleapis.com/:personal:/bannister/bannister/obj/x64/Release/net8.0-windows10.0.19041.0/win-x64/XamlSaveStateFile.xml' (809)
2026-09-24 05:33:31: Copy New 'C:/rock/bannister/.git/objects/09/cb18ec57bd42fa3e715ca94ef2a2f942c2f630' -> 'goodrive://www.googleapis.com/:personal:/bannister/.git/objects/09/cb18ec57bd42fa3e715ca94ef2a2f942c2f630' (644)
2026-09-24 05:33:32: Copy Over 'C:/rock/bannister/.git/refs/heads/main' -> 'goodrive://www.googleapis.com/:personal:/bannister/.git/refs/heads/main' (41)
2026-09-24 05:33:33: Copy Over 'C:/rock/bannister/.git/refs/remotes/origin/main' -> 'goodrive://www.googleapis.com/:personal:/bannister/.git/refs/remotes/origin/main' (41)
2026-09-24 05:33:34: Copy New 'C:/rock/bannister/.git/objects/16/7a5a498de9e57d6f2701219dbe51f14d18dc6f' -> 'goodrive://www.googleapis.com/:personal:/bannister/.git/objects/16/7a5a498de9e57d6f2701219dbe51f14d18dc6f' (322)
2026-09-24 05:33:34: Copy New 'C:/rock/bannister/.git/objects/20/0ba69ed328d2e9ed73a01bee5d993308ba7650' -> 'goodrive://www.googleapis.com/:personal:/bannister/.git/objects/20/0ba69ed328d2e9ed73a01bee5d993308ba7650' (278)
2026-09-24 05:33:35: Copy New 'C:/rock/bannister/.git/objects/34/49fea8ee23d7f12f08bf8b5bbd3864be1f9512' -> 'goodrive://www.googleapis.com/:personal:/bannister/.git/objects/34/49fea8ee23d7f12f08bf8b5bbd3864be1f9512' (694)
2026-09-24 05:33:36: Copy New 'C:/rock/bannister/.git/objects/3b/b8f68485d386751bdf87da6cc920569f6a765c' -> 'goodrive://www.googleapis.com/:personal:/bannister/.git/objects/3b/b8f68485d386751bdf87da6cc920569f6a765c' (512,882)
2026-09-24 05:33:36: Copy New 'C:/rock/bannister/.git/objects/46/c34a5a5b23342cbd6c05d1985240ede6e19b71' -> 'goodrive://www.googleapis.com/:personal:/bannister/.git/objects/46/c34a5a5b23342cbd6c05d1985240ede6e19b71' (112)
2026-09-24 05:33:37: Copy New 'C:/rock/bannister/.git/objects/5f/89ccb0b0052966fffcdc70acf7aea015cff73e' -> 'goodrive://www.googleapis.com/:personal:/bannister/.git/objects/5f/89ccb0b0052966fffcdc70acf7aea015cff73e' (4,464)
2026-09-24 05:33:38: Copy New 'C:/rock/bannister/.git/objects/83/eaf2de76d27f6058facd2e3f594bfca8a70ba7' -> 'goodrive://www.googleapis.com/:personal:/bannister/.git/objects/83/eaf2de76d27f6058facd2e3f594bfca8a70ba7' (288)
2026-09-24 05:33:38: Copy New 'C:/rock/bannister/.git/objects/85/258f512458e761d3b64a9659887dd793bdd753' -> 'goodrive://www.googleapis.com/:personal:/bannister/.git/objects/85/258f512458e761d3b64a9659887dd793bdd753' (517)
2026-09-24 05:33:39: Copy New 'C:/rock/bannister/.git/objects/8e/c5d8d00e15829b18535e5c3458ef027aa00023' -> 'goodrive://www.googleapis.com/:personal:/bannister/.git/objects/8e/c5d8d00e15829b18535e5c3458ef027aa00023' (11,748)
2026-09-24 05:33:40: Copy New 'C:/rock/bannister/.git/objects/a0/f9d28d93e57674047e17ae5b5bf789cb3d3595' -> 'goodrive://www.googleapis.com/:personal:/bannister/.git/objects/a0/f9d28d93e57674047e17ae5b5bf789cb3d3595' (488)
2026-09-24 05:33:40: Copy New 'C:/rock/bannister/.git/objects/af/37ac3bc7611385b0f6c10c16ed95f455539b3b' -> 'goodrive://www.googleapis.com/:personal:/bannister/.git/objects/af/37ac3bc7611385b0f6c10c16ed95f455539b3b' (1,327)
2026-09-24 05:33:41: Copy New 'C:/rock/bannister/.git/objects/b6/b9260b3bac91e5231d545bc678e62801a82a60' -> 'goodrive://www.googleapis.com/:personal:/bannister/.git/objects/b6/b9260b3bac91e5231d545bc678e62801a82a60' (644)
2026-09-24 05:33:42: Copy New 'C:/rock/bannister/.git/objects/bf/6b483588300a812313142e77101cfc3abd5657' -> 'goodrive://www.googleapis.com/:personal:/bannister/.git/objects/bf/6b483588300a812313142e77101cfc3abd5657' (644)
2026-09-24 05:33:42: Copy New 'C:/rock/bannister/.git/objects/c3/00e02e4978a40e0e590d1a9dfbaf26e9b12c90' -> 'goodrive://www.googleapis.com/:personal:/bannister/.git/objects/c3/00e02e4978a40e0e590d1a9dfbaf26e9b12c90' (487)
2026-09-24 05:33:43: Copy New 'C:/rock/bannister/.git/objects/c8/b589b7fa3f07c75d1e80cf763df3a3f8b7d5dc' -> 'goodrive://www.googleapis.com/:personal:/bannister/.git/objects/c8/b589b7fa3f07c75d1e80cf763df3a3f8b7d5dc' (2,856)
2026-09-24 05:33:44: Copy New 'C:/rock/bannister/.git/objects/db/233fa9659240b5e9a8fa94c4069225f8b9132a' -> 'goodrive://www.googleapis.com/:personal:/bannister/.git/objects/db/233fa9659240b5e9a8fa94c4069225f8b9132a' (5,089)
2026-09-24 05:33:44: Copy New 'C:/rock/bannister/.git/objects/f9/35e377eb984fced9bb71207e2fdf7f3bb7c237' -> 'goodrive://www.googleapis.com/:personal:/bannister/.git/objects/f9/35e377eb984fced9bb71207e2fdf7f3bb7c237' (1,399)
2026-09-24 05:33:45: Copy New 'C:/rock/bannister/.git/objects/fe/8d6b28b194f0a31c4aeecb34510f77934cdc35' -> 'goodrive://www.googleapis.com/:personal:/bannister/.git/objects/fe/8d6b28b194f0a31c4aeecb34510f77934cdc35' (2,853)
2026-09-24 05:33:45: Save State File C:/rock/bannister/_gsdata_/_file_state_v4._gs
2026-09-24 05:33:48: Save State File goodrive://www.googleapis.com/:personal:/bannister/_gsdata_/_file_state_v4._gs
2026-09-24 05:33:48: Release Snapshot of Volume C:
2026-09-24 05:33:52: == Sync Complete. Time: 00:03:16, Speed: 1.01 MB/s, OK: 163, Errors: 0
