2026-08-05 05:31:21: -- Analysis Started by On Schedule Min=30 Hour=5 
2026-08-05 05:31:21: L: Reading State File C:/rock/bannister/_gsdata_/_file_state_v4._gs
2026-08-05 05:31:25: R: Reading State File goodrive://www.googleapis.com/:personal:/bannister/_gsdata_/_file_state_v4._gs
2026-08-05 05:52:27: File ModTime changed but CheckSum remains the same, request CopyState: /Bannister/obj/Debug/net8.0-android/android/bin/classes/crc645d80431ce5f73f11/StartSingleSnapHelper.class
2026-08-05 05:52:28: Changes: 34, Conflicts: 0, CopyTime: 0, FixState: 1, Errors: 0, All: 22701
2026-08-05 05:52:28: Left to Right: Copy File: 29 Delete File: 5 
2026-08-05 05:52:28: == Sync Started by On Schedule Min=30 Hour=5 
2026-08-05 05:52:28: ConnectCloned connected to file:///C:/rock/bannister
2026-08-05 05:52:28: ConnectCloned connected to file:///C:/rock/bannister
2026-08-05 05:52:28: ConnectCloned connected to file:///C:/rock/bannister
2026-08-05 05:52:28: GsConnectAndSetRoot1 connected to goodrive://www.googleapis.com/:personal:/bannister
2026-08-05 05:52:28: GsConnectAndSetRoot1 connected to goodrive://www.googleapis.com/:personal:/bannister
2026-08-05 05:52:28: GsConnectAndSetRoot1 connected to goodrive://www.googleapis.com/:personal:/bannister
2026-08-05 05:52:29: CopyFileSimple: OpenDownload: ERR: Cannot open file C:/rock/bannister/.vs/Bannister/FileContentIndex/4006ac71-96ef-4180-af28-e16bc448a249.vsidx: cannot open file 'C:/rock/bannister/.vs/Bannister/FileContentIndex/4006ac71-96ef-4180-af28-e16bc448a249.vsidx': The process cannot access the file because it is being used by another process.  (error 32)
2026-08-05 05:52:29: Creating Snapshot of Volume 'C:' because this file is locked: C:/rock/bannister/.vs/Bannister/FileContentIndex/4006ac71-96ef-4180-af28-e16bc448a249.vsidx
2026-08-05 05:52:29: Connecting to Elevated Local GoodSync Server to complete operation
2026-08-05 05:52:29: LOCAL C:(127.0.0.1) -> S:127.0.0.1:33333
2026-08-05 05:52:31: Created Snapshot of Volume 'C:' at '/GLOBALROOT/Device/HarddiskVolumeShadowCopy4', Elevated
2026-08-05 05:52:31: Open File Snap GetShadow: AbsPath=/GLOBALROOT/Device/HarddiskVolumeShadowCopy4/rock/bannister/.vs/Bannister/FileContentIndex/4006ac71-96ef-4180-af28-e16bc448a249.vsidx SnapshotPath=/GLOBALROOT/Device/HarddiskVolumeShadowCopy4 SnapVolume=C:
2026-08-05 05:52:34: Copy New 'C:/rock/bannister/.vs/Bannister/FileContentIndex/4006ac71-96ef-4180-af28-e16bc448a249.vsidx' -> 'goodrive://www.googleapis.com/:personal:/bannister/.vs/Bannister/FileContentIndex/4006ac71-96ef-4180-af28-e16bc448a249.vsidx' (161,501)
2026-08-05 05:52:35: C:/rock/bannister/.vs/Bannister/v18/.suo: Source file has changed between Analyze and Sync from '[file] size=87,040 accu-time=2026-08-04 21:53:13 attr=Hidden,Archive,WArchive,WHidden cktype=0' to 'size=86,528 time=2026-08-05 05:42:05', noted in source file state
2026-08-05 05:52:35: Copy Over 'C:/rock/bannister/.vs/Bannister/v18/.suo' -> 'goodrive://www.googleapis.com/:personal:/bannister/.vs/Bannister/v18/.suo' (87,040)
2026-08-05 05:52:36: C:/rock/bannister/.vs/Bannister/v18/DocumentLayout.backup.json: Source file has changed between Analyze and Sync from '[file] size=18,001 accu-time=2026-08-04 05:44:19 attr=Archive,WArchive cktype=0' to 'size=17,863 time=2026-08-04 21:53:06', noted in source file state
2026-08-05 05:52:36: Copy Over 'C:/rock/bannister/.vs/Bannister/v18/DocumentLayout.backup.json' -> 'goodrive://www.googleapis.com/:personal:/bannister/.vs/Bannister/v18/DocumentLayout.backup.json' (18,001)
2026-08-05 05:52:36: CopyFileSimple: OpenDownload: ERR: Cannot open file C:/rock/bannister/.vs/Bannister/FileContentIndex/63a1d234-7802-44e0-a7d4-259307998e67.vsidx: cannot open file 'C:/rock/bannister/.vs/Bannister/FileContentIndex/63a1d234-7802-44e0-a7d4-259307998e67.vsidx': The process cannot access the file because it is being used by another process.  (error 32)
2026-08-05 05:52:36: Open File Snap GetShadow: AbsPath=/GLOBALROOT/Device/HarddiskVolumeShadowCopy4/rock/bannister/.vs/Bannister/FileContentIndex/63a1d234-7802-44e0-a7d4-259307998e67.vsidx SnapshotPath=/GLOBALROOT/Device/HarddiskVolumeShadowCopy4 SnapVolume=C:
2026-08-05 05:52:37: Delete File goodrive://www.googleapis.com/:personal:/bannister/.vs/Bannister/FileContentIndex/58d39fa7-d267-49b1-9d2b-6f3a7646310d.vsidx
2026-08-05 05:52:37: CopyFileSimple: OpenDownload: ERR: Cannot open file C:/rock/bannister/.vs/Bannister/FileContentIndex/6ec01694-6239-4fd2-8fa8-59d27d79be3a.vsidx: cannot open file 'C:/rock/bannister/.vs/Bannister/FileContentIndex/6ec01694-6239-4fd2-8fa8-59d27d79be3a.vsidx': The process cannot access the file because it is being used by another process.  (error 32)
2026-08-05 05:52:37: Open File Snap GetShadow: AbsPath=/GLOBALROOT/Device/HarddiskVolumeShadowCopy4/rock/bannister/.vs/Bannister/FileContentIndex/6ec01694-6239-4fd2-8fa8-59d27d79be3a.vsidx SnapshotPath=/GLOBALROOT/Device/HarddiskVolumeShadowCopy4 SnapVolume=C:
2026-08-05 05:52:39: C:/rock/bannister/.vs/Bannister/v18/DocumentLayout.json: Source file has changed between Analyze and Sync from '[file] size=17,863 accu-time=2026-08-04 21:53:06 attr=Archive,WArchive cktype=0' to 'size=17,863 time=2026-08-05 05:42:04', noted in source file state
2026-08-05 05:52:39: Copy Over 'C:/rock/bannister/.vs/Bannister/v18/DocumentLayout.json' -> 'goodrive://www.googleapis.com/:personal:/bannister/.vs/Bannister/v18/DocumentLayout.json' (17,863)
2026-08-05 05:52:39: CopyFileSimple: OpenDownload: ERR: Cannot open file C:/rock/bannister/.vs/Bannister/FileContentIndex/a5f5237f-6348-4e91-bd46-205392d4b49b.vsidx: cannot open file 'C:/rock/bannister/.vs/Bannister/FileContentIndex/a5f5237f-6348-4e91-bd46-205392d4b49b.vsidx': The process cannot access the file because it is being used by another process.  (error 32)
2026-08-05 05:52:39: Open File Snap GetShadow: AbsPath=/GLOBALROOT/Device/HarddiskVolumeShadowCopy4/rock/bannister/.vs/Bannister/FileContentIndex/a5f5237f-6348-4e91-bd46-205392d4b49b.vsidx SnapshotPath=/GLOBALROOT/Device/HarddiskVolumeShadowCopy4 SnapVolume=C:
2026-08-05 05:52:39: Copy New 'C:/rock/bannister/.vs/Bannister/FileContentIndex/63a1d234-7802-44e0-a7d4-259307998e67.vsidx' -> 'goodrive://www.googleapis.com/:personal:/bannister/.vs/Bannister/FileContentIndex/63a1d234-7802-44e0-a7d4-259307998e67.vsidx' (160,213)
2026-08-05 05:52:39: Delete File goodrive://www.googleapis.com/:personal:/bannister/.vs/Bannister/FileContentIndex/b7810736-7df2-4a1c-91b0-db4eb80363fb.vsidx
2026-08-05 05:52:39: CopyFileSimple: OpenDownload: ERR: Cannot open file C:/rock/bannister/.vs/Bannister/FileContentIndex/c1fba3a2-de7f-47de-9154-b51dc3712753.vsidx: cannot open file 'C:/rock/bannister/.vs/Bannister/FileContentIndex/c1fba3a2-de7f-47de-9154-b51dc3712753.vsidx': The process cannot access the file because it is being used by another process.  (error 32)
2026-08-05 05:52:39: Open File Snap GetShadow: AbsPath=/GLOBALROOT/Device/HarddiskVolumeShadowCopy4/rock/bannister/.vs/Bannister/FileContentIndex/c1fba3a2-de7f-47de-9154-b51dc3712753.vsidx SnapshotPath=/GLOBALROOT/Device/HarddiskVolumeShadowCopy4 SnapVolume=C:
2026-08-05 05:52:40: Copy New 'C:/rock/bannister/.vs/Bannister/FileContentIndex/6ec01694-6239-4fd2-8fa8-59d27d79be3a.vsidx' -> 'goodrive://www.googleapis.com/:personal:/bannister/.vs/Bannister/FileContentIndex/6ec01694-6239-4fd2-8fa8-59d27d79be3a.vsidx' (178,276)
2026-08-05 05:52:41: Delete File goodrive://www.googleapis.com/:personal:/bannister/.vs/Bannister/FileContentIndex/c8760230-340a-46b7-ad74-71a003038637.vsidx
2026-08-05 05:52:41: Copy New 'C:/rock/bannister/.vs/Bannister/FileContentIndex/a5f5237f-6348-4e91-bd46-205392d4b49b.vsidx' -> 'goodrive://www.googleapis.com/:personal:/bannister/.vs/Bannister/FileContentIndex/a5f5237f-6348-4e91-bd46-205392d4b49b.vsidx' (706,800)
2026-08-05 05:52:42: Delete File goodrive://www.googleapis.com/:personal:/bannister/.vs/Bannister/FileContentIndex/d2d0f11d-7f2d-484b-84cf-308dead696f4.vsidx
2026-08-05 05:52:42: Delete File goodrive://www.googleapis.com/:personal:/bannister/.vs/Bannister/FileContentIndex/e769a3a9-27a5-45ac-8258-4f90e47beaa1.vsidx
2026-08-05 05:52:42: > Copy Over 'C:/rock/bannister/.vs/Bannister/CopilotIndices/18.8.1096.64007/CodeChunks.db' -> 'goodrive://www.googleapis.com/:personal:/bannister/.vs/Bannister/CopilotIndices/18.8.1096.64007/CodeChunks.db' (4,952,064)
2026-08-05 05:52:44: Copy New 'C:/rock/bannister/.vs/Bannister/FileContentIndex/c1fba3a2-de7f-47de-9154-b51dc3712753.vsidx' -> 'goodrive://www.googleapis.com/:personal:/bannister/.vs/Bannister/FileContentIndex/c1fba3a2-de7f-47de-9154-b51dc3712753.vsidx' (163,988)
2026-08-05 05:52:47: Copy Over 'C:/rock/bannister/.vs/Bannister/DesignTimeBuild/.dtbcache.v2' -> 'goodrive://www.googleapis.com/:personal:/bannister/.vs/Bannister/DesignTimeBuild/.dtbcache.v2' (201,946)
2026-08-05 05:52:47: > Copy Over 'C:/rock/bannister/.vs/Bannister/CopilotIndices/18.8.1096.64007/CodeChunks.db-wal' -> 'goodrive://www.googleapis.com/:personal:/bannister/.vs/Bannister/CopilotIndices/18.8.1096.64007/CodeChunks.db-wal' (4,218,912)
2026-08-05 05:52:47: Copy Over 'C:/rock/bannister/.vs/Bannister/CopilotIndices/18.8.1096.64007/CodeChunks.db-shm' -> 'goodrive://www.googleapis.com/:personal:/bannister/.vs/Bannister/CopilotIndices/18.8.1096.64007/CodeChunks.db-shm' (32,768)
2026-08-05 05:52:47: > Copy Over 'C:/rock/bannister/.vs/Bannister/CopilotIndices/18.8.1096.64007/SemanticSymbols.db' -> 'goodrive://www.googleapis.com/:personal:/bannister/.vs/Bannister/CopilotIndices/18.8.1096.64007/SemanticSymbols.db' (3,182,592)
2026-08-05 05:52:48: < Copy Over 'C:/rock/bannister/.vs/Bannister/CopilotIndices/18.8.1096.64007/CodeChunks.db' -> 'goodrive://www.googleapis.com/:personal:/bannister/.vs/Bannister/CopilotIndices/18.8.1096.64007/CodeChunks.db' (4,952,064)
2026-08-05 05:52:51: < Copy Over 'C:/rock/bannister/.vs/Bannister/CopilotIndices/18.8.1096.64007/CodeChunks.db-wal' -> 'goodrive://www.googleapis.com/:personal:/bannister/.vs/Bannister/CopilotIndices/18.8.1096.64007/CodeChunks.db-wal' (4,218,912)
2026-08-05 05:52:51: > Copy Over 'C:/rock/bannister/.vs/Bannister/CopilotIndices/18.8.1096.64007/SemanticSymbols.db-wal' -> 'goodrive://www.googleapis.com/:personal:/bannister/.vs/Bannister/CopilotIndices/18.8.1096.64007/SemanticSymbols.db-wal' (4,478,472)
2026-08-05 05:52:51: Copy Over 'C:/rock/bannister/.vs/Bannister/CopilotIndices/18.8.1096.64007/SemanticSymbols.db-shm' -> 'goodrive://www.googleapis.com/:personal:/bannister/.vs/Bannister/CopilotIndices/18.8.1096.64007/SemanticSymbols.db-shm' (32,768)
2026-08-05 05:52:54: < Copy Over 'C:/rock/bannister/.vs/Bannister/CopilotIndices/18.8.1096.64007/SemanticSymbols.db' -> 'goodrive://www.googleapis.com/:personal:/bannister/.vs/Bannister/CopilotIndices/18.8.1096.64007/SemanticSymbols.db' (3,182,592)
2026-08-05 05:52:57: Copy Over 'C:/rock/bannister/Bannister/bin/x64/Debug/net8.0-windows10.0.19041.0/AppX/AppxManifest.xml' -> 'goodrive://www.googleapis.com/:personal:/bannister/bannister/bin/x64/Debug/net8.0-windows10.0.19041.0/AppX/AppxManifest.xml' (2,821)
2026-08-05 05:52:58: C:/rock/bannister/.vs/Bannister/CopilotIndices/18.8.1096.64007/SemanticSymbols.db-wal: Source file has changed between Analyze and Sync from '[file] size=4,478,472 accu-time=2026-08-04 21:53:17 attr=Archive,WArchive cktype=0' to 'size=4,478,472 time=2026-08-04 21:53:21', noted in source file state
2026-08-05 05:52:58: < Copy Over 'C:/rock/bannister/.vs/Bannister/CopilotIndices/18.8.1096.64007/SemanticSymbols.db-wal' -> 'goodrive://www.googleapis.com/:personal:/bannister/.vs/Bannister/CopilotIndices/18.8.1096.64007/SemanticSymbols.db-wal' (4,478,472)
2026-08-05 05:52:59: C:/rock/bannister/bannister/bin/x64/Debug/net8.0-windows10.0.19041.0/AppX/vs.appxrecipe: Source file has changed between Analyze and Sync from '[file] size=72,682 accu-time=2026-08-04 21:53:11 attr=Archive,WArchive cktype=0' to 'size=72,682 time=2026-08-05 05:42:05', noted in source file state
2026-08-05 05:52:59: Copy Over 'C:/rock/bannister/Bannister/bin/x64/Debug/net8.0-windows10.0.19041.0/AppX/vs.appxrecipe' -> 'goodrive://www.googleapis.com/:personal:/bannister/bannister/bin/x64/Debug/net8.0-windows10.0.19041.0/AppX/vs.appxrecipe' (72,682)
2026-08-05 05:53:01: Copy Over 'C:/rock/bannister/Bannister/bin/x64/Debug/net8.0-windows10.0.19041.0/AppxManifest.xml' -> 'goodrive://www.googleapis.com/:personal:/bannister/bannister/bin/x64/Debug/net8.0-windows10.0.19041.0/AppxManifest.xml' (2,821)
2026-08-05 05:53:03: Copy Over 'C:/rock/bannister/Bannister/bin/x64/Debug/net8.0-windows10.0.19041.0/Bannister.build.appxrecipe' -> 'goodrive://www.googleapis.com/:personal:/bannister/bannister/bin/x64/Debug/net8.0-windows10.0.19041.0/Bannister.build.appxrecipe' (60,573)
2026-08-05 05:53:04: Copy Over 'C:/rock/bannister/Bannister/obj/x64/Debug/net8.0-windows10.0.19041.0/Bannister.csproj.BuildWithSkipAnalyzers' -> 'goodrive://www.googleapis.com/:personal:/bannister/bannister/obj/x64/Debug/net8.0-windows10.0.19041.0/Bannister.csproj.BuildWithSkipAnalyzers' (0)
2026-08-05 05:53:05: Copy Over 'C:/rock/bannister/Bannister/obj/x64/Debug/net8.0-windows10.0.19041.0/excluded.layout.resfiles.intermediate' -> 'goodrive://www.googleapis.com/:personal:/bannister/bannister/obj/x64/Debug/net8.0-windows10.0.19041.0/excluded.layout.resfiles.intermediate' (0)
2026-08-05 05:53:08: Copy Over 'C:/rock/bannister/Bannister/obj/x64/Debug/net8.0-windows10.0.19041.0/embed/embed.resfiles.intermediate' -> 'goodrive://www.googleapis.com/:personal:/bannister/bannister/obj/x64/Debug/net8.0-windows10.0.19041.0/embed/embed.resfiles.intermediate' (27)
2026-08-05 05:53:09: Copy Over 'C:/rock/bannister/Bannister/obj/x64/Debug/net8.0-windows10.0.19041.0/filtered.layout.resfiles.intermediate' -> 'goodrive://www.googleapis.com/:personal:/bannister/bannister/obj/x64/Debug/net8.0-windows10.0.19041.0/filtered.layout.resfiles.intermediate' (2,329)
2026-08-05 05:53:10: Copy Over 'C:/rock/bannister/Bannister/obj/x64/Debug/net8.0-windows10.0.19041.0/pri.resfiles.intermediate' -> 'goodrive://www.googleapis.com/:personal:/bannister/bannister/obj/x64/Debug/net8.0-windows10.0.19041.0/pri.resfiles.intermediate' (386)
2026-08-05 05:53:12: Copy Over 'C:/rock/bannister/Bannister/obj/x64/Debug/net8.0-windows10.0.19041.0/priconfig.xml.intermediate' -> 'goodrive://www.googleapis.com/:personal:/bannister/bannister/obj/x64/Debug/net8.0-windows10.0.19041.0/priconfig.xml.intermediate' (3,154)
2026-08-05 05:53:13: Copy Over 'C:/rock/bannister/Bannister/obj/x64/Debug/net8.0-windows10.0.19041.0/Platforms/Windows/App.xaml' -> 'goodrive://www.googleapis.com/:personal:/bannister/bannister/obj/x64/Debug/net8.0-windows10.0.19041.0/Platforms/Windows/App.xaml' (304)
2026-08-05 05:53:14: Copy Over 'C:/rock/bannister/Bannister/obj/x64/Debug/net8.0-windows10.0.19041.0/resources.resfiles.intermediate' -> 'goodrive://www.googleapis.com/:personal:/bannister/bannister/obj/x64/Debug/net8.0-windows10.0.19041.0/resources.resfiles.intermediate' (0)
2026-08-05 05:53:16: Copy Over 'C:/rock/bannister/Bannister/obj/x64/Debug/net8.0-windows10.0.19041.0/unfiltered.layout.resfiles.intermediate' -> 'goodrive://www.googleapis.com/:personal:/bannister/bannister/obj/x64/Debug/net8.0-windows10.0.19041.0/unfiltered.layout.resfiles.intermediate' (2,329)
2026-08-05 05:53:17: Copy Over 'C:/rock/bannister/Bannister/obj/x64/Debug/net8.0-windows10.0.19041.0/XamlSaveStateFile.xml' -> 'goodrive://www.googleapis.com/:personal:/bannister/bannister/obj/x64/Debug/net8.0-windows10.0.19041.0/XamlSaveStateFile.xml' (834)
2026-08-05 05:53:17: Save State File C:/rock/bannister/_gsdata_/_file_state_v4._gs
2026-08-05 05:53:20: Save State File goodrive://www.googleapis.com/:personal:/bannister/_gsdata_/_file_state_v4._gs
2026-08-05 05:53:20: Release Snapshot of Volume C:
2026-08-05 05:53:21: Deleted Recycled: goodrive://www.googleapis.com/:personal:/bannister/_gsdata_/_saved_/.vs/Bannister/FileContentIndex/33e20782-2653-4e14-a332-18c6c9dfff46.vsidx
2026-08-05 05:53:22: Deleted Recycled: goodrive://www.googleapis.com/:personal:/bannister/_gsdata_/_saved_/bannister/Views/ActivityGamePage/ActivityGamePage.cs
2026-08-05 05:53:23: Deleted Recycled: goodrive://www.googleapis.com/:personal:/bannister/_gsdata_/_saved_/bannister/Views/ActivityGamePage/ActivityGamePage_DesktopUI.cs
2026-08-05 05:53:24: Deleted Recycled: goodrive://www.googleapis.com/:personal:/bannister/_gsdata_/_saved_/bannister/Views/ActivityGamePage/ActivityGamePage_EventHandlers.cs
2026-08-05 05:53:25: Deleted Recycled: goodrive://www.googleapis.com/:personal:/bannister/_gsdata_/_saved_/bannister/Views/ActivityGamePage/ActivityGamePage_MobileUI.cs
2026-08-05 06:08:39: Getting new AccessToken from RefreshToken
2026-08-05 06:10:32: == Sync Complete. Time: 00:18:04, Speed: 362.64 KB/s, OK: 35, Errors: 0
