2026-09-21 05:30:28: -- Analysis Started by On Schedule Min=30 Hour=5 
2026-09-21 05:30:28: L: Reading State File C:/rock/bannister/_gsdata_/_file_state_v4._gs
2026-09-21 05:30:32: R: Reading State File goodrive://www.googleapis.com/:personal:/bannister/_gsdata_/_file_state_v4._gs
2026-09-21 05:30:34: Changes: 225, Conflicts: 0, CopyTime: 0, FixState: 0, Errors: 0, All: 26045
2026-09-21 05:30:34: Left to Right: Copy File: 223 Delete File: 2 
2026-09-21 05:30:34: == Sync Started by On Schedule Min=30 Hour=5 
2026-09-21 05:30:34: ConnectCloned connected to file:///C:/rock/bannister
2026-09-21 05:30:34: ConnectCloned connected to file:///C:/rock/bannister
2026-09-21 05:30:34: ConnectCloned connected to file:///C:/rock/bannister
2026-09-21 05:30:35: GsConnectAndSetRoot1 connected to goodrive://www.googleapis.com/:personal:/bannister
2026-09-21 05:30:35: GsConnectAndSetRoot1 connected to goodrive://www.googleapis.com/:personal:/bannister
2026-09-21 05:30:35: GsConnectAndSetRoot1 connected to goodrive://www.googleapis.com/:personal:/bannister
2026-09-21 05:30:35: > Copy Over 'C:/rock/bannister/.vs/Bannister/CopilotIndices/18.8.1106.51376/CodeChunks.db' -> 'goodrive://www.googleapis.com/:personal:/bannister/.vs/Bannister/CopilotIndices/18.8.1106.51376/CodeChunks.db' (6,426,624)
2026-09-21 05:30:40: Copy Over 'C:/rock/bannister/.vs/Bannister/DesignTimeBuild/.dtbcache.v2' -> 'goodrive://www.googleapis.com/:personal:/bannister/.vs/Bannister/DesignTimeBuild/.dtbcache.v2' (208,846)
2026-09-21 05:30:40: Copy Over 'C:/rock/bannister/Bannister/Views/ActivityGamePage/ActivityGamePage_DataLoading.cs' -> 'goodrive://www.googleapis.com/:personal:/bannister/bannister/Views/ActivityGamePage/ActivityGamePage_DataLoading.cs' (46,329)
2026-09-21 05:30:40: > Copy Over 'C:/rock/bannister/.vs/Bannister/CopilotIndices/18.8.1106.51376/CodeChunks.db-wal' -> 'goodrive://www.googleapis.com/:personal:/bannister/.vs/Bannister/CopilotIndices/18.8.1106.51376/CodeChunks.db-wal' (4,276,592)
2026-09-21 05:30:41: < Copy Over 'C:/rock/bannister/.vs/Bannister/CopilotIndices/18.8.1106.51376/CodeChunks.db' -> 'goodrive://www.googleapis.com/:personal:/bannister/.vs/Bannister/CopilotIndices/18.8.1106.51376/CodeChunks.db' (6,426,624)
2026-09-21 05:30:44: Copy Over 'C:/rock/bannister/Bannister/Views/ActivityGamePage/ActivityGamePage_EventHandlers.cs' -> 'goodrive://www.googleapis.com/:personal:/bannister/bannister/Views/ActivityGamePage/ActivityGamePage_EventHandlers.cs' (59,320)
2026-09-21 05:30:44: CopyFileSimple: OpenDownload: ERR: Cannot open file C:/rock/bannister/.vs/Bannister/FileContentIndex/2c26c47b-afc2-414e-a918-9ca5bf21f28c.vsidx: cannot open file 'C:/rock/bannister/.vs/Bannister/FileContentIndex/2c26c47b-afc2-414e-a918-9ca5bf21f28c.vsidx': The process cannot access the file because it is being used by another process.  (error 32)
2026-09-21 05:30:44: Creating Snapshot of Volume 'C:' because this file is locked: C:/rock/bannister/.vs/Bannister/FileContentIndex/2c26c47b-afc2-414e-a918-9ca5bf21f28c.vsidx
2026-09-21 05:30:44: Connecting to Elevated Local GoodSync Server to complete operation
2026-09-21 05:30:44: LOCAL C:(127.0.0.1) -> S:127.0.0.1:33333
2026-09-21 05:30:45: Copy Over 'C:/rock/bannister/Bannister/Views/ActivityGamePage/ActivityGamePage_StreakUI.cs' -> 'goodrive://www.googleapis.com/:personal:/bannister/bannister/Views/ActivityGamePage/ActivityGamePage_StreakUI.cs' (48,215)
2026-09-21 05:30:45: C:/rock/bannister/.vs/Bannister/CopilotIndices/18.8.1106.51376/CodeChunks.db-wal: Source file has changed between Analyze and Sync from '[file] size=4,276,592 accu-time=2026-09-20 18:39:37 attr=Archive,WArchive cktype=0' to 'size=4,276,592 time=2026-09-20 21:29:32', noted in source file state
2026-09-21 05:30:45: < Copy Over 'C:/rock/bannister/.vs/Bannister/CopilotIndices/18.8.1106.51376/CodeChunks.db-wal' -> 'goodrive://www.googleapis.com/:personal:/bannister/.vs/Bannister/CopilotIndices/18.8.1106.51376/CodeChunks.db-wal' (4,276,592)
2026-09-21 05:30:47: Created Snapshot of Volume 'C:' at '/GLOBALROOT/Device/HarddiskVolumeShadowCopy16', Elevated
2026-09-21 05:30:47: Open File Snap GetShadow: AbsPath=/GLOBALROOT/Device/HarddiskVolumeShadowCopy16/rock/bannister/.vs/Bannister/FileContentIndex/2c26c47b-afc2-414e-a918-9ca5bf21f28c.vsidx SnapshotPath=/GLOBALROOT/Device/HarddiskVolumeShadowCopy16 SnapVolume=C:
2026-09-21 05:30:48: Copy Over 'C:/rock/bannister/.vs/Bannister/v18/DocumentLayout.backup.json' -> 'goodrive://www.googleapis.com/:personal:/bannister/.vs/Bannister/v18/DocumentLayout.backup.json' (19,481)
2026-09-21 05:30:48: Copy Over 'C:/rock/bannister/.vs/Bannister/v18/.suo' -> 'goodrive://www.googleapis.com/:personal:/bannister/.vs/Bannister/v18/.suo' (95,232)
2026-09-21 05:30:49: Delete File goodrive://www.googleapis.com/:personal:/bannister/.vs/Bannister/FileContentIndex/3ea95620-1997-47cc-b82a-d04a54f88ed1.vsidx
2026-09-21 05:30:50: Copy New 'C:/rock/bannister/.vs/Bannister/FileContentIndex/2c26c47b-afc2-414e-a918-9ca5bf21f28c.vsidx' -> 'goodrive://www.googleapis.com/:personal:/bannister/.vs/Bannister/FileContentIndex/2c26c47b-afc2-414e-a918-9ca5bf21f28c.vsidx' (237,455)
2026-09-21 05:30:50: Delete File goodrive://www.googleapis.com/:personal:/bannister/.vs/Bannister/FileContentIndex/6d1a2fd0-cf29-4841-a2f2-ee6add28c077.vsidx
2026-09-21 05:30:50: CopyFileSimple: OpenDownload: ERR: Cannot open file C:/rock/bannister/.vs/Bannister/FileContentIndex/bed331b4-47b3-45e2-b63a-f1bbd2b7d821.vsidx: cannot open file 'C:/rock/bannister/.vs/Bannister/FileContentIndex/bed331b4-47b3-45e2-b63a-f1bbd2b7d821.vsidx': The process cannot access the file because it is being used by another process.  (error 32)
2026-09-21 05:30:50: Open File Snap GetShadow: AbsPath=/GLOBALROOT/Device/HarddiskVolumeShadowCopy16/rock/bannister/.vs/Bannister/FileContentIndex/bed331b4-47b3-45e2-b63a-f1bbd2b7d821.vsidx SnapshotPath=/GLOBALROOT/Device/HarddiskVolumeShadowCopy16 SnapVolume=C:
2026-09-21 05:30:52: Copy Over 'C:/rock/bannister/.vs/Bannister/v18/DocumentLayout.json' -> 'goodrive://www.googleapis.com/:personal:/bannister/.vs/Bannister/v18/DocumentLayout.json' (19,481)
2026-09-21 05:30:52: Copy New 'C:/rock/bannister/.vs/Bannister/FileContentIndex/bed331b4-47b3-45e2-b63a-f1bbd2b7d821.vsidx' -> 'goodrive://www.googleapis.com/:personal:/bannister/.vs/Bannister/FileContentIndex/bed331b4-47b3-45e2-b63a-f1bbd2b7d821.vsidx' (721,839)
2026-09-21 05:30:53: Copy Over 'C:/rock/bannister/Bannister/Views/SequenceTaskPage.cs' -> 'goodrive://www.googleapis.com/:personal:/bannister/bannister/Views/SequenceTaskPage.cs' (12,385)
2026-09-21 05:30:56: Copy Over 'C:/rock/bannister/Bannister/obj/Bannister.csproj.nuget.dgspec.json' -> 'goodrive://www.googleapis.com/:personal:/bannister/bannister/obj/Bannister.csproj.nuget.dgspec.json' (7,559)
2026-09-21 05:30:56: > Copy Over 'C:/rock/bannister/Bannister/obj/project.assets.json' -> 'goodrive://www.googleapis.com/:personal:/bannister/bannister/obj/project.assets.json' (1,266,805)
2026-09-21 05:30:56: Copy Over 'C:/rock/bannister/Bannister/Views/TasksPage.cs' -> 'goodrive://www.googleapis.com/:personal:/bannister/bannister/Views/TasksPage.cs' (91,843)
2026-09-21 05:30:56: Copy Over 'C:/rock/bannister/Bannister/obj/Bannister.csproj.nuget.g.props' -> 'goodrive://www.googleapis.com/:personal:/bannister/bannister/obj/Bannister.csproj.nuget.g.props' (5,005)
2026-09-21 05:30:59: Copy Over 'C:/rock/bannister/Bannister/obj/project.nuget.cache' -> 'goodrive://www.googleapis.com/:personal:/bannister/bannister/obj/project.nuget.cache' (27,012)
2026-09-21 05:31:00: < Copy Over 'C:/rock/bannister/Bannister/obj/project.assets.json' -> 'goodrive://www.googleapis.com/:personal:/bannister/bannister/obj/project.assets.json' (1,266,805)
2026-09-21 05:31:00: Copy Over 'C:/rock/bannister/Bannister/obj/x64/Debug/net8.0-android/Bannister.AssemblyInfo.cs' -> 'goodrive://www.googleapis.com/:personal:/bannister/bannister/obj/x64/Debug/net8.0-android/Bannister.AssemblyInfo.cs' (1,200)
2026-09-21 05:31:02: Copy Over 'C:/rock/bannister/Bannister/bin/x64/Debug/net8.0-windows10.0.19041.0/AppxManifest.xml' -> 'goodrive://www.googleapis.com/:personal:/bannister/bannister/bin/x64/Debug/net8.0-windows10.0.19041.0/AppxManifest.xml' (2,821)
2026-09-21 05:31:02: > Copy Over 'C:/rock/bannister/Bannister/bin/x64/Debug/net8.0-windows10.0.19041.0/AppX/Bannister.dll' -> 'goodrive://www.googleapis.com/:personal:/bannister/bannister/bin/x64/Debug/net8.0-windows10.0.19041.0/AppX/Bannister.dll' (8,225,792)
2026-09-21 05:31:04: Copy Over 'C:/rock/bannister/Bannister/bin/x64/Debug/net8.0-windows10.0.19041.0/AppX/AppxManifest.xml' -> 'goodrive://www.googleapis.com/:personal:/bannister/bannister/bin/x64/Debug/net8.0-windows10.0.19041.0/AppX/AppxManifest.xml' (2,821)
2026-09-21 05:31:04: Copy Over 'C:/rock/bannister/Bannister/bin/x64/Debug/net8.0-windows10.0.19041.0/AppX/Bannister.deps.json' -> 'goodrive://www.googleapis.com/:personal:/bannister/bannister/bin/x64/Debug/net8.0-windows10.0.19041.0/AppX/Bannister.deps.json' (72,297)
2026-09-21 05:31:07: < Copy Over 'C:/rock/bannister/Bannister/bin/x64/Debug/net8.0-windows10.0.19041.0/AppX/Bannister.dll' -> 'goodrive://www.googleapis.com/:personal:/bannister/bannister/bin/x64/Debug/net8.0-windows10.0.19041.0/AppX/Bannister.dll' (8,225,792)
2026-09-21 05:31:07: Copy Over 'C:/rock/bannister/Bannister/bin/x64/Debug/net8.0-windows10.0.19041.0/AppX/Bannister.runtimeconfig.json' -> 'goodrive://www.googleapis.com/:personal:/bannister/bannister/bin/x64/Debug/net8.0-windows10.0.19041.0/AppX/Bannister.runtimeconfig.json' (385)
2026-09-21 05:31:07: Copy Over 'C:/rock/bannister/Bannister/bin/x64/Debug/net8.0-windows10.0.19041.0/AppX/Bannister.exe' -> 'goodrive://www.googleapis.com/:personal:/bannister/bannister/bin/x64/Debug/net8.0-windows10.0.19041.0/AppX/Bannister.exe' (153,088)
2026-09-21 05:31:11: Copy Over 'C:/rock/bannister/Bannister/bin/x64/Debug/net8.0-windows10.0.19041.0/AppX/vs.appxrecipe' -> 'goodrive://www.googleapis.com/:personal:/bannister/bannister/bin/x64/Debug/net8.0-windows10.0.19041.0/AppX/vs.appxrecipe' (72,682)
2026-09-21 05:31:11: Copy Over 'C:/rock/bannister/Bannister/bin/x64/Debug/net8.0-windows10.0.19041.0/AppX/resources.pri' -> 'goodrive://www.googleapis.com/:personal:/bannister/bannister/bin/x64/Debug/net8.0-windows10.0.19041.0/AppX/resources.pri' (140,744)
2026-09-21 05:31:11: > Copy Over 'C:/rock/bannister/Bannister/bin/x64/Debug/net8.0-windows10.0.19041.0/Bannister.dll' -> 'goodrive://www.googleapis.com/:personal:/bannister/bannister/bin/x64/Debug/net8.0-windows10.0.19041.0/Bannister.dll' (8,225,792)
2026-09-21 05:31:11: Copy Over 'C:/rock/bannister/Bannister/bin/x64/Debug/net8.0-windows10.0.19041.0/Bannister.build.appxrecipe' -> 'goodrive://www.googleapis.com/:personal:/bannister/bannister/bin/x64/Debug/net8.0-windows10.0.19041.0/Bannister.build.appxrecipe' (60,573)
2026-09-21 05:31:15: Copy Over 'C:/rock/bannister/Bannister/bin/x64/Debug/net8.0-windows10.0.19041.0/Bannister.exe' -> 'goodrive://www.googleapis.com/:personal:/bannister/bannister/bin/x64/Debug/net8.0-windows10.0.19041.0/Bannister.exe' (153,088)
2026-09-21 05:31:15: > Copy Over 'C:/rock/bannister/Bannister/bin/x64/Debug/net8.0-windows10.0.19041.0/Bannister.pdb' -> 'goodrive://www.googleapis.com/:personal:/bannister/bannister/bin/x64/Debug/net8.0-windows10.0.19041.0/Bannister.pdb' (1,740,876)
2026-09-21 05:31:15: Copy Over 'C:/rock/bannister/Bannister/bin/x64/Debug/net8.0-windows10.0.19041.0/Bannister.deps.json' -> 'goodrive://www.googleapis.com/:personal:/bannister/bannister/bin/x64/Debug/net8.0-windows10.0.19041.0/Bannister.deps.json' (72,297)
2026-09-21 05:31:15: < Copy Over 'C:/rock/bannister/Bannister/bin/x64/Debug/net8.0-windows10.0.19041.0/Bannister.dll' -> 'goodrive://www.googleapis.com/:personal:/bannister/bannister/bin/x64/Debug/net8.0-windows10.0.19041.0/Bannister.dll' (8,225,792)
2026-09-21 05:31:18: Copy Over 'C:/rock/bannister/Bannister/bin/x64/Debug/net8.0-windows10.0.19041.0/Bannister.runtimeconfig.json' -> 'goodrive://www.googleapis.com/:personal:/bannister/bannister/bin/x64/Debug/net8.0-windows10.0.19041.0/Bannister.runtimeconfig.json' (385)
2026-09-21 05:31:18: < Copy Over 'C:/rock/bannister/Bannister/bin/x64/Debug/net8.0-windows10.0.19041.0/Bannister.pdb' -> 'goodrive://www.googleapis.com/:personal:/bannister/bannister/bin/x64/Debug/net8.0-windows10.0.19041.0/Bannister.pdb' (1,740,876)
2026-09-21 05:31:19: Copy Over 'C:/rock/bannister/Bannister/bin/x64/Debug/net8.0-windows10.0.19041.0/resources.pri' -> 'goodrive://www.googleapis.com/:personal:/bannister/bannister/bin/x64/Debug/net8.0-windows10.0.19041.0/resources.pri' (140,744)
2026-09-21 05:31:22: Copy Over 'C:/rock/bannister/Bannister/obj/x64/Debug/net8.0-android/Bannister.AssemblyInfoInputs.cache' -> 'goodrive://www.googleapis.com/:personal:/bannister/bannister/obj/x64/Debug/net8.0-android/Bannister.AssemblyInfoInputs.cache' (66)
2026-09-21 05:31:22: Copy Over 'C:/rock/bannister/Bannister/obj/x64/Debug/net8.0-android/Bannister.assets.cache' -> 'goodrive://www.googleapis.com/:personal:/bannister/bannister/obj/x64/Debug/net8.0-android/Bannister.assets.cache' (102,483)
2026-09-21 05:31:22: Copy Over 'C:/rock/bannister/Bannister/obj/x64/Debug/net8.0-android/designtime/build.props' -> 'goodrive://www.googleapis.com/:personal:/bannister/bannister/obj/x64/Debug/net8.0-android/designtime/build.props' (999)
2026-09-21 05:31:25: Copy Over 'C:/rock/bannister/Bannister/obj/x64/Debug/net8.0-android/lp/map.cache' -> 'goodrive://www.googleapis.com/:personal:/bannister/bannister/obj/x64/Debug/net8.0-android/lp/map.cache' (6,351)
2026-09-21 05:31:25: Copy Over 'C:/rock/bannister/Bannister/obj/x64/Debug/net8.0-android/designtime/stamp/_ResolveLibraryProjectImports.stamp' -> 'goodrive://www.googleapis.com/:personal:/bannister/bannister/obj/x64/Debug/net8.0-android/designtime/stamp/_ResolveLibraryProjectImports.stamp' (0)
2026-09-21 05:31:26: Copy Over 'C:/rock/bannister/Bannister/obj/x64/Debug/net8.0-windows10.0.19041.0/apphost.exe' -> 'goodrive://www.googleapis.com/:personal:/bannister/bannister/obj/x64/Debug/net8.0-windows10.0.19041.0/apphost.exe' (153,088)
2026-09-21 05:31:28: Copy Over 'C:/rock/bannister/Bannister/obj/x64/Debug/net8.0-windows10.0.19041.0/Bannister.AssemblyInfo.cs' -> 'goodrive://www.googleapis.com/:personal:/bannister/bannister/obj/x64/Debug/net8.0-windows10.0.19041.0/Bannister.AssemblyInfo.cs' (1,713)
2026-09-21 05:31:28: Copy Over 'C:/rock/bannister/Bannister/obj/x64/Debug/net8.0-windows10.0.19041.0/Bannister.AssemblyInfoInputs.cache' -> 'goodrive://www.googleapis.com/:personal:/bannister/bannister/obj/x64/Debug/net8.0-windows10.0.19041.0/Bannister.AssemblyInfoInputs.cache' (66)
2026-09-21 05:31:30: Copy Over 'C:/rock/bannister/Bannister/obj/x64/Debug/net8.0-windows10.0.19041.0/Bannister.assets.cache' -> 'goodrive://www.googleapis.com/:personal:/bannister/bannister/obj/x64/Debug/net8.0-windows10.0.19041.0/Bannister.assets.cache' (73,605)
2026-09-21 05:31:30: > Copy Over 'C:/rock/bannister/Bannister/obj/x64/Debug/net8.0-windows10.0.19041.0/Bannister.dll' -> 'goodrive://www.googleapis.com/:personal:/bannister/bannister/obj/x64/Debug/net8.0-windows10.0.19041.0/Bannister.dll' (8,225,792)
2026-09-21 05:31:32: Copy Over 'C:/rock/bannister/Bannister/obj/x64/Debug/net8.0-windows10.0.19041.0/Bannister.csproj.BuildWithSkipAnalyzers' -> 'goodrive://www.googleapis.com/:personal:/bannister/bannister/obj/x64/Debug/net8.0-windows10.0.19041.0/Bannister.csproj.BuildWithSkipAnalyzers' (0)
2026-09-21 05:31:32: Copy Over 'C:/rock/bannister/Bannister/obj/x64/Debug/net8.0-windows10.0.19041.0/Bannister.csproj.CoreCompileInputs.cache' -> 'goodrive://www.googleapis.com/:personal:/bannister/bannister/obj/x64/Debug/net8.0-windows10.0.19041.0/Bannister.csproj.CoreCompileInputs.cache' (66)
2026-09-21 05:31:32: > Copy Over 'C:/rock/bannister/Bannister/obj/x64/Debug/net8.0-windows10.0.19041.0/Bannister.pdb' -> 'goodrive://www.googleapis.com/:personal:/bannister/bannister/obj/x64/Debug/net8.0-windows10.0.19041.0/Bannister.pdb' (1,740,876)
2026-09-21 05:31:34: < Copy Over 'C:/rock/bannister/Bannister/obj/x64/Debug/net8.0-windows10.0.19041.0/Bannister.dll' -> 'goodrive://www.googleapis.com/:personal:/bannister/bannister/obj/x64/Debug/net8.0-windows10.0.19041.0/Bannister.dll' (8,225,792)
2026-09-21 05:31:36: Copy Over 'C:/rock/bannister/Bannister/obj/x64/Debug/net8.0-windows10.0.19041.0/Bannister.sourcelink.json' -> 'goodrive://www.googleapis.com/:personal:/bannister/bannister/obj/x64/Debug/net8.0-windows10.0.19041.0/Bannister.sourcelink.json' (141)
2026-09-21 05:31:36: < Copy Over 'C:/rock/bannister/Bannister/obj/x64/Debug/net8.0-windows10.0.19041.0/Bannister.pdb' -> 'goodrive://www.googleapis.com/:personal:/bannister/bannister/obj/x64/Debug/net8.0-windows10.0.19041.0/Bannister.pdb' (1,740,876)
2026-09-21 05:31:38: Copy Over 'C:/rock/bannister/Bannister/obj/x64/Debug/net8.0-windows10.0.19041.0/excluded.layout.resfiles.intermediate' -> 'goodrive://www.googleapis.com/:personal:/bannister/bannister/obj/x64/Debug/net8.0-windows10.0.19041.0/excluded.layout.resfiles.intermediate' (0)
2026-09-21 05:31:39: Copy Over 'C:/rock/bannister/Bannister/obj/x64/Debug/net8.0-windows10.0.19041.0/embed/embed.resfiles.intermediate' -> 'goodrive://www.googleapis.com/:personal:/bannister/bannister/obj/x64/Debug/net8.0-windows10.0.19041.0/embed/embed.resfiles.intermediate' (27)
2026-09-21 05:31:40: Copy Over 'C:/rock/bannister/Bannister/obj/x64/Debug/net8.0-windows10.0.19041.0/filtered.layout.resfiles.intermediate' -> 'goodrive://www.googleapis.com/:personal:/bannister/bannister/obj/x64/Debug/net8.0-windows10.0.19041.0/filtered.layout.resfiles.intermediate' (2,329)
2026-09-21 05:31:40: > Copy Over 'C:/rock/bannister/Bannister/obj/x64/Debug/net8.0-windows10.0.19041.0/intermediatexaml/Bannister.dll' -> 'goodrive://www.googleapis.com/:personal:/bannister/bannister/obj/x64/Debug/net8.0-windows10.0.19041.0/intermediatexaml/Bannister.dll' (8,083,456)
2026-09-21 05:31:41: Copy Over 'C:/rock/bannister/Bannister/obj/x64/Debug/net8.0-windows10.0.19041.0/input.json' -> 'goodrive://www.googleapis.com/:personal:/bannister/bannister/obj/x64/Debug/net8.0-windows10.0.19041.0/input.json' (104,202)
2026-09-21 05:31:41: > Copy Over 'C:/rock/bannister/Bannister/obj/x64/Debug/net8.0-windows10.0.19041.0/intermediatexaml/Bannister.pdb' -> 'goodrive://www.googleapis.com/:personal:/bannister/bannister/obj/x64/Debug/net8.0-windows10.0.19041.0/intermediatexaml/Bannister.pdb' (1,710,956)
2026-09-21 05:31:43: Copy Over 'C:/rock/bannister/Bannister/obj/x64/Debug/net8.0-windows10.0.19041.0/output.json' -> 'goodrive://www.googleapis.com/:personal:/bannister/bannister/obj/x64/Debug/net8.0-windows10.0.19041.0/output.json' (8,845)
2026-09-21 05:31:44: < Copy Over 'C:/rock/bannister/Bannister/obj/x64/Debug/net8.0-windows10.0.19041.0/intermediatexaml/Bannister.dll' -> 'goodrive://www.googleapis.com/:personal:/bannister/bannister/obj/x64/Debug/net8.0-windows10.0.19041.0/intermediatexaml/Bannister.dll' (8,083,456)
2026-09-21 05:31:46: < Copy Over 'C:/rock/bannister/Bannister/obj/x64/Debug/net8.0-windows10.0.19041.0/intermediatexaml/Bannister.pdb' -> 'goodrive://www.googleapis.com/:personal:/bannister/bannister/obj/x64/Debug/net8.0-windows10.0.19041.0/intermediatexaml/Bannister.pdb' (1,710,956)
2026-09-21 05:31:46: Copy Over 'C:/rock/bannister/Bannister/obj/x64/Debug/net8.0-windows10.0.19041.0/pri.resfiles.intermediate' -> 'goodrive://www.googleapis.com/:personal:/bannister/bannister/obj/x64/Debug/net8.0-windows10.0.19041.0/pri.resfiles.intermediate' (386)
2026-09-21 05:31:47: Copy Over 'C:/rock/bannister/Bannister/obj/x64/Debug/net8.0-windows10.0.19041.0/priconfig.xml.intermediate' -> 'goodrive://www.googleapis.com/:personal:/bannister/bannister/obj/x64/Debug/net8.0-windows10.0.19041.0/priconfig.xml.intermediate' (3,154)
2026-09-21 05:31:47: > Copy Over 'C:/rock/bannister/Bannister/obj/x64/Debug/net8.0-windows10.0.19041.0/ref/Bannister.dll' -> 'goodrive://www.googleapis.com/:personal:/bannister/bannister/obj/x64/Debug/net8.0-windows10.0.19041.0/ref/Bannister.dll' (1,717,760)
2026-09-21 05:31:49: Copy Over 'C:/rock/bannister/Bannister/obj/x64/Debug/net8.0-windows10.0.19041.0/Platforms/Windows/App.xaml' -> 'goodrive://www.googleapis.com/:personal:/bannister/bannister/obj/x64/Debug/net8.0-windows10.0.19041.0/Platforms/Windows/App.xaml' (304)
2026-09-21 05:31:49: > Copy Over 'C:/rock/bannister/Bannister/obj/x64/Debug/net8.0-windows10.0.19041.0/refint/Bannister.dll' -> 'goodrive://www.googleapis.com/:personal:/bannister/bannister/obj/x64/Debug/net8.0-windows10.0.19041.0/refint/Bannister.dll' (1,717,760)
2026-09-21 05:31:50: Copy Over 'C:/rock/bannister/Bannister/obj/x64/Debug/net8.0-windows10.0.19041.0/qualifiers.txt.intermediate' -> 'goodrive://www.googleapis.com/:personal:/bannister/bannister/obj/x64/Debug/net8.0-windows10.0.19041.0/qualifiers.txt.intermediate' (184)
2026-09-21 05:31:51: < Copy Over 'C:/rock/bannister/Bannister/obj/x64/Debug/net8.0-windows10.0.19041.0/ref/Bannister.dll' -> 'goodrive://www.googleapis.com/:personal:/bannister/bannister/obj/x64/Debug/net8.0-windows10.0.19041.0/ref/Bannister.dll' (1,717,760)
2026-09-21 05:31:52: < Copy Over 'C:/rock/bannister/Bannister/obj/x64/Debug/net8.0-windows10.0.19041.0/refint/Bannister.dll' -> 'goodrive://www.googleapis.com/:personal:/bannister/bannister/obj/x64/Debug/net8.0-windows10.0.19041.0/refint/Bannister.dll' (1,717,760)
2026-09-21 05:31:53: Copy Over 'C:/rock/bannister/Bannister/obj/x64/Debug/net8.0-windows10.0.19041.0/resources.resfiles.intermediate' -> 'goodrive://www.googleapis.com/:personal:/bannister/bannister/obj/x64/Debug/net8.0-windows10.0.19041.0/resources.resfiles.intermediate' (0)
2026-09-21 05:31:55: Copy Over 'C:/rock/bannister/Bannister/obj/x64/Debug/net8.0-windows10.0.19041.0/unfiltered.layout.resfiles.intermediate' -> 'goodrive://www.googleapis.com/:personal:/bannister/bannister/obj/x64/Debug/net8.0-windows10.0.19041.0/unfiltered.layout.resfiles.intermediate' (2,329)
2026-09-21 05:31:56: Copy Over 'C:/rock/bannister/Bannister/obj/x64/Debug/net8.0-windows10.0.19041.0/XamlC.stamp' -> 'goodrive://www.googleapis.com/:personal:/bannister/bannister/obj/x64/Debug/net8.0-windows10.0.19041.0/XamlC.stamp' (0)
2026-09-21 05:31:58: Copy Over 'C:/rock/bannister/Bannister/obj/x64/Debug/net8.0-windows10.0.19041.0/XamlSaveStateFile.xml' -> 'goodrive://www.googleapis.com/:personal:/bannister/bannister/obj/x64/Debug/net8.0-windows10.0.19041.0/XamlSaveStateFile.xml' (813)
2026-09-21 05:31:58: Copy Over 'C:/rock/bannister/Bannister/obj/x64/Debug/net8.0-windows10.0.19041.0/XamlTypeInfo.g.cs' -> 'goodrive://www.googleapis.com/:personal:/bannister/bannister/obj/x64/Debug/net8.0-windows10.0.19041.0/XamlTypeInfo.g.cs' (99,918)
2026-09-21 05:32:00: Copy Over 'C:/rock/bannister/Bannister/bin/x64/Release/net8.0-windows10.0.19041.0/win-x64/Bannister.deps.json' -> 'goodrive://www.googleapis.com/:personal:/bannister/bannister/bin/x64/Release/net8.0-windows10.0.19041.0/win-x64/Bannister.deps.json' (100,548)
2026-09-21 05:32:01: Copy Over 'C:/rock/bannister/Bannister/obj/x64/Release/net8.0-windows10.0.19041.0/win-x64/Bannister.AssemblyInfo.cs' -> 'goodrive://www.googleapis.com/:personal:/bannister/bannister/obj/x64/Release/net8.0-windows10.0.19041.0/win-x64/Bannister.AssemblyInfo.cs' (1,675)
2026-09-21 05:32:01: Copy Over 'C:/rock/bannister/Bannister/obj/x64/Release/net8.0-windows10.0.19041.0/win-x64/apphost.exe' -> 'goodrive://www.googleapis.com/:personal:/bannister/bannister/obj/x64/Release/net8.0-windows10.0.19041.0/win-x64/apphost.exe' (271,872)
2026-09-21 05:32:04: Copy Over 'C:/rock/bannister/Bannister/obj/x64/Release/net8.0-windows10.0.19041.0/win-x64/Bannister.AssemblyInfoInputs.cache' -> 'goodrive://www.googleapis.com/:personal:/bannister/bannister/obj/x64/Release/net8.0-windows10.0.19041.0/win-x64/Bannister.AssemblyInfoInputs.cache' (66)
2026-09-21 05:32:04: Copy Over 'C:/rock/bannister/Bannister/obj/x64/Release/net8.0-windows10.0.19041.0/win-x64/Bannister.assets.cache' -> 'goodrive://www.googleapis.com/:personal:/bannister/bannister/obj/x64/Release/net8.0-windows10.0.19041.0/win-x64/Bannister.assets.cache' (62,951)
2026-09-21 05:32:04: > Copy Over 'C:/rock/bannister/Bannister/obj/x64/Release/net8.0-windows10.0.19041.0/win-x64/Bannister.dll' -> 'goodrive://www.googleapis.com/:personal:/bannister/bannister/obj/x64/Release/net8.0-windows10.0.19041.0/win-x64/Bannister.dll' (7,276,544)
2026-09-21 05:32:04: Copy Over 'C:/rock/bannister/Bannister/obj/x64/Release/net8.0-windows10.0.19041.0/win-x64/Bannister.csproj.CoreCompileInputs.cache' -> 'goodrive://www.googleapis.com/:personal:/bannister/bannister/obj/x64/Release/net8.0-windows10.0.19041.0/win-x64/Bannister.csproj.CoreCompileInputs.cache' (66)
2026-09-21 05:32:04: > Copy Over 'C:/rock/bannister/Bannister/obj/x64/Release/net8.0-windows10.0.19041.0/win-x64/Bannister.pdb' -> 'goodrive://www.googleapis.com/:personal:/bannister/bannister/obj/x64/Release/net8.0-windows10.0.19041.0/win-x64/Bannister.pdb' (1,323,504)
2026-09-21 05:32:07: Copy Over 'C:/rock/bannister/Bannister/obj/x64/Release/net8.0-windows10.0.19041.0/win-x64/Bannister.csproj.Up2Date' -> 'goodrive://www.googleapis.com/:personal:/bannister/bannister/obj/x64/Release/net8.0-windows10.0.19041.0/win-x64/Bannister.csproj.Up2Date' (0)
2026-09-21 05:32:08: < Copy Over 'C:/rock/bannister/Bannister/obj/x64/Release/net8.0-windows10.0.19041.0/win-x64/Bannister.pdb' -> 'goodrive://www.googleapis.com/:personal:/bannister/bannister/obj/x64/Release/net8.0-windows10.0.19041.0/win-x64/Bannister.pdb' (1,323,504)
2026-09-21 05:32:08: < Copy Over 'C:/rock/bannister/Bannister/obj/x64/Release/net8.0-windows10.0.19041.0/win-x64/Bannister.dll' -> 'goodrive://www.googleapis.com/:personal:/bannister/bannister/obj/x64/Release/net8.0-windows10.0.19041.0/win-x64/Bannister.dll' (7,276,544)
2026-09-21 05:32:11: Copy Over 'C:/rock/bannister/Bannister/obj/x64/Release/net8.0-windows10.0.19041.0/win-x64/Bannister.sourcelink.json' -> 'goodrive://www.googleapis.com/:personal:/bannister/bannister/obj/x64/Release/net8.0-windows10.0.19041.0/win-x64/Bannister.sourcelink.json' (141)
2026-09-21 05:32:11: Copy Over 'C:/rock/bannister/Bannister/obj/x64/Release/net8.0-windows10.0.19041.0/win-x64/excluded.layout.resfiles.intermediate' -> 'goodrive://www.googleapis.com/:personal:/bannister/bannister/obj/x64/Release/net8.0-windows10.0.19041.0/win-x64/excluded.layout.resfiles.intermediate' (0)
2026-09-21 05:32:12: Copy Over 'C:/rock/bannister/Bannister/obj/x64/Release/net8.0-windows10.0.19041.0/win-x64/embed/embed.resfiles.intermediate' -> 'goodrive://www.googleapis.com/:personal:/bannister/bannister/obj/x64/Release/net8.0-windows10.0.19041.0/win-x64/embed/embed.resfiles.intermediate' (27)
2026-09-21 05:32:14: Copy Over 'C:/rock/bannister/Bannister/obj/x64/Release/net8.0-windows10.0.19041.0/win-x64/filtered.layout.resfiles.intermediate' -> 'goodrive://www.googleapis.com/:personal:/bannister/bannister/obj/x64/Release/net8.0-windows10.0.19041.0/win-x64/filtered.layout.resfiles.intermediate' (2,329)
2026-09-21 05:32:14: > Copy Over 'C:/rock/bannister/Bannister/obj/x64/Release/net8.0-windows10.0.19041.0/win-x64/intermediatexaml/Bannister.dll' -> 'goodrive://www.googleapis.com/:personal:/bannister/bannister/obj/x64/Release/net8.0-windows10.0.19041.0/win-x64/intermediatexaml/Bannister.dll' (6,977,024)
2026-09-21 05:32:16: Copy Over 'C:/rock/bannister/Bannister/obj/x64/Release/net8.0-windows10.0.19041.0/win-x64/output.json' -> 'goodrive://www.googleapis.com/:personal:/bannister/bannister/obj/x64/Release/net8.0-windows10.0.19041.0/win-x64/output.json' (8,889)
2026-09-21 05:32:16: > Copy Over 'C:/rock/bannister/Bannister/obj/x64/Release/net8.0-windows10.0.19041.0/win-x64/intermediatexaml/Bannister.pdb' -> 'goodrive://www.googleapis.com/:personal:/bannister/bannister/obj/x64/Release/net8.0-windows10.0.19041.0/win-x64/intermediatexaml/Bannister.pdb' (1,299,892)
2026-09-21 05:32:16: Copy Over 'C:/rock/bannister/Bannister/obj/x64/Release/net8.0-windows10.0.19041.0/win-x64/input.json' -> 'goodrive://www.googleapis.com/:personal:/bannister/bannister/obj/x64/Release/net8.0-windows10.0.19041.0/win-x64/input.json' (104,283)
2026-09-21 05:32:19: < Copy Over 'C:/rock/bannister/Bannister/obj/x64/Release/net8.0-windows10.0.19041.0/win-x64/intermediatexaml/Bannister.pdb' -> 'goodrive://www.googleapis.com/:personal:/bannister/bannister/obj/x64/Release/net8.0-windows10.0.19041.0/win-x64/intermediatexaml/Bannister.pdb' (1,299,892)
2026-09-21 05:32:20: Copy Over 'C:/rock/bannister/Bannister/obj/x64/Release/net8.0-windows10.0.19041.0/win-x64/pri.resfiles.intermediate' -> 'goodrive://www.googleapis.com/:personal:/bannister/bannister/obj/x64/Release/net8.0-windows10.0.19041.0/win-x64/pri.resfiles.intermediate' (509)
2026-09-21 05:32:20: < Copy Over 'C:/rock/bannister/Bannister/obj/x64/Release/net8.0-windows10.0.19041.0/win-x64/intermediatexaml/Bannister.dll' -> 'goodrive://www.googleapis.com/:personal:/bannister/bannister/obj/x64/Release/net8.0-windows10.0.19041.0/win-x64/intermediatexaml/Bannister.dll' (6,977,024)
2026-09-21 05:32:23: Copy Over 'C:/rock/bannister/Bannister/obj/x64/Release/net8.0-windows10.0.19041.0/win-x64/priconfig.xml.intermediate' -> 'goodrive://www.googleapis.com/:personal:/bannister/bannister/obj/x64/Release/net8.0-windows10.0.19041.0/win-x64/priconfig.xml.intermediate' (3,194)
2026-09-21 05:32:23: Copy Over 'C:/rock/bannister/Bannister/obj/x64/Release/net8.0-windows10.0.19041.0/win-x64/PublishOutputs.187c2328ba.txt' -> 'goodrive://www.googleapis.com/:personal:/bannister/bannister/obj/x64/Release/net8.0-windows10.0.19041.0/win-x64/PublishOutputs.187c2328ba.txt' (39,524)
2026-09-21 05:32:23: > Copy Over 'C:/rock/bannister/Bannister/obj/x64/Release/net8.0-windows10.0.19041.0/win-x64/R2R/Bannister.dll' -> 'goodrive://www.googleapis.com/:personal:/bannister/bannister/obj/x64/Release/net8.0-windows10.0.19041.0/win-x64/R2R/Bannister.dll' (18,874,368)
2026-09-21 05:32:23: Copy Over 'C:/rock/bannister/Bannister/obj/x64/Release/net8.0-windows10.0.19041.0/win-x64/Platforms/Windows/App.xaml' -> 'goodrive://www.googleapis.com/:personal:/bannister/bannister/obj/x64/Release/net8.0-windows10.0.19041.0/win-x64/Platforms/Windows/App.xaml' (304)
2026-09-21 05:32:23: > Copy Over 'C:/rock/bannister/Bannister/obj/x64/Release/net8.0-windows10.0.19041.0/win-x64/ref/Bannister.dll' -> 'goodrive://www.googleapis.com/:personal:/bannister/bannister/obj/x64/Release/net8.0-windows10.0.19041.0/win-x64/ref/Bannister.dll' (1,931,776)
2026-09-21 05:32:26: Copy Over 'C:/rock/bannister/Bannister/obj/x64/Release/net8.0-windows10.0.19041.0/win-x64/qualifiers.txt.intermediate' -> 'goodrive://www.googleapis.com/:personal:/bannister/bannister/obj/x64/Release/net8.0-windows10.0.19041.0/win-x64/qualifiers.txt.intermediate' (184)
2026-09-21 05:32:27: < Copy Over 'C:/rock/bannister/Bannister/obj/x64/Release/net8.0-windows10.0.19041.0/win-x64/ref/Bannister.dll' -> 'goodrive://www.googleapis.com/:personal:/bannister/bannister/obj/x64/Release/net8.0-windows10.0.19041.0/win-x64/ref/Bannister.dll' (1,931,776)
2026-09-21 05:32:29: < Copy Over 'C:/rock/bannister/Bannister/obj/x64/Release/net8.0-windows10.0.19041.0/win-x64/R2R/Bannister.dll' -> 'goodrive://www.googleapis.com/:personal:/bannister/bannister/obj/x64/Release/net8.0-windows10.0.19041.0/win-x64/R2R/Bannister.dll' (18,874,368)
2026-09-21 05:32:30: Copy Over 'C:/rock/bannister/Bannister/obj/x64/Release/net8.0-windows10.0.19041.0/win-x64/R2R/CommunityToolkit.Maui.Core.dll' -> 'goodrive://www.googleapis.com/:personal:/bannister/bannister/obj/x64/Release/net8.0-windows10.0.19041.0/win-x64/R2R/CommunityToolkit.Maui.Core.dll' (241,664)
2026-09-21 05:32:32: Copy Over 'C:/rock/bannister/Bannister/obj/x64/Release/net8.0-windows10.0.19041.0/win-x64/R2R/CommunityToolkit.Maui.dll' -> 'goodrive://www.googleapis.com/:personal:/bannister/bannister/obj/x64/Release/net8.0-windows10.0.19041.0/win-x64/R2R/CommunityToolkit.Maui.dll' (684,032)
2026-09-21 05:32:32: Copy Over 'C:/rock/bannister/Bannister/obj/x64/Release/net8.0-windows10.0.19041.0/win-x64/R2R/CommunityToolkit.Mvvm.dll' -> 'goodrive://www.googleapis.com/:personal:/bannister/bannister/obj/x64/Release/net8.0-windows10.0.19041.0/win-x64/R2R/CommunityToolkit.Mvvm.dll' (344,064)
2026-09-21 05:32:34: Copy Over 'C:/rock/bannister/Bannister/obj/x64/Release/net8.0-windows10.0.19041.0/win-x64/R2R/Microsoft.Extensions.Configuration.Abstractions.dll' -> 'goodrive://www.googleapis.com/:personal:/bannister/bannister/obj/x64/Release/net8.0-windows10.0.19041.0/win-x64/R2R/Microsoft.Extensions.Configuration.Abstractions.dll' (36,864)
2026-09-21 05:32:35: Copy Over 'C:/rock/bannister/Bannister/obj/x64/Release/net8.0-windows10.0.19041.0/win-x64/R2R/Microsoft.Extensions.Configuration.dll' -> 'goodrive://www.googleapis.com/:personal:/bannister/bannister/obj/x64/Release/net8.0-windows10.0.19041.0/win-x64/R2R/Microsoft.Extensions.Configuration.dll' (81,920)
2026-09-21 05:32:36: Copy Over 'C:/rock/bannister/Bannister/obj/x64/Release/net8.0-windows10.0.19041.0/win-x64/R2R/Microsoft.Extensions.DependencyInjection.Abstractions.dll' -> 'goodrive://www.googleapis.com/:personal:/bannister/bannister/obj/x64/Release/net8.0-windows10.0.19041.0/win-x64/R2R/Microsoft.Extensions.DependencyInjection.Abstractions.dll' (131,072)
2026-09-21 05:32:37: Copy Over 'C:/rock/bannister/Bannister/obj/x64/Release/net8.0-windows10.0.19041.0/win-x64/R2R/Microsoft.Extensions.DependencyInjection.dll' -> 'goodrive://www.googleapis.com/:personal:/bannister/bannister/obj/x64/Release/net8.0-windows10.0.19041.0/win-x64/R2R/Microsoft.Extensions.DependencyInjection.dll' (204,800)
2026-09-21 05:32:39: Copy Over 'C:/rock/bannister/Bannister/obj/x64/Release/net8.0-windows10.0.19041.0/win-x64/R2R/Microsoft.Extensions.Logging.Abstractions.dll' -> 'goodrive://www.googleapis.com/:personal:/bannister/bannister/obj/x64/Release/net8.0-windows10.0.19041.0/win-x64/R2R/Microsoft.Extensions.Logging.Abstractions.dll' (135,168)
2026-09-21 05:32:40: Copy Over 'C:/rock/bannister/Bannister/obj/x64/Release/net8.0-windows10.0.19041.0/win-x64/R2R/Microsoft.Extensions.Logging.Debug.dll' -> 'goodrive://www.googleapis.com/:personal:/bannister/bannister/obj/x64/Release/net8.0-windows10.0.19041.0/win-x64/R2R/Microsoft.Extensions.Logging.Debug.dll' (24,576)
2026-09-21 05:32:40: Copy Over 'C:/rock/bannister/Bannister/obj/x64/Release/net8.0-windows10.0.19041.0/win-x64/R2R/Microsoft.Extensions.Logging.dll' -> 'goodrive://www.googleapis.com/:personal:/bannister/bannister/obj/x64/Release/net8.0-windows10.0.19041.0/win-x64/R2R/Microsoft.Extensions.Logging.dll' (86,016)
2026-09-21 05:32:40: > Copy Over 'C:/rock/bannister/Bannister/obj/x64/Release/net8.0-windows10.0.19041.0/win-x64/R2R/Microsoft.Graphics.Canvas.Interop.dll' -> 'goodrive://www.googleapis.com/:personal:/bannister/bannister/obj/x64/Release/net8.0-windows10.0.19041.0/win-x64/R2R/Microsoft.Graphics.Canvas.Interop.dll' (2,269,184)
2026-09-21 05:32:42: Copy Over 'C:/rock/bannister/Bannister/obj/x64/Release/net8.0-windows10.0.19041.0/win-x64/R2R/Microsoft.Extensions.Options.dll' -> 'goodrive://www.googleapis.com/:personal:/bannister/bannister/obj/x64/Release/net8.0-windows10.0.19041.0/win-x64/R2R/Microsoft.Extensions.Options.dll' (126,976)
2026-09-21 05:32:42: > Copy Over 'C:/rock/bannister/Bannister/obj/x64/Release/net8.0-windows10.0.19041.0/win-x64/R2R/Microsoft.InteractiveExperiences.Projection.dll' -> 'goodrive://www.googleapis.com/:personal:/bannister/bannister/obj/x64/Release/net8.0-windows10.0.19041.0/win-x64/R2R/Microsoft.InteractiveExperiences.Projection.dll' (2,576,384)
2026-09-21 05:32:43: Copy Over 'C:/rock/bannister/Bannister/obj/x64/Release/net8.0-windows10.0.19041.0/win-x64/R2R/Microsoft.Extensions.Primitives.dll' -> 'goodrive://www.googleapis.com/:personal:/bannister/bannister/obj/x64/Release/net8.0-windows10.0.19041.0/win-x64/R2R/Microsoft.Extensions.Primitives.dll' (73,728)
2026-09-21 05:32:43: < Copy Over 'C:/rock/bannister/Bannister/obj/x64/Release/net8.0-windows10.0.19041.0/win-x64/R2R/Microsoft.Graphics.Canvas.Interop.dll' -> 'goodrive://www.googleapis.com/:personal:/bannister/bannister/obj/x64/Release/net8.0-windows10.0.19041.0/win-x64/R2R/Microsoft.Graphics.Canvas.Interop.dll' (2,269,184)
2026-09-21 05:32:43: > Copy Over 'C:/rock/bannister/Bannister/obj/x64/Release/net8.0-windows10.0.19041.0/win-x64/R2R/Microsoft.Maui.Controls.Compatibility.dll' -> 'goodrive://www.googleapis.com/:personal:/bannister/bannister/obj/x64/Release/net8.0-windows10.0.19041.0/win-x64/R2R/Microsoft.Maui.Controls.Compatibility.dll' (1,163,264)
2026-09-21 05:32:46: < Copy Over 'C:/rock/bannister/Bannister/obj/x64/Release/net8.0-windows10.0.19041.0/win-x64/R2R/Microsoft.InteractiveExperiences.Projection.dll' -> 'goodrive://www.googleapis.com/:personal:/bannister/bannister/obj/x64/Release/net8.0-windows10.0.19041.0/win-x64/R2R/Microsoft.InteractiveExperiences.Projection.dll' (2,576,384)
2026-09-21 05:32:46: > Copy Over 'C:/rock/bannister/Bannister/obj/x64/Release/net8.0-windows10.0.19041.0/win-x64/R2R/Microsoft.Maui.Controls.dll' -> 'goodrive://www.googleapis.com/:personal:/bannister/bannister/obj/x64/Release/net8.0-windows10.0.19041.0/win-x64/R2R/Microsoft.Maui.Controls.dll' (4,317,184)
2026-09-21 05:32:46: Copy Over 'C:/rock/bannister/Bannister/obj/x64/Release/net8.0-windows10.0.19041.0/win-x64/R2R/Microsoft.IO.RecyclableMemoryStream.dll' -> 'goodrive://www.googleapis.com/:personal:/bannister/bannister/obj/x64/Release/net8.0-windows10.0.19041.0/win-x64/R2R/Microsoft.IO.RecyclableMemoryStream.dll' (118,784)
2026-09-21 05:32:47: < Copy Over 'C:/rock/bannister/Bannister/obj/x64/Release/net8.0-windows10.0.19041.0/win-x64/R2R/Microsoft.Maui.Controls.Compatibility.dll' -> 'goodrive://www.googleapis.com/:personal:/bannister/bannister/obj/x64/Release/net8.0-windows10.0.19041.0/win-x64/R2R/Microsoft.Maui.Controls.Compatibility.dll' (1,163,264)
2026-09-21 05:32:47: > Copy Over 'C:/rock/bannister/Bannister/obj/x64/Release/net8.0-windows10.0.19041.0/win-x64/R2R/Microsoft.Maui.dll' -> 'goodrive://www.googleapis.com/:personal:/bannister/bannister/obj/x64/Release/net8.0-windows10.0.19041.0/win-x64/R2R/Microsoft.Maui.dll' (1,609,728)
2026-09-21 05:32:49: Copy Over 'C:/rock/bannister/Bannister/obj/x64/Release/net8.0-windows10.0.19041.0/win-x64/R2R/Microsoft.Maui.Controls.Xaml.dll' -> 'goodrive://www.googleapis.com/:personal:/bannister/bannister/obj/x64/Release/net8.0-windows10.0.19041.0/win-x64/R2R/Microsoft.Maui.Controls.Xaml.dll' (294,912)
2026-09-21 05:32:50: < Copy Over 'C:/rock/bannister/Bannister/obj/x64/Release/net8.0-windows10.0.19041.0/win-x64/R2R/Microsoft.Maui.Controls.dll' -> 'goodrive://www.googleapis.com/:personal:/bannister/bannister/obj/x64/Release/net8.0-windows10.0.19041.0/win-x64/R2R/Microsoft.Maui.Controls.dll' (4,317,184)
2026-09-21 05:32:51: < Copy Over 'C:/rock/bannister/Bannister/obj/x64/Release/net8.0-windows10.0.19041.0/win-x64/R2R/Microsoft.Maui.dll' -> 'goodrive://www.googleapis.com/:personal:/bannister/bannister/obj/x64/Release/net8.0-windows10.0.19041.0/win-x64/R2R/Microsoft.Maui.dll' (1,609,728)
2026-09-21 05:32:53: Copy Over 'C:/rock/bannister/Bannister/obj/x64/Release/net8.0-windows10.0.19041.0/win-x64/R2R/Microsoft.Maui.Essentials.dll' -> 'goodrive://www.googleapis.com/:personal:/bannister/bannister/obj/x64/Release/net8.0-windows10.0.19041.0/win-x64/R2R/Microsoft.Maui.Essentials.dll' (544,768)
2026-09-21 05:32:53: Copy Over 'C:/rock/bannister/Bannister/obj/x64/Release/net8.0-windows10.0.19041.0/win-x64/R2R/Microsoft.Maui.Graphics.dll' -> 'goodrive://www.googleapis.com/:personal:/bannister/bannister/obj/x64/Release/net8.0-windows10.0.19041.0/win-x64/R2R/Microsoft.Maui.Graphics.dll' (536,576)
2026-09-21 05:32:55: Copy Over 'C:/rock/bannister/Bannister/obj/x64/Release/net8.0-windows10.0.19041.0/win-x64/R2R/Microsoft.Maui.Graphics.Win2D.WinUI.Desktop.dll' -> 'goodrive://www.googleapis.com/:personal:/bannister/bannister/obj/x64/Release/net8.0-windows10.0.19041.0/win-x64/R2R/Microsoft.Maui.Graphics.Win2D.WinUI.Desktop.dll' (126,976)
2026-09-21 05:32:56: Copy Over 'C:/rock/bannister/Bannister/obj/x64/Release/net8.0-windows10.0.19041.0/win-x64/R2R/Microsoft.Windows.ApplicationModel.DynamicDependency.Projection.dll' -> 'goodrive://www.googleapis.com/:personal:/bannister/bannister/obj/x64/Release/net8.0-windows10.0.19041.0/win-x64/R2R/Microsoft.Windows.ApplicationModel.DynamicDependency.Projection.dll' (102,400)
2026-09-21 05:32:57: Copy Over 'C:/rock/bannister/Bannister/obj/x64/Release/net8.0-windows10.0.19041.0/win-x64/R2R/Microsoft.Windows.ApplicationModel.Resources.Projection.dll' -> 'goodrive://www.googleapis.com/:personal:/bannister/bannister/obj/x64/Release/net8.0-windows10.0.19041.0/win-x64/R2R/Microsoft.Windows.ApplicationModel.Resources.Projection.dll' (135,168)
2026-09-21 05:32:59: Copy Over 'C:/rock/bannister/Bannister/obj/x64/Release/net8.0-windows10.0.19041.0/win-x64/R2R/Microsoft.Windows.ApplicationModel.WindowsAppRuntime.Projection.dll' -> 'goodrive://www.googleapis.com/:personal:/bannister/bannister/obj/x64/Release/net8.0-windows10.0.19041.0/win-x64/R2R/Microsoft.Windows.ApplicationModel.WindowsAppRuntime.Projection.dll' (81,920)
2026-09-21 05:33:00: Copy Over 'C:/rock/bannister/Bannister/obj/x64/Release/net8.0-windows10.0.19041.0/win-x64/R2R/Microsoft.Windows.AppLifecycle.Projection.dll' -> 'goodrive://www.googleapis.com/:personal:/bannister/bannister/obj/x64/Release/net8.0-windows10.0.19041.0/win-x64/R2R/Microsoft.Windows.AppLifecycle.Projection.dll' (90,112)
2026-09-21 05:33:00: Copy Over 'C:/rock/bannister/Bannister/obj/x64/Release/net8.0-windows10.0.19041.0/win-x64/R2R/Microsoft.Windows.AppNotifications.Builder.Projection.dll' -> 'goodrive://www.googleapis.com/:personal:/bannister/bannister/obj/x64/Release/net8.0-windows10.0.19041.0/win-x64/R2R/Microsoft.Windows.AppNotifications.Builder.Projection.dll' (131,072)
2026-09-21 05:33:03: Copy Over 'C:/rock/bannister/Bannister/obj/x64/Release/net8.0-windows10.0.19041.0/win-x64/R2R/Microsoft.Windows.AppNotifications.Projection.dll' -> 'goodrive://www.googleapis.com/:personal:/bannister/bannister/obj/x64/Release/net8.0-windows10.0.19041.0/win-x64/R2R/Microsoft.Windows.AppNotifications.Projection.dll' (118,784)
2026-09-21 05:33:03: > Copy Over 'C:/rock/bannister/Bannister/obj/x64/Release/net8.0-windows10.0.19041.0/win-x64/R2R/Microsoft.Windows.SDK.NET.dll' -> 'goodrive://www.googleapis.com/:personal:/bannister/bannister/obj/x64/Release/net8.0-windows10.0.19041.0/win-x64/R2R/Microsoft.Windows.SDK.NET.dll' (56,717,312)
2026-09-21 05:33:04: Copy Over 'C:/rock/bannister/Bannister/obj/x64/Release/net8.0-windows10.0.19041.0/win-x64/R2R/Microsoft.Windows.PushNotifications.Projection.dll' -> 'goodrive://www.googleapis.com/:personal:/bannister/bannister/obj/x64/Release/net8.0-windows10.0.19041.0/win-x64/R2R/Microsoft.Windows.PushNotifications.Projection.dll' (102,400)
2026-09-21 05:33:04: Copy Over 'C:/rock/bannister/Bannister/obj/x64/Release/net8.0-windows10.0.19041.0/win-x64/R2R/Microsoft.Windows.Management.Deployment.Projection.dll' -> 'goodrive://www.googleapis.com/:personal:/bannister/bannister/obj/x64/Release/net8.0-windows10.0.19041.0/win-x64/R2R/Microsoft.Windows.Management.Deployment.Projection.dll' (217,088)
2026-09-21 05:33:07: Copy Over 'C:/rock/bannister/Bannister/obj/x64/Release/net8.0-windows10.0.19041.0/win-x64/R2R/Microsoft.Windows.Security.AccessControl.Projection.dll' -> 'goodrive://www.googleapis.com/:personal:/bannister/bannister/obj/x64/Release/net8.0-windows10.0.19041.0/win-x64/R2R/Microsoft.Windows.Security.AccessControl.Projection.dll' (61,440)
2026-09-21 05:33:07: Copy Over 'C:/rock/bannister/Bannister/obj/x64/Release/net8.0-windows10.0.19041.0/win-x64/R2R/Microsoft.Windows.System.Power.Projection.dll' -> 'goodrive://www.googleapis.com/:personal:/bannister/bannister/obj/x64/Release/net8.0-windows10.0.19041.0/win-x64/R2R/Microsoft.Windows.System.Power.Projection.dll' (81,920)
2026-09-21 05:33:11: Copy Over 'C:/rock/bannister/Bannister/obj/x64/Release/net8.0-windows10.0.19041.0/win-x64/R2R/Microsoft.Windows.System.Projection.dll' -> 'goodrive://www.googleapis.com/:personal:/bannister/bannister/obj/x64/Release/net8.0-windows10.0.19041.0/win-x64/R2R/Microsoft.Windows.System.Projection.dll' (69,632)
2026-09-21 05:33:11: Copy Over 'C:/rock/bannister/Bannister/obj/x64/Release/net8.0-windows10.0.19041.0/win-x64/R2R/Microsoft.Windows.Widgets.Projection.dll' -> 'goodrive://www.googleapis.com/:personal:/bannister/bannister/obj/x64/Release/net8.0-windows10.0.19041.0/win-x64/R2R/Microsoft.Windows.Widgets.Projection.dll' (315,392)
2026-09-21 05:33:11: > Copy Over 'C:/rock/bannister/Bannister/obj/x64/Release/net8.0-windows10.0.19041.0/win-x64/R2R/Microsoft.WinUI.dll' -> 'goodrive://www.googleapis.com/:personal:/bannister/bannister/obj/x64/Release/net8.0-windows10.0.19041.0/win-x64/R2R/Microsoft.WinUI.dll' (14,249,984)
2026-09-21 05:33:12: < Copy Over 'C:/rock/bannister/Bannister/obj/x64/Release/net8.0-windows10.0.19041.0/win-x64/R2R/Microsoft.Windows.SDK.NET.dll' -> 'goodrive://www.googleapis.com/:personal:/bannister/bannister/obj/x64/Release/net8.0-windows10.0.19041.0/win-x64/R2R/Microsoft.Windows.SDK.NET.dll' (56,717,312)
2026-09-21 05:33:12: > Copy Over 'C:/rock/bannister/Bannister/obj/x64/Release/net8.0-windows10.0.19041.0/win-x64/R2R/Newtonsoft.Json.dll' -> 'goodrive://www.googleapis.com/:personal:/bannister/bannister/obj/x64/Release/net8.0-windows10.0.19041.0/win-x64/R2R/Newtonsoft.Json.dll' (1,294,336)
2026-09-21 05:33:15: Copy Over 'C:/rock/bannister/Bannister/obj/x64/Release/net8.0-windows10.0.19041.0/win-x64/R2R/Microsoft.WindowsAppRuntime.Bootstrap.Net.dll' -> 'goodrive://www.googleapis.com/:personal:/bannister/bannister/obj/x64/Release/net8.0-windows10.0.19041.0/win-x64/R2R/Microsoft.WindowsAppRuntime.Bootstrap.Net.dll' (20,480)
2026-09-21 05:33:15: > Copy Over 'C:/rock/bannister/Bannister/obj/x64/Release/net8.0-windows10.0.19041.0/win-x64/R2R/SkiaSharp.dll' -> 'goodrive://www.googleapis.com/:personal:/bannister/bannister/obj/x64/Release/net8.0-windows10.0.19041.0/win-x64/R2R/SkiaSharp.dll' (1,277,952)
2026-09-21 05:33:15: < Copy Over 'C:/rock/bannister/Bannister/obj/x64/Release/net8.0-windows10.0.19041.0/win-x64/R2R/Newtonsoft.Json.dll' -> 'goodrive://www.googleapis.com/:personal:/bannister/bannister/obj/x64/Release/net8.0-windows10.0.19041.0/win-x64/R2R/Newtonsoft.Json.dll' (1,294,336)
2026-09-21 05:33:16: < Copy Over 'C:/rock/bannister/Bannister/obj/x64/Release/net8.0-windows10.0.19041.0/win-x64/R2R/Microsoft.WinUI.dll' -> 'goodrive://www.googleapis.com/:personal:/bannister/bannister/obj/x64/Release/net8.0-windows10.0.19041.0/win-x64/R2R/Microsoft.WinUI.dll' (14,249,984)
2026-09-21 05:33:18: < Copy Over 'C:/rock/bannister/Bannister/obj/x64/Release/net8.0-windows10.0.19041.0/win-x64/R2R/SkiaSharp.dll' -> 'goodrive://www.googleapis.com/:personal:/bannister/bannister/obj/x64/Release/net8.0-windows10.0.19041.0/win-x64/R2R/SkiaSharp.dll' (1,277,952)
2026-09-21 05:33:19: Copy Over 'C:/rock/bannister/Bannister/obj/x64/Release/net8.0-windows10.0.19041.0/win-x64/R2R/SQLite-net.dll' -> 'goodrive://www.googleapis.com/:personal:/bannister/bannister/obj/x64/Release/net8.0-windows10.0.19041.0/win-x64/R2R/SQLite-net.dll' (290,816)
2026-09-21 05:33:20: Copy Over 'C:/rock/bannister/Bannister/obj/x64/Release/net8.0-windows10.0.19041.0/win-x64/R2R/SQLitePCLRaw.batteries_v2.dll' -> 'goodrive://www.googleapis.com/:personal:/bannister/bannister/obj/x64/Release/net8.0-windows10.0.19041.0/win-x64/R2R/SQLitePCLRaw.batteries_v2.dll' (20,480)
2026-09-21 05:33:22: Copy Over 'C:/rock/bannister/Bannister/obj/x64/Release/net8.0-windows10.0.19041.0/win-x64/R2R/SQLitePCLRaw.core.dll' -> 'goodrive://www.googleapis.com/:personal:/bannister/bannister/obj/x64/Release/net8.0-windows10.0.19041.0/win-x64/R2R/SQLitePCLRaw.core.dll' (110,592)
2026-09-21 05:33:22: > Copy Over 'C:/rock/bannister/Bannister/obj/x64/Release/net8.0-windows10.0.19041.0/win-x64/R2R/System.Speech.dll' -> 'goodrive://www.googleapis.com/:personal:/bannister/bannister/obj/x64/Release/net8.0-windows10.0.19041.0/win-x64/R2R/System.Speech.dll' (1,425,408)
2026-09-21 05:33:22: Copy Over 'C:/rock/bannister/Bannister/obj/x64/Release/net8.0-windows10.0.19041.0/win-x64/R2R/SQLitePCLRaw.provider.e_sqlcipher.dll' -> 'goodrive://www.googleapis.com/:personal:/bannister/bannister/obj/x64/Release/net8.0-windows10.0.19041.0/win-x64/R2R/SQLitePCLRaw.provider.e_sqlcipher.dll' (90,112)
2026-09-21 05:33:22: > Copy Over 'C:/rock/bannister/Bannister/obj/x64/Release/net8.0-windows10.0.19041.0/win-x64/R2R/WinRT.Runtime.dll' -> 'goodrive://www.googleapis.com/:personal:/bannister/bannister/obj/x64/Release/net8.0-windows10.0.19041.0/win-x64/R2R/WinRT.Runtime.dll' (1,392,640)
2026-09-21 05:33:24: Copy Over 'C:/rock/bannister/Bannister/obj/x64/Release/net8.0-windows10.0.19041.0/win-x64/R2R/SQLitePCLRaw.provider.e_sqlite3.dll' -> 'goodrive://www.googleapis.com/:personal:/bannister/bannister/obj/x64/Release/net8.0-windows10.0.19041.0/win-x64/R2R/SQLitePCLRaw.provider.e_sqlite3.dll' (86,016)
2026-09-21 05:33:25: < Copy Over 'C:/rock/bannister/Bannister/obj/x64/Release/net8.0-windows10.0.19041.0/win-x64/R2R/WinRT.Runtime.dll' -> 'goodrive://www.googleapis.com/:personal:/bannister/bannister/obj/x64/Release/net8.0-windows10.0.19041.0/win-x64/R2R/WinRT.Runtime.dll' (1,392,640)
2026-09-21 05:33:26: < Copy Over 'C:/rock/bannister/Bannister/obj/x64/Release/net8.0-windows10.0.19041.0/win-x64/R2R/System.Speech.dll' -> 'goodrive://www.googleapis.com/:personal:/bannister/bannister/obj/x64/Release/net8.0-windows10.0.19041.0/win-x64/R2R/System.Speech.dll' (1,425,408)
2026-09-21 05:33:27: Copy Over 'C:/rock/bannister/Bannister/obj/x64/Release/net8.0-windows10.0.19041.0/win-x64/R2R/Xabe.FFmpeg.dll' -> 'goodrive://www.googleapis.com/:personal:/bannister/bannister/obj/x64/Release/net8.0-windows10.0.19041.0/win-x64/R2R/Xabe.FFmpeg.dll' (331,776)
2026-09-21 05:33:27: > Copy Over 'C:/rock/bannister/Bannister/obj/x64/Release/net8.0-windows10.0.19041.0/win-x64/refint/Bannister.dll' -> 'goodrive://www.googleapis.com/:personal:/bannister/bannister/obj/x64/Release/net8.0-windows10.0.19041.0/win-x64/refint/Bannister.dll' (1,931,776)
2026-09-21 05:33:29: Copy Over 'C:/rock/bannister/Bannister/obj/x64/Release/net8.0-windows10.0.19041.0/win-x64/R2R/Xabe.FFmpeg.Downloader.dll' -> 'goodrive://www.googleapis.com/:personal:/bannister/bannister/obj/x64/Release/net8.0-windows10.0.19041.0/win-x64/R2R/Xabe.FFmpeg.Downloader.dll' (65,536)
2026-09-21 05:33:29: Copy Over 'C:/rock/bannister/Bannister/obj/x64/Release/net8.0-windows10.0.19041.0/win-x64/resources.resfiles.intermediate' -> 'goodrive://www.googleapis.com/:personal:/bannister/bannister/obj/x64/Release/net8.0-windows10.0.19041.0/win-x64/resources.resfiles.intermediate' (0)
2026-09-21 05:33:30: < Copy Over 'C:/rock/bannister/Bannister/obj/x64/Release/net8.0-windows10.0.19041.0/win-x64/refint/Bannister.dll' -> 'goodrive://www.googleapis.com/:personal:/bannister/bannister/obj/x64/Release/net8.0-windows10.0.19041.0/win-x64/refint/Bannister.dll' (1,931,776)
2026-09-21 05:33:33: Copy Over 'C:/rock/bannister/Bannister/obj/x64/Release/net8.0-windows10.0.19041.0/win-x64/XamlC.stamp' -> 'goodrive://www.googleapis.com/:personal:/bannister/bannister/obj/x64/Release/net8.0-windows10.0.19041.0/win-x64/XamlC.stamp' (0)
2026-09-21 05:33:33: > Copy Over 'C:/rock/bannister/Bannister/bin/x64/Release/net8.0-windows10.0.19041.0/win-x64/Bannister.dll' -> 'goodrive://www.googleapis.com/:personal:/bannister/bannister/bin/x64/Release/net8.0-windows10.0.19041.0/win-x64/Bannister.dll' (7,276,544)
2026-09-21 05:33:33: Copy Over 'C:/rock/bannister/Bannister/obj/x64/Release/net8.0-windows10.0.19041.0/win-x64/unfiltered.layout.resfiles.intermediate' -> 'goodrive://www.googleapis.com/:personal:/bannister/bannister/obj/x64/Release/net8.0-windows10.0.19041.0/win-x64/unfiltered.layout.resfiles.intermediate' (2,329)
2026-09-21 05:33:33: Copy Over 'C:/rock/bannister/Bannister/obj/x64/Release/net8.0-windows10.0.19041.0/win-x64/XamlSaveStateFile.xml' -> 'goodrive://www.googleapis.com/:personal:/bannister/bannister/obj/x64/Release/net8.0-windows10.0.19041.0/win-x64/XamlSaveStateFile.xml' (809)
2026-09-21 05:33:33: > Copy Over 'C:/rock/bannister/Bannister/bin/x64/Release/net8.0-windows10.0.19041.0/win-x64/Bannister.pdb' -> 'goodrive://www.googleapis.com/:personal:/bannister/bannister/bin/x64/Release/net8.0-windows10.0.19041.0/win-x64/Bannister.pdb' (1,323,504)
2026-09-21 05:33:37: Copy Over 'C:/rock/bannister/Bannister/bin/x64/Release/net8.0-windows10.0.19041.0/win-x64/Bannister.exe' -> 'goodrive://www.googleapis.com/:personal:/bannister/bannister/bin/x64/Release/net8.0-windows10.0.19041.0/win-x64/Bannister.exe' (271,872)
2026-09-21 05:33:37: < Copy Over 'C:/rock/bannister/Bannister/bin/x64/Release/net8.0-windows10.0.19041.0/win-x64/Bannister.dll' -> 'goodrive://www.googleapis.com/:personal:/bannister/bannister/bin/x64/Release/net8.0-windows10.0.19041.0/win-x64/Bannister.dll' (7,276,544)
2026-09-21 05:33:37: > Copy Over 'C:/rock/bannister/Bannister/bin/x64/Release/net8.0-windows10.0.19041.0/win-x64/resources.pri' -> 'goodrive://www.googleapis.com/:personal:/bannister/bannister/bin/x64/Release/net8.0-windows10.0.19041.0/win-x64/resources.pri' (1,369,768)
2026-09-21 05:33:37: < Copy Over 'C:/rock/bannister/Bannister/bin/x64/Release/net8.0-windows10.0.19041.0/win-x64/Bannister.pdb' -> 'goodrive://www.googleapis.com/:personal:/bannister/bannister/bin/x64/Release/net8.0-windows10.0.19041.0/win-x64/Bannister.pdb' (1,323,504)
2026-09-21 05:33:40: Copy Over 'C:/rock/bannister/Bannister/bin/x64/Release/net8.0-windows10.0.19041.0/win-x64/Bannister.runtimeconfig.json' -> 'goodrive://www.googleapis.com/:personal:/bannister/bannister/bin/x64/Release/net8.0-windows10.0.19041.0/win-x64/Bannister.runtimeconfig.json' (489)
2026-09-21 05:33:40: < Copy Over 'C:/rock/bannister/Bannister/bin/x64/Release/net8.0-windows10.0.19041.0/win-x64/resources.pri' -> 'goodrive://www.googleapis.com/:personal:/bannister/bannister/bin/x64/Release/net8.0-windows10.0.19041.0/win-x64/resources.pri' (1,369,768)
2026-09-21 05:33:41: Copy Over 'C:/rock/bannister/.git/COMMIT_EDITMSG' -> 'goodrive://www.googleapis.com/:personal:/bannister/.git/COMMIT_EDITMSG' (230)
2026-09-21 05:33:43: Copy New 'C:/rock/bannister/.git/objects/04/44bd727fe108b61fc898f33193769887b253c8' -> 'goodrive://www.googleapis.com/:personal:/bannister/.git/objects/04/44bd727fe108b61fc898f33193769887b253c8' (4,949)
2026-09-21 05:33:44: Copy Over 'C:/rock/bannister/.git/index' -> 'goodrive://www.googleapis.com/:personal:/bannister/.git/index' (51,918)
2026-09-21 05:33:45: Copy New 'C:/rock/bannister/.git/objects/06/9d521fdba3fb966c2768d602263b95f0e18775' -> 'goodrive://www.googleapis.com/:personal:/bannister/.git/objects/06/9d521fdba3fb966c2768d602263b95f0e18775' (4,949)
2026-09-21 05:33:45: Copy Over 'C:/rock/bannister/.git/logs/HEAD' -> 'goodrive://www.googleapis.com/:personal:/bannister/.git/logs/HEAD' (838,390)
2026-09-21 05:33:46: Copy New 'C:/rock/bannister/.git/objects/08/f8694a2595fff99e77bf7bbb214fd35cd93a18' -> 'goodrive://www.googleapis.com/:personal:/bannister/.git/objects/08/f8694a2595fff99e77bf7bbb214fd35cd93a18' (135,909)
2026-09-21 05:33:47: Copy New 'C:/rock/bannister/.git/objects/0b/a7ce121a924b3b4c0de500bf1ee5e96a3ebb2e' -> 'goodrive://www.googleapis.com/:personal:/bannister/.git/objects/0b/a7ce121a924b3b4c0de500bf1ee5e96a3ebb2e' (487)
2026-09-21 05:33:47: Copy New 'C:/rock/bannister/.git/objects/17/0560f61fa52b7fa4b33d16f7ac8f7302d4e249' -> 'goodrive://www.googleapis.com/:personal:/bannister/.git/objects/17/0560f61fa52b7fa4b33d16f7ac8f7302d4e249' (492,758)
2026-09-21 05:33:48: Copy New 'C:/rock/bannister/.git/objects/1a/5603c8d3935e48035a42d10bc8b2ebb310c503' -> 'goodrive://www.googleapis.com/:personal:/bannister/.git/objects/1a/5603c8d3935e48035a42d10bc8b2ebb310c503' (487)
2026-09-21 05:33:49: Copy New 'C:/rock/bannister/.git/objects/1d/6c6ef5ed2b90a544cd7c7dd239d8b3feabfd52' -> 'goodrive://www.googleapis.com/:personal:/bannister/.git/objects/1d/6c6ef5ed2b90a544cd7c7dd239d8b3feabfd52' (385)
2026-09-21 05:33:49: Copy New 'C:/rock/bannister/.git/objects/21/c0f4b63274409c77b60768bbedd025e8901bc8' -> 'goodrive://www.googleapis.com/:personal:/bannister/.git/objects/21/c0f4b63274409c77b60768bbedd025e8901bc8' (617)
2026-09-21 05:33:50: Copy New 'C:/rock/bannister/.git/objects/23/72d0ee52cbaff8cd2b5638f3d9a16c5d5de6a2' -> 'goodrive://www.googleapis.com/:personal:/bannister/.git/objects/23/72d0ee52cbaff8cd2b5638f3d9a16c5d5de6a2' (4,950)
2026-09-21 05:33:51: Copy New 'C:/rock/bannister/.git/objects/25/3443767d7c548f122100e76e3e7d7d20ea3679' -> 'goodrive://www.googleapis.com/:personal:/bannister/.git/objects/25/3443767d7c548f122100e76e3e7d7d20ea3679' (3,439)
2026-09-21 05:33:51: Copy New 'C:/rock/bannister/.git/objects/2a/84fcc8ce93cfc4ad1e8d99a3a6e428ccc2d017' -> 'goodrive://www.googleapis.com/:personal:/bannister/.git/objects/2a/84fcc8ce93cfc4ad1e8d99a3a6e428ccc2d017' (517)
2026-09-21 05:33:52: Copy New 'C:/rock/bannister/.git/objects/35/49a00c13fa38b9da00129a602ff220896366e4' -> 'goodrive://www.googleapis.com/:personal:/bannister/.git/objects/35/49a00c13fa38b9da00129a602ff220896366e4' (617)
2026-09-21 05:33:53: Copy New 'C:/rock/bannister/.git/objects/45/b3c7e2e2776a71196c00e2a023a5460c0b3b3b' -> 'goodrive://www.googleapis.com/:personal:/bannister/.git/objects/45/b3c7e2e2776a71196c00e2a023a5460c0b3b3b' (487)
2026-09-21 05:33:54: Copy New 'C:/rock/bannister/.git/objects/49/126a1fbd0ec688ae487142d1729f0126c20f2e' -> 'goodrive://www.googleapis.com/:personal:/bannister/.git/objects/49/126a1fbd0ec688ae487142d1729f0126c20f2e' (487)
2026-09-21 05:33:54: Copy New 'C:/rock/bannister/.git/objects/49/c527d222135589427d26d4024e02e36c1e11c0' -> 'goodrive://www.googleapis.com/:personal:/bannister/.git/objects/49/c527d222135589427d26d4024e02e36c1e11c0' (11,620)
2026-09-21 05:33:55: Copy New 'C:/rock/bannister/.git/objects/45/f2c3cc527241e3f501bee0d0c9e7eef2950f37' -> 'goodrive://www.googleapis.com/:personal:/bannister/.git/objects/45/f2c3cc527241e3f501bee0d0c9e7eef2950f37' (394)
2026-09-21 05:33:56: Copy New 'C:/rock/bannister/.git/objects/4b/4c4301f64bb60e55bfc577b21ba43bd84a1bd1' -> 'goodrive://www.googleapis.com/:personal:/bannister/.git/objects/4b/4c4301f64bb60e55bfc577b21ba43bd84a1bd1' (488)
2026-09-21 05:33:56: Copy New 'C:/rock/bannister/.git/objects/4e/48f2a5fae1c04ab1e7423e012fc166203bc085' -> 'goodrive://www.googleapis.com/:personal:/bannister/.git/objects/4e/48f2a5fae1c04ab1e7423e012fc166203bc085' (4,951)
2026-09-21 05:33:57: Copy New 'C:/rock/bannister/.git/objects/51/f265e9e1c7953c1d78dd872f02ce312a3c52d7' -> 'goodrive://www.googleapis.com/:personal:/bannister/.git/objects/51/f265e9e1c7953c1d78dd872f02ce312a3c52d7' (4,948)
2026-09-21 05:33:58: Copy New 'C:/rock/bannister/.git/objects/52/1b891883d8b169607095b13e8aeeb1af692427' -> 'goodrive://www.googleapis.com/:personal:/bannister/.git/objects/52/1b891883d8b169607095b13e8aeeb1af692427' (325)
2026-09-21 05:33:58: Copy New 'C:/rock/bannister/.git/objects/51/f304dd38d0efd1ee0ad9c13de1876ee737ba4d' -> 'goodrive://www.googleapis.com/:personal:/bannister/.git/objects/51/f304dd38d0efd1ee0ad9c13de1876ee737ba4d' (517)
2026-09-21 05:33:59: Copy New 'C:/rock/bannister/.git/objects/56/da2884e055e144212ca9f764e3c5aeb55c85f1' -> 'goodrive://www.googleapis.com/:personal:/bannister/.git/objects/56/da2884e055e144212ca9f764e3c5aeb55c85f1' (14,282)
2026-09-21 05:34:00: Copy New 'C:/rock/bannister/.git/objects/65/57264298a3178bb7515f6561e4eb51b89c5d13' -> 'goodrive://www.googleapis.com/:personal:/bannister/.git/objects/65/57264298a3178bb7515f6561e4eb51b89c5d13' (517)
2026-09-21 05:34:00: Copy New 'C:/rock/bannister/.git/objects/59/7c5bd0aff144efa85b74e30abd68100e9b42dc' -> 'goodrive://www.googleapis.com/:personal:/bannister/.git/objects/59/7c5bd0aff144efa85b74e30abd68100e9b42dc' (517)
2026-09-21 05:34:01: Copy New 'C:/rock/bannister/.git/objects/67/32c3a6112357a9101b7cc33f2814c5ebb6a562' -> 'goodrive://www.googleapis.com/:personal:/bannister/.git/objects/67/32c3a6112357a9101b7cc33f2814c5ebb6a562' (616)
2026-09-21 05:34:03: Copy New 'C:/rock/bannister/.git/objects/68/d2c5cce7fbc62a4e15cd515b9bcfb517a78a59' -> 'goodrive://www.googleapis.com/:personal:/bannister/.git/objects/68/d2c5cce7fbc62a4e15cd515b9bcfb517a78a59' (487)
2026-09-21 05:34:03: Copy New 'C:/rock/bannister/.git/objects/69/ee318dcaad9a48dd17c959530c4a68fd919c36' -> 'goodrive://www.googleapis.com/:personal:/bannister/.git/objects/69/ee318dcaad9a48dd17c959530c4a68fd919c36' (11,735)
2026-09-21 05:34:04: Copy New 'C:/rock/bannister/.git/objects/70/f878fdbce8b35c101f5b39f76142e86cb1ca2c' -> 'goodrive://www.googleapis.com/:personal:/bannister/.git/objects/70/f878fdbce8b35c101f5b39f76142e86cb1ca2c' (338)
2026-09-21 05:34:04: Copy New 'C:/rock/bannister/.git/objects/76/0ad14dc9e3140007498d0d60e7d194e11b17c1' -> 'goodrive://www.googleapis.com/:personal:/bannister/.git/objects/76/0ad14dc9e3140007498d0d60e7d194e11b17c1' (617)
2026-09-21 05:34:05: Copy New 'C:/rock/bannister/.git/objects/7e/acdf38eab0537517181017ddfb55d1185eb0b6' -> 'goodrive://www.googleapis.com/:personal:/bannister/.git/objects/7e/acdf38eab0537517181017ddfb55d1185eb0b6' (12,269)
2026-09-21 05:34:06: Copy New 'C:/rock/bannister/.git/objects/81/169f31cf6c5fe7fb0910e0192532f26b5cd750' -> 'goodrive://www.googleapis.com/:personal:/bannister/.git/objects/81/169f31cf6c5fe7fb0910e0192532f26b5cd750' (4,949)
2026-09-21 05:34:07: Copy New 'C:/rock/bannister/.git/objects/85/3430fd6892de897b8d541af50ca963a1759f20' -> 'goodrive://www.googleapis.com/:personal:/bannister/.git/objects/85/3430fd6892de897b8d541af50ca963a1759f20' (487)
2026-09-21 05:34:07: Copy New 'C:/rock/bannister/.git/objects/87/0d1711824f89469ad1246b70ceea6a9597f135' -> 'goodrive://www.googleapis.com/:personal:/bannister/.git/objects/87/0d1711824f89469ad1246b70ceea6a9597f135' (516)
2026-09-21 05:34:08: Copy New 'C:/rock/bannister/.git/objects/87/8a1e8e2e56e401268a0f5162780157b82db6e4' -> 'goodrive://www.googleapis.com/:personal:/bannister/.git/objects/87/8a1e8e2e56e401268a0f5162780157b82db6e4' (342)
2026-09-21 05:34:08: Copy New 'C:/rock/bannister/.git/objects/8f/92b35fdc0b3277a202db87a44cfe3d02d03a44' -> 'goodrive://www.googleapis.com/:personal:/bannister/.git/objects/8f/92b35fdc0b3277a202db87a44cfe3d02d03a44' (617)
2026-09-21 05:34:09: Copy New 'C:/rock/bannister/.git/objects/92/60c898c493447bccacc6438e06271843825492' -> 'goodrive://www.googleapis.com/:personal:/bannister/.git/objects/92/60c898c493447bccacc6438e06271843825492' (14,258)
2026-09-21 05:34:10: Copy New 'C:/rock/bannister/.git/objects/93/1a42e052ac3de4d860488d711576116fb0cedb' -> 'goodrive://www.googleapis.com/:personal:/bannister/.git/objects/93/1a42e052ac3de4d860488d711576116fb0cedb' (617)
2026-09-21 05:34:10: Copy New 'C:/rock/bannister/.git/objects/94/3497259e63d6ecb902affbef13929a1f6699ba' -> 'goodrive://www.googleapis.com/:personal:/bannister/.git/objects/94/3497259e63d6ecb902affbef13929a1f6699ba' (4,951)
2026-09-21 05:34:11: Copy New 'C:/rock/bannister/.git/objects/97/930c3233ca4b470932157a5a6521719e2d5e0c' -> 'goodrive://www.googleapis.com/:personal:/bannister/.git/objects/97/930c3233ca4b470932157a5a6521719e2d5e0c' (487)
2026-09-21 05:34:12: Copy New 'C:/rock/bannister/.git/objects/9c/ccda30d60ec32b5ef5e763378fd0f653756f55' -> 'goodrive://www.googleapis.com/:personal:/bannister/.git/objects/9c/ccda30d60ec32b5ef5e763378fd0f653756f55' (112)
2026-09-21 05:34:12: Copy New 'C:/rock/bannister/.git/objects/a4/8a1279c94ef51dacd3cf10cd66494322a8a51d' -> 'goodrive://www.googleapis.com/:personal:/bannister/.git/objects/a4/8a1279c94ef51dacd3cf10cd66494322a8a51d' (516)
2026-09-21 05:34:13: Copy New 'C:/rock/bannister/.git/objects/a5/dde1fa9b3e25324453366f40e0e804847039eb' -> 'goodrive://www.googleapis.com/:personal:/bannister/.git/objects/a5/dde1fa9b3e25324453366f40e0e804847039eb' (389)
2026-09-21 05:34:14: Copy New 'C:/rock/bannister/.git/objects/b2/8379e0057f8fe0a886c8c0d393922f6fd0cc7a' -> 'goodrive://www.googleapis.com/:personal:/bannister/.git/objects/b2/8379e0057f8fe0a886c8c0d393922f6fd0cc7a' (11,624)
2026-09-21 05:34:15: Copy New 'C:/rock/bannister/.git/objects/b4/23bfc422fac2fd646a889ec75208600ba91352' -> 'goodrive://www.googleapis.com/:personal:/bannister/.git/objects/b4/23bfc422fac2fd646a889ec75208600ba91352' (4,949)
2026-09-21 05:34:15: Copy New 'C:/rock/bannister/.git/objects/b4/63135dcaaccf6f10ad2d884d538751ad9f9bed' -> 'goodrive://www.googleapis.com/:personal:/bannister/.git/objects/b4/63135dcaaccf6f10ad2d884d538751ad9f9bed' (4,947)
2026-09-21 05:34:16: Copy New 'C:/rock/bannister/.git/objects/b6/be516ce8a4d9e8fd494eb0afec347b41a3715d' -> 'goodrive://www.googleapis.com/:personal:/bannister/.git/objects/b6/be516ce8a4d9e8fd494eb0afec347b41a3715d' (12,210)
2026-09-21 05:34:17: Copy New 'C:/rock/bannister/.git/objects/bf/8821c73708677e402c5e2292fa1f1bc82fc475' -> 'goodrive://www.googleapis.com/:personal:/bannister/.git/objects/bf/8821c73708677e402c5e2292fa1f1bc82fc475' (697)
2026-09-21 05:34:17: Copy New 'C:/rock/bannister/.git/objects/c2/5b12a5eb7473f2e5906d509262af0edfbaf85d' -> 'goodrive://www.googleapis.com/:personal:/bannister/.git/objects/c2/5b12a5eb7473f2e5906d509262af0edfbaf85d' (4,948)
2026-09-21 05:34:18: Copy New 'C:/rock/bannister/.git/objects/c3/5bc2aee7dec2ab69c8da19b14f720896b23060' -> 'goodrive://www.googleapis.com/:personal:/bannister/.git/objects/c3/5bc2aee7dec2ab69c8da19b14f720896b23060' (4,949)
2026-09-21 05:34:19: Copy New 'C:/rock/bannister/.git/objects/c4/b9432e8c6dfa383da438f4b56a58ea59248888' -> 'goodrive://www.googleapis.com/:personal:/bannister/.git/objects/c4/b9432e8c6dfa383da438f4b56a58ea59248888' (20,568)
2026-09-21 05:34:19: Copy New 'C:/rock/bannister/.git/objects/c5/1e052c3b7a7e0d26b64a4fd00238328f079a47' -> 'goodrive://www.googleapis.com/:personal:/bannister/.git/objects/c5/1e052c3b7a7e0d26b64a4fd00238328f079a47' (3,457)
2026-09-21 05:34:20: Copy New 'C:/rock/bannister/.git/objects/c6/f9b11527cd3eb3bf078bee7d2b9d2607f98288' -> 'goodrive://www.googleapis.com/:personal:/bannister/.git/objects/c6/f9b11527cd3eb3bf078bee7d2b9d2607f98288' (616)
2026-09-21 05:34:21: Copy New 'C:/rock/bannister/.git/objects/c7/7dc87047148bada4169fe2cf9dd9acd66c1a20' -> 'goodrive://www.googleapis.com/:personal:/bannister/.git/objects/c7/7dc87047148bada4169fe2cf9dd9acd66c1a20' (310)
2026-09-21 05:34:21: Copy New 'C:/rock/bannister/.git/objects/c8/d486188da52488939d8c6b4b9b5c9dfca1802f' -> 'goodrive://www.googleapis.com/:personal:/bannister/.git/objects/c8/d486188da52488939d8c6b4b9b5c9dfca1802f' (617)
2026-09-21 05:34:22: Copy New 'C:/rock/bannister/.git/objects/cd/f2fcc9ab10da90cbaa78189722c4465931ac3a' -> 'goodrive://www.googleapis.com/:personal:/bannister/.git/objects/cd/f2fcc9ab10da90cbaa78189722c4465931ac3a' (387)
2026-09-21 05:34:23: Copy New 'C:/rock/bannister/.git/objects/ce/44ca818c3a844181f7191583172be2d27c263b' -> 'goodrive://www.googleapis.com/:personal:/bannister/.git/objects/ce/44ca818c3a844181f7191583172be2d27c263b' (617)
2026-09-21 05:34:23: Copy New 'C:/rock/bannister/.git/objects/d4/b8935223940f666f64f29dbd5f4b3ac7e7204a' -> 'goodrive://www.googleapis.com/:personal:/bannister/.git/objects/d4/b8935223940f666f64f29dbd5f4b3ac7e7204a' (338)
2026-09-21 05:34:24: Copy New 'C:/rock/bannister/.git/objects/d6/abbdb112687f52c3c30ec9c69b541b9c75a786' -> 'goodrive://www.googleapis.com/:personal:/bannister/.git/objects/d6/abbdb112687f52c3c30ec9c69b541b9c75a786' (3,487)
2026-09-21 05:34:25: Copy New 'C:/rock/bannister/.git/objects/d7/a6cd752d74b3e9bd92f51135b3493dc4bb0a3d' -> 'goodrive://www.googleapis.com/:personal:/bannister/.git/objects/d7/a6cd752d74b3e9bd92f51135b3493dc4bb0a3d' (3,317)
2026-09-21 05:34:25: Copy New 'C:/rock/bannister/.git/objects/e1/3c99e98989ebe559e2d9144c9e9e644f950b81' -> 'goodrive://www.googleapis.com/:personal:/bannister/.git/objects/e1/3c99e98989ebe559e2d9144c9e9e644f950b81' (487)
2026-09-21 05:34:26: Copy New 'C:/rock/bannister/.git/objects/e5/c44292dc8e11967341157923f35db5ef28aedd' -> 'goodrive://www.googleapis.com/:personal:/bannister/.git/objects/e5/c44292dc8e11967341157923f35db5ef28aedd' (12,216)
2026-09-21 05:34:27: Copy New 'C:/rock/bannister/.git/objects/e7/033a7bebfc2d78454457ec2aba7344f444adbe' -> 'goodrive://www.googleapis.com/:personal:/bannister/.git/objects/e7/033a7bebfc2d78454457ec2aba7344f444adbe' (617)
2026-09-21 05:34:27: Copy New 'C:/rock/bannister/.git/objects/ec/afcd03ded05bf595cc39c040072e277d4bf90a' -> 'goodrive://www.googleapis.com/:personal:/bannister/.git/objects/ec/afcd03ded05bf595cc39c040072e277d4bf90a' (517)
2026-09-21 05:34:28: Copy New 'C:/rock/bannister/.git/objects/ee/fbc71329d3730597a57b0ec44c1e1bd0c881f2' -> 'goodrive://www.googleapis.com/:personal:/bannister/.git/objects/ee/fbc71329d3730597a57b0ec44c1e1bd0c881f2' (487)
2026-09-21 05:34:29: Copy New 'C:/rock/bannister/.git/objects/f1/4083854c4787a0362470fac978cd9a61570edd' -> 'goodrive://www.googleapis.com/:personal:/bannister/.git/objects/f1/4083854c4787a0362470fac978cd9a61570edd' (379)
2026-09-21 05:34:30: Copy New 'C:/rock/bannister/.git/objects/f5/3707ec02a487b88e5eb8c842237563935c1062' -> 'goodrive://www.googleapis.com/:personal:/bannister/.git/objects/f5/3707ec02a487b88e5eb8c842237563935c1062' (14,258)
2026-09-21 05:34:30: Copy New 'C:/rock/bannister/.git/objects/f7/01832ee9dd643aa1fbb2afec350b053bb22820' -> 'goodrive://www.googleapis.com/:personal:/bannister/.git/objects/f7/01832ee9dd643aa1fbb2afec350b053bb22820' (617)
2026-09-21 05:34:31: Copy New 'C:/rock/bannister/.git/objects/f7/051ee0a595bf7de22357eb5607f60ba6d7b46c' -> 'goodrive://www.googleapis.com/:personal:/bannister/.git/objects/f7/051ee0a595bf7de22357eb5607f60ba6d7b46c' (487)
2026-09-21 05:34:32: Copy New 'C:/rock/bannister/.git/objects/f5/5cb928233df667fa8fcb73e36a3a22f284f41f' -> 'goodrive://www.googleapis.com/:personal:/bannister/.git/objects/f5/5cb928233df667fa8fcb73e36a3a22f284f41f' (316)
2026-09-21 05:34:35: Copy Over 'C:/rock/bannister/.git/refs/heads/main' -> 'goodrive://www.googleapis.com/:personal:/bannister/.git/refs/heads/main' (41)
2026-09-21 05:34:35: Copy Over 'C:/rock/bannister/.git/logs/refs/heads/main' -> 'goodrive://www.googleapis.com/:personal:/bannister/.git/logs/refs/heads/main' (838,390)
2026-09-21 05:34:35: Copy Over 'C:/rock/bannister/.git/refs/remotes/origin/main' -> 'goodrive://www.googleapis.com/:personal:/bannister/.git/refs/remotes/origin/main' (41)
2026-09-21 05:34:39: Copy Over 'C:/rock/bannister/.git/logs/refs/remotes/origin/main' -> 'goodrive://www.googleapis.com/:personal:/bannister/.git/logs/refs/remotes/origin/main' (84,560)
2026-09-21 05:34:39: Save State File C:/rock/bannister/_gsdata_/_file_state_v4._gs
2026-09-21 05:34:39: CopyFileSimple: UploadBuf: ERR: [SSL sending [-1] www.googleapis.com:443]: Connection was reset by remote machine
2026-09-21 05:34:39: Waiting for 0 + 0 of 4 sec on CopyFileSimple: UploadBuf: [SSL sending [-1] www.googleapis.com:443]: Connection was reset by remote machine
2026-09-21 05:34:44: Recovered the connection, continuing operations
2026-09-21 05:34:46: Save State File goodrive://www.googleapis.com/:personal:/bannister/_gsdata_/_file_state_v4._gs
2026-09-21 05:34:46: Release Snapshot of Volume C:
2026-09-21 05:34:50: == Sync Complete. Time: 00:04:16, Speed: 811.35 KB/s, OK: 225, Errors: 0
